Component: ARM Compiler 5.06 update 6 (build 750) Tool: armlink [4d35ed]

==============================================================================

Section Cross References

    startup_stm32g070xx.o(RESET) refers to startup_stm32g070xx.o(STACK) for __initial_sp
    startup_stm32g070xx.o(RESET) refers to startup_stm32g070xx.o(.text) for Reset_Handler
    startup_stm32g070xx.o(RESET) refers to stm32g0xx_it.o(i.NMI_Handler) for NMI_Handler
    startup_stm32g070xx.o(RESET) refers to stm32g0xx_it.o(i.HardFault_Handler) for HardFault_Handler
    startup_stm32g070xx.o(RESET) refers to stm32g0xx_it.o(i.SVC_Handler) for SVC_Handler
    startup_stm32g070xx.o(RESET) refers to stm32g0xx_it.o(i.PendSV_Handler) for PendSV_Handler
    startup_stm32g070xx.o(RESET) refers to stm32g0xx_it.o(i.SysTick_Handler) for SysTick_Handler
    startup_stm32g070xx.o(RESET) refers to stm32g0xx_it.o(i.TIM3_IRQHandler) for TIM3_IRQHandler
    startup_stm32g070xx.o(RESET) refers to stm32g0xx_it.o(i.USART1_IRQHandler) for USART1_IRQHandler
    startup_stm32g070xx.o(RESET) refers to stm32g0xx_it.o(i.USART2_IRQHandler) for USART2_IRQHandler
    startup_stm32g070xx.o(.text) refers to system_stm32g0xx.o(i.SystemInit) for SystemInit
    startup_stm32g070xx.o(.text) refers to entry.o(.ARM.Collect$$$$00000000) for __main
    main.o(i.HAL_TIM_PeriodElapsedCallback) refers to fat_core.o(i.fat_tim_proc) for fat_tim_proc
    main.o(i.HAL_TIM_PeriodElapsedCallback) refers to stm32g0xx_hal_gpio.o(i.HAL_GPIO_TogglePin) for HAL_GPIO_TogglePin
    main.o(i.HAL_TIM_PeriodElapsedCallback) refers to main.o(.data) for .data
    main.o(i.HAL_UART_RxCpltCallback) refers to fat_core.o(i.fat_uart_recv_proc) for fat_uart_recv_proc
    main.o(i.HAL_UART_RxCpltCallback) refers to stm32g0xx_hal_uart.o(i.HAL_UART_Receive_IT) for HAL_UART_Receive_IT
    main.o(i.HAL_UART_RxCpltCallback) refers to main.o(.data) for .data
    main.o(i.HAL_UART_RxCpltCallback) refers to usart.o(.bss) for huart2
    main.o(i.SystemClock_Config) refers to memseta.o(.text) for __aeabi_memclr4
    main.o(i.SystemClock_Config) refers to stm32g0xx_hal_pwr_ex.o(i.HAL_PWREx_ControlVoltageScaling) for HAL_PWREx_ControlVoltageScaling
    main.o(i.SystemClock_Config) refers to stm32g0xx_hal_rcc.o(i.HAL_RCC_OscConfig) for HAL_RCC_OscConfig
    main.o(i.SystemClock_Config) refers to stm32g0xx_hal_rcc.o(i.HAL_RCC_ClockConfig) for HAL_RCC_ClockConfig
    main.o(i.SystemClock_Config) refers to stm32g0xx_hal_rcc_ex.o(i.HAL_RCCEx_PeriphCLKConfig) for HAL_RCCEx_PeriphCLKConfig
    main.o(i.fputc) refers to stm32g0xx_hal_uart.o(i.HAL_UART_Transmit) for HAL_UART_Transmit
    main.o(i.fputc) refers to usart.o(.bss) for huart1
    main.o(i.main) refers to stm32g0xx_hal.o(i.HAL_Init) for HAL_Init
    main.o(i.main) refers to main.o(i.SystemClock_Config) for SystemClock_Config
    main.o(i.main) refers to gpio.o(i.MX_GPIO_Init) for MX_GPIO_Init
    main.o(i.main) refers to tim.o(i.MX_TIM3_Init) for MX_TIM3_Init
    main.o(i.main) refers to usart.o(i.MX_USART1_UART_Init) for MX_USART1_UART_Init
    main.o(i.main) refers to usart.o(i.MX_USART2_UART_Init) for MX_USART2_UART_Init
    main.o(i.main) refers to stm32g0xx_hal_tim.o(i.HAL_TIM_Base_Start_IT) for HAL_TIM_Base_Start_IT
    main.o(i.main) refers to stm32g0xx_hal_uart.o(i.HAL_UART_Receive_IT) for HAL_UART_Receive_IT
    main.o(i.main) refers to stm32g0xx_hal_gpio.o(i.HAL_GPIO_WritePin) for HAL_GPIO_WritePin
    main.o(i.main) refers to fat_core.o(i.reg_fat_uart_send_byte) for reg_fat_uart_send_byte
    main.o(i.main) refers to lte_demo.o(i.module_MQTT) for module_MQTT
    main.o(i.main) refers to tim.o(.bss) for htim3
    main.o(i.main) refers to main.o(.data) for .data
    main.o(i.main) refers to usart.o(.bss) for huart1
    main.o(i.main) refers to usart.o(i.uart2_send_byte) for uart2_send_byte
    gpio.o(i.MX_GPIO_Init) refers to memseta.o(.text) for __aeabi_memclr4
    gpio.o(i.MX_GPIO_Init) refers to stm32g0xx_hal_gpio.o(i.HAL_GPIO_WritePin) for HAL_GPIO_WritePin
    gpio.o(i.MX_GPIO_Init) refers to stm32g0xx_hal_gpio.o(i.HAL_GPIO_Init) for HAL_GPIO_Init
    tim.o(i.HAL_TIM_Base_MspDeInit) refers to stm32g0xx_hal_cortex.o(i.HAL_NVIC_DisableIRQ) for HAL_NVIC_DisableIRQ
    tim.o(i.HAL_TIM_Base_MspInit) refers to stm32g0xx_hal_cortex.o(i.HAL_NVIC_SetPriority) for HAL_NVIC_SetPriority
    tim.o(i.HAL_TIM_Base_MspInit) refers to stm32g0xx_hal_cortex.o(i.HAL_NVIC_EnableIRQ) for HAL_NVIC_EnableIRQ
    tim.o(i.MX_TIM3_Init) refers to stm32g0xx_hal_tim.o(i.HAL_TIM_Base_Init) for HAL_TIM_Base_Init
    tim.o(i.MX_TIM3_Init) refers to main.o(i.Error_Handler) for Error_Handler
    tim.o(i.MX_TIM3_Init) refers to stm32g0xx_hal_tim.o(i.HAL_TIM_ConfigClockSource) for HAL_TIM_ConfigClockSource
    tim.o(i.MX_TIM3_Init) refers to stm32g0xx_hal_tim_ex.o(i.HAL_TIMEx_MasterConfigSynchronization) for HAL_TIMEx_MasterConfigSynchronization
    tim.o(i.MX_TIM3_Init) refers to tim.o(.bss) for .bss
[...]
    Removing stm32g0xx_hal.o(i.HAL_DeInit), (40 bytes).
    Removing stm32g0xx_hal.o(i.HAL_Delay), (36 bytes).
    Removing stm32g0xx_hal.o(i.HAL_GetDEVID), (16 bytes).
    Removing stm32g0xx_hal.o(i.HAL_GetHalVersion), (8 bytes).
    Removing stm32g0xx_hal.o(i.HAL_GetREVID), (12 bytes).
    Removing stm32g0xx_hal.o(i.HAL_GetTickFreq), (12 bytes).
    Removing stm32g0xx_hal.o(i.HAL_GetTickPrio), (12 bytes).
    Removing stm32g0xx_hal.o(i.HAL_GetUIDw0), (12 bytes).
    Removing stm32g0xx_hal.o(i.HAL_GetUIDw1), (12 bytes).
    Removing stm32g0xx_hal.o(i.HAL_GetUIDw2), (12 bytes).
    Removing stm32g0xx_hal.o(i.HAL_MspDeInit), (2 bytes).
    Removing stm32g0xx_hal.o(i.HAL_MspInit), (2 bytes).
    Removing stm32g0xx_hal.o(i.HAL_ResumeTick), (16 bytes).
    Removing stm32g0xx_hal.o(i.HAL_SYSCFG_DisableIOAnalogSwitchBooster), (16 bytes).
    Removing stm32g0xx_hal.o(i.HAL_SYSCFG_DisableRemap), (16 bytes).
    Removing stm32g0xx_hal.o(i.HAL_SYSCFG_EnableIOAnalogSwitchBooster), (16 bytes).
    Removing stm32g0xx_hal.o(i.HAL_SYSCFG_EnableRemap), (16 bytes).
    Removing stm32g0xx_hal.o(i.HAL_SetTickFreq), (36 bytes).
    Removing stm32g0xx_hal.o(i.HAL_SuspendTick), (16 bytes).
    Removing stm32g0xx_hal_exti.o(.rev16_text), (4 bytes).
    Removing stm32g0xx_hal_exti.o(.revsh_text), (4 bytes).
    Removing stm32g0xx_hal_exti.o(i.HAL_EXTI_ClearConfigLine), (120 bytes).
    Removing stm32g0xx_hal_exti.o(i.HAL_EXTI_ClearPending), (40 bytes).
    Removing stm32g0xx_hal_exti.o(i.HAL_EXTI_GenerateSWI), (28 bytes).
    Removing stm32g0xx_hal_exti.o(i.HAL_EXTI_GetConfigLine), (168 bytes).
    Removing stm32g0xx_hal_exti.o(i.HAL_EXTI_GetHandle), (14 bytes).
    Removing stm32g0xx_hal_exti.o(i.HAL_EXTI_GetPending), (44 bytes).
    Removing stm32g0xx_hal_exti.o(i.HAL_EXTI_IRQHandler), (68 bytes).
    Removing stm32g0xx_hal_exti.o(i.HAL_EXTI_RegisterCallback), (30 bytes).
    Removing stm32g0xx_hal_exti.o(i.HAL_EXTI_SetConfigLine), (172 bytes).
    Removing stm32g0xx_hal_uart.o(.rev16_text), (4 bytes).
    Removing stm32g0xx_hal_uart.o(.revsh_text), (4 bytes).
    Removing stm32g0xx_hal_uart.o(i.HAL_HalfDuplex_EnableReceiver), (54 bytes).
    Removing stm32g0xx_hal_uart.o(i.HAL_HalfDuplex_EnableTransmitter), (54 bytes).
    Removing stm32g0xx_hal_uart.o(i.HAL_HalfDuplex_Init), (118 bytes).
    Removing stm32g0xx_hal_uart.o(i.HAL_LIN_Init), (146 bytes).
    Removing stm32g0xx_hal_uart.o(i.HAL_LIN_SendBreak), (42 bytes).
    Removing stm32g0xx_hal_uart.o(i.HAL_MultiProcessor_DisableMuteMode), (46 bytes).
    Removing stm32g0xx_hal_uart.o(i.HAL_MultiProcessor_EnableMuteMode), (46 bytes).
    Removing stm32g0xx_hal_uart.o(i.HAL_MultiProcessor_EnterMuteMode), (12 bytes).
    Removing stm32g0xx_hal_uart.o(i.HAL_MultiProcessor_Init), (144 bytes).
    Removing stm32g0xx_hal_uart.o(i.HAL_UART_Abort), (204 bytes).
    Removing stm32g0xx_hal_uart.o(i.HAL_UART_AbortCpltCallback), (2 bytes).
    Removing stm32g0xx_hal_uart.o(i.HAL_UART_AbortReceive), (136 bytes).
    Removing stm32g0xx_hal_uart.o(i.HAL_UART_AbortReceiveCpltCallback), (2 bytes).
    Removing stm32g0xx_hal_uart.o(i.HAL_UART_AbortReceive_IT), (152 bytes).
    Removing stm32g0xx_hal_uart.o(i.HAL_UART_AbortTransmit), (116 bytes).
    Removing stm32g0xx_hal_uart.o(i.HAL_UART_AbortTransmitCpltCallback), (2 bytes).
    Removing stm32g0xx_hal_uart.o(i.HAL_UART_AbortTransmit_IT), (128 bytes).
    Removing stm32g0xx_hal_uart.o(i.HAL_UART_Abort_IT), (248 bytes).
    Removing stm32g0xx_hal_uart.o(i.HAL_UART_DMAPause), (94 bytes).
    Removing stm32g0xx_hal_uart.o(i.HAL_UART_DMAResume), (86 bytes).
    Removing stm32g0xx_hal_uart.o(i.HAL_UART_DMAStop), (126 bytes).
    Removing stm32g0xx_hal_uart.o(i.HAL_UART_DeInit), (64 bytes).
    Removing stm32g0xx_hal_uart.o(i.HAL_UART_DisableReceiverTimeout), (50 bytes).
    Removing stm32g0xx_hal_uart.o(i.HAL_UART_EnableReceiverTimeout), (50 bytes).
    Removing stm32g0xx_hal_uart.o(i.HAL_UART_GetError), (6 bytes).
    Removing stm32g0xx_hal_uart.o(i.HAL_UART_GetState), (12 bytes).
    Removing stm32g0xx_hal_uart.o(i.HAL_UART_MspDeInit), (2 bytes).
    Removing stm32g0xx_hal_uart.o(i.HAL_UART_MspInit), (2 bytes).
    Removing stm32g0xx_hal_uart.o(i.HAL_UART_Receive), (276 bytes).
    Removing stm32g0xx_hal_uart.o(i.HAL_UART_Receive_DMA), (68 bytes).
    Removing stm32g0xx_hal_uart.o(i.HAL_UART_ReceiverTimeout_Config), (14 bytes).
    Removing stm32g0xx_hal_uart.o(i.HAL_UART_RxCpltCallback), (2 bytes).
    Removing stm32g0xx_hal_uart.o(i.HAL_UART_RxHalfCpltCallback), (2 bytes).
    Removing stm32g0xx_hal_uart.o(i.HAL_UART_Transmit_DMA), (172 bytes).
    Removing stm32g0xx_hal_uart.o(i.HAL_UART_Transmit_IT), (168 bytes).
    Removing stm32g0xx_hal_uart.o(i.HAL_UART_TxHalfCpltCallback), (2 bytes).
    Removing stm32g0xx_hal_uart.o(i.UART_DMAError), (78 bytes).
    Removing stm32g0xx_hal_uart.o(i.UART_DMAReceiveCplt), (96 bytes).
    Removing stm32g0xx_hal_uart.o(i.UART_DMARxAbortCallback), (64 bytes).
    Removing stm32g0xx_hal_uart.o(i.UART_DMARxHalfCplt), (28 bytes).
    Removing stm32g0xx_hal_uart.o(i.UART_DMARxOnlyAbortCallback), (40 bytes).
    Removing stm32g0xx_hal_uart.o(i.UART_DMATransmitCplt), (48 bytes).
    Removing stm32g0xx_hal_uart.o(i.UART_DMATxAbortCallback), (74 bytes).
    Removing stm32g0xx_hal_uart.o(i.UART_DMATxHalfCplt), (10 bytes).
    Removing stm32g0xx_hal_uart.o(i.UART_DMATxOnlyAbortCallback), (42 bytes).
    Removing stm32g0xx_hal_uart.o(i.UART_EndTxTransfer), (30 bytes).
    Removing stm32g0xx_hal_uart.o(i.UART_Start_Receive_DMA), (132 bytes).
    Removing stm32g0xx_hal_uart.o(i.UART_TxISR_16BIT), (66 bytes).
    Removing stm32g0xx_hal_uart.o(i.UART_TxISR_16BIT_FIFOEN), (88 bytes).
    Removing stm32g0xx_hal_uart.o(i.UART_TxISR_8BIT), (62 bytes).
    Removing stm32g0xx_hal_uart.o(i.UART_TxISR_8BIT_FIFOEN), (84 bytes).
    Removing stm32g0xx_hal_uart_ex.o(.rev16_text), (4 bytes).
    Removing stm32g0xx_hal_uart_ex.o(.revsh_text), (4 bytes).
    Removing stm32g0xx_hal_uart_ex.o(i.HAL_MultiProcessorEx_AddressLength_Set), (54 bytes).
    Removing stm32g0xx_hal_uart_ex.o(i.HAL_RS485Ex_Init), (144 bytes).
    Removing stm32g0xx_hal_uart_ex.o(i.HAL_UARTEx_DisableStopMode), (34 bytes).
    Removing stm32g0xx_hal_uart_ex.o(i.HAL_UARTEx_EnableFifoMode), (62 bytes).
    Removing stm32g0xx_hal_uart_ex.o(i.HAL_UARTEx_EnableStopMode), (34 bytes).
    Removing stm32g0xx_hal_uart_ex.o(i.HAL_UARTEx_ReceiveToIdle), (340 bytes).
    Removing stm32g0xx_hal_uart_ex.o(i.HAL_UARTEx_ReceiveToIdle_DMA), (92 bytes).
    Removing stm32g0xx_hal_uart_ex.o(i.HAL_UARTEx_ReceiveToIdle_IT), (92 bytes).
    Removing stm32g0xx_hal_uart_ex.o(i.HAL_UARTEx_StopModeWakeUpSourceConfig), (152 bytes).
    Removing system_stm32g0xx.o(.rev16_text), (4 bytes).
    Removing system_stm32g0xx.o(.revsh_text), (4 bytes).
    Removing system_stm32g0xx.o(i.SystemCoreClockUpdate), (144 bytes).
    Removing stm32g0xx_hal_tim.o(i.__ARM_common_switch8), (26 bytes).

416 unused section(s) (total 30671 bytes) removed from the image.

==============================================================================

Image Symbol Table

    Local Symbols

    Symbol Name                              Value     Ov Type        Size  Object(Section)

    ../Core/Src/gpio.c                       0x00000000   Number         0  gpio.o ABSOLUTE
    ../Core/Src/main.c                       0x00000000   Number         0  main.o ABSOLUTE
    ../Core/Src/stm32g0xx_hal_msp.c          0x00000000   Number         0  stm32g0xx_hal_msp.o ABSOLUTE
    ../Core/Src/stm32g0xx_it.c               0x00000000   Number         0  stm32g0xx_it.o ABSOLUTE
    ../Core/Src/system_stm32g0xx.c           0x00000000   Number         0  system_stm32g0xx.o ABSOLUTE
    ../Core/Src/tim.c                        0x00000000   Number         0  tim.o ABSOLUTE
    ../Core/Src/usart.c                      0x00000000   Number         0  usart.o ABSOLUTE
    ../Drivers/STM32G0xx_HAL_Driver/Src/stm32g0xx_hal.c 0x00000000   Number         0  stm32g0xx_hal.o ABSOLUTE
    ../Drivers/STM32G0xx_HAL_Driver/Src/stm32g0xx_hal_cortex.c 0x00000000   Number         0  stm32g0xx_hal_cortex.o ABSOLUTE
    ../Drivers/STM32G0xx_HAL_Driver/Src/stm32g0xx_hal_dma.c 0x00000000   Number         0  stm32g0xx_hal_dma.o ABSOLUTE
    ../Drivers/STM32G0xx_HAL_Driver/Src/stm32g0xx_hal_dma_ex.c 0x00000000   Number         0  stm32g0xx_hal_dma_ex.o ABSOLUTE
    ../Drivers/STM32G0xx_HAL_Driver/Src/stm32g0xx_hal_exti.c 0x00000000   Number         0  stm32g0xx_hal_exti.o ABSOLUTE
    ../Drivers/STM32G0xx_HAL_Driver/Src/stm32g0xx_hal_flash.c 0x00000000   Number         0  stm32g0xx_hal_flash.o ABSOLUTE
    ../Drivers/STM32G0xx_HAL_Driver/Src/stm32g0xx_hal_flash_ex.c 0x00000000   Number         0  stm32g0xx_hal_flash_ex.o ABSOLUTE
    ../Drivers/STM32G0xx_HAL_Driver/Src/stm32g0xx_hal_gpio.c 0x00000000   Number         0  stm32g0xx_hal_gpio.o ABSOLUTE
    ../Drivers/STM32G0xx_HAL_Driver/Src/stm32g0xx_hal_pwr.c 0x00000000   Number         0  stm32g0xx_hal_pwr.o ABSOLUTE
    ../Drivers/STM32G0xx_HAL_Driver/Src/stm32g0xx_hal_pwr_ex.c 0x00000000   Number         0  stm32g0xx_hal_pwr_ex.o ABSOLUTE
    ../Drivers/STM32G0xx_HAL_Driver/Src/stm32g0xx_hal_rcc.c 0x00000000   Number         0  stm32g0xx_hal_rcc.o ABSOLUTE
    ../Drivers/STM32G0xx_HAL_Driver/Src/stm32g0xx_hal_rcc_ex.c 0x00000000   Number         0  stm32g0xx_hal_rcc_ex.o ABSOLUTE
    ../Drivers/STM32G0xx_HAL_Driver/Src/stm32g0xx_hal_tim.c 0x00000000   Number         0  stm32g0xx_hal_tim.o ABSOLUTE
    ../Drivers/STM32G0xx_HAL_Driver/Src/stm32g0xx_hal_tim_ex.c 0x00000000   Number         0  stm32g0xx_hal_tim_ex.o ABSOLUTE
    ../Drivers/STM32G0xx_HAL_Driver/Src/stm32g0xx_hal_uart.c 0x00000000   Number         0  stm32g0xx_hal_uart.o ABSOLUTE
    ../Drivers/STM32G0xx_HAL_Driver/Src/stm32g0xx_hal_uart_ex.c 0x00000000   Number         0  stm32g0xx_hal_uart_ex.o ABSOLUTE
    ../Drivers/STM32G0xx_HAL_Driver/Src/stm32g0xx_ll_dma.c 0x00000000   Number         0  stm32g0xx_ll_dma.o ABSOLUTE
    ../Drivers/STM32G0xx_HAL_Driver/Src/stm32g0xx_ll_rcc.c 0x00000000   Number         0  stm32g0xx_ll_rcc.o ABSOLUTE
    ../clib/microlib/ctype/ctype.c           0x00000000   Number         0  ctype_o.o ABSOLUTE
    ../clib/microlib/ctype/ctype.c           0x00000000   Number         0  isalnum_o.o ABSOLUTE
    ../clib/microlib/ctype/ctype.c           0x00000000   Number         0  isalpha_o.o ABSOLUTE
    ../clib/microlib/ctype/ctype.c           0x00000000   Number         0  isxdigit_o.o ABSOLUTE
    ../clib/microlib/ctype/ctype.c           0x00000000   Number         0  isupper_o.o ABSOLUTE
    ../clib/microlib/ctype/ctype.c           0x00000000   Number         0  isblank_o.o ABSOLUTE
    ../clib/microlib/ctype/ctype.c           0x00000000   Number         0  isspace_o.o ABSOLUTE
    ../clib/microlib/ctype/ctype.c           0x00000000   Number         0  ispunct_o.o ABSOLUTE
    ../clib/microlib/ctype/ctype.c           0x00000000   Number         0  islower_o.o ABSOLUTE
    ../clib/microlib/ctype/ctype.c           0x00000000   Number         0  isgraph_o.o ABSOLUTE
    ../clib/microlib/ctype/ctype.c           0x00000000   Number         0  isdigit_o.o ABSOLUTE
    ../clib/microlib/ctype/ctype.c           0x00000000   Number         0  iscntrl_o.o ABSOLUTE
    ../clib/microlib/ctype/ctype.c           0x00000000   Number         0  isprint_o.o ABSOLUTE
    ../clib/microlib/division.c              0x00000000   Number         0  uidiv.o ABSOLUTE
    ../clib/microlib/division.c              0x00000000   Number         0  uldiv.o ABSOLUTE
    ../clib/microlib/errno.c                 0x00000000   Number         0  errno.o ABSOLUTE
    ../clib/microlib/init/entry.s            0x00000000   Number         0  entry7b.o ABSOLUTE
    ../clib/microlib/init/entry.s            0x00000000   Number         0  entry7a.o ABSOLUTE
    ../clib/microlib/init/entry.s            0x00000000   Number         0  entry2.o ABSOLUTE
    ../clib/microlib/init/entry.s            0x00000000   Number         0  entry11a.o ABSOLUTE
    ../clib/microlib/init/entry.s            0x00000000   Number         0  entry11b.o ABSOLUTE
    ../clib/microlib/init/entry.s            0x00000000   Number         0  entry5.o ABSOLUTE
    ../clib/microlib/init/entry.s            0x00000000   Number         0  entry10b.o ABSOLUTE
    ../clib/microlib/init/entry.s            0x00000000   Number         0  entry10a.o ABSOLUTE
    ../clib/microlib/init/entry.s            0x00000000   Number         0  entry.o ABSOLUTE
    ../clib/microlib/init/entry.s            0x00000000   Number         0  entry9b.o ABSOLUTE
    ../clib/microlib/init/entry.s            0x00000000   Number         0  entry9a.o ABSOLUTE
    ../clib/microlib/init/entry.s            0x00000000   Number         0  entry8b.o ABSOLUTE
    ../clib/microlib/init/entry.s            0x00000000   Number         0  entry8a.o ABSOLUTE
    ../clib/microlib/longlong.c              0x00000000   Number         0  llushr.o ABSOLUTE
    ../clib/microlib/longlong.c              0x00000000   Number         0  llsshr.o ABSOLUTE
    ../clib/microlib/longlong.c              0x00000000   Number         0  llshl.o ABSOLUTE
    ../clib/microlib/printf/printf.c         0x00000000   Number         0  printf8.o ABSOLUTE
    ../clib/microlib/printf/printf.c         0x00000000   Number         0  printf2.o ABSOLUTE
    ../clib/microlib/printf/printf.c         0x00000000   Number         0  printf3.o ABSOLUTE
    ../clib/microlib/printf/printf.c         0x00000000   Number         0  printfa.o ABSOLUTE
    ../clib/microlib/printf/printf.c         0x00000000   Number         0  printf4.o ABSOLUTE
    ../clib/microlib/printf/printf.c         0x00000000   Number         0  printf5.o ABSOLUTE
    ../clib/microlib/printf/printf.c         0x00000000   Number         0  printf6.o ABSOLUTE
    ../clib/microlib/printf/printf.c         0x00000000   Number         0  printf7.o ABSOLUTE
    ../clib/microlib/printf/printf.c         0x00000000   Number         0  printfb.o ABSOLUTE
    ../clib/microlib/printf/printf.c         0x00000000   Number         0  printf0.o ABSOLUTE
    ../clib/microlib/printf/printf.c         0x00000000   Number         0  printf1.o ABSOLUTE
    ../clib/microlib/printf/stubs.s          0x00000000   Number         0  stubs.o ABSOLUTE
    ../clib/microlib/stdio/streams.c         0x00000000   Number         0  stdout.o ABSOLUTE
    ../clib/microlib/string/memcpy.c         0x00000000   Number         0  memcpya.o ABSOLUTE
    ../clib/microlib/string/memcpy.c         0x00000000   Number         0  memcpyb.o ABSOLUTE
    ../clib/microlib/string/memset.c         0x00000000   Number         0  memseta.o ABSOLUTE
    ../clib/microlib/string/strlen.c         0x00000000   Number         0  strlen.o ABSOLUTE
    ../clib/microlib/string/strstr.c         0x00000000   Number         0  strstr.o ABSOLUTE
    ../clib/microlib/stubs.s                 0x00000000   Number         0  iusefp.o ABSOLUTE
    ../clib/scanf.c                          0x00000000   Number         0  atoi.o ABSOLUTE
    ../clib/scanf.c                          0x00000000   Number         0  _chval.o ABSOLUTE
    ../clib/scanf.c                          0x00000000   Number         0  _strtoul.o ABSOLUTE
    ../clib/scanf.c                          0x00000000   Number         0  strtol.o ABSOLUTE
    ../fplib/microlib/fpadd.c                0x00000000   Number         0  dadd.o ABSOLUTE
    ../fplib/microlib/fpdiv.c                0x00000000   Number         0  ddiv.o ABSOLUTE
    ../fplib/microlib/fpepilogue.c           0x00000000   Number         0  depilogue.o ABSOLUTE
    ../fplib/microlib/fpfix.c                0x00000000   Number         0  dfixul.o ABSOLUTE
    ../fplib/microlib/fpmul.c                0x00000000   Number         0  dmul.o ABSOLUTE
    ..\Core\Src\gpio.c                       0x00000000   Number         0  gpio.o ABSOLUTE
    ..\Core\Src\main.c                       0x00000000   Number         0  main.o ABSOLUTE
    ..\Core\Src\stm32g0xx_hal_msp.c          0x00000000   Number         0  stm32g0xx_hal_msp.o ABSOLUTE
    ..\Core\Src\stm32g0xx_it.c               0x00000000   Number         0  stm32g0xx_it.o ABSOLUTE
    ..\Core\Src\system_stm32g0xx.c           0x00000000   Number         0  system_stm32g0xx.o ABSOLUTE
    ..\Core\Src\tim.c                        0x00000000   Number         0  tim.o ABSOLUTE
    ..\Core\Src\usart.c                      0x00000000   Number         0  usart.o ABSOLUTE
    ..\Drivers\STM32G0xx_HAL_Driver\Src\stm32g0xx_hal.c 0x00000000   Number         0  stm32g0xx_hal.o ABSOLUTE
    ..\Drivers\STM32G0xx_HAL_Driver\Src\stm32g0xx_hal_cortex.c 0x00000000   Number         0  stm32g0xx_hal_cortex.o ABSOLUTE
    ..\Drivers\STM32G0xx_HAL_Driver\Src\stm32g0xx_hal_dma.c 0x00000000   Number         0  stm32g0xx_hal_dma.o ABSOLUTE
    ..\Drivers\STM32G0xx_HAL_Driver\Src\stm32g0xx_hal_dma_ex.c 0x00000000   Number         0  stm32g0xx_hal_dma_ex.o ABSOLUTE
    ..\Drivers\STM32G0xx_HAL_Driver\Src\stm32g0xx_hal_exti.c 0x00000000   Number         0  stm32g0xx_hal_exti.o ABSOLUTE
    ..\Drivers\STM32G0xx_HAL_Driver\Src\stm32g0xx_hal_flash.c 0x00000000   Number         0  stm32g0xx_hal_flash.o ABSOLUTE
    ..\Drivers\STM32G0xx_HAL_Driver\Src\stm32g0xx_hal_flash_ex.c 0x00000000   Number         0  stm32g0xx_hal_flash_ex.o ABSOLUTE
    ..\Drivers\STM32G0xx_HAL_Driver\Src\stm32g0xx_hal_gpio.c 0x00000000   Number         0  stm32g0xx_hal_gpio.o ABSOLUTE
    ..\Drivers\STM32G0xx_HAL_Driver\Src\stm32g0xx_hal_pwr.c 0x00000000   Number         0  stm32g0xx_hal_pwr.o ABSOLUTE
    ..\Drivers\STM32G0xx_HAL_Driver\Src\stm32g0xx_hal_pwr_ex.c 0x00000000   Number         0  stm32g0xx_hal_pwr_ex.o ABSOLUTE
    ..\Drivers\STM32G0xx_HAL_Driver\Src\stm32g0xx_hal_rcc.c 0x00000000   Number         0  stm32g0xx_hal_rcc.o ABSOLUTE
    ..\Drivers\STM32G0xx_HAL_Driver\Src\stm32g0xx_hal_rcc_ex.c 0x00000000   Number         0  stm32g0xx_hal_rcc_ex.o ABSOLUTE
    ..\Drivers\STM32G0xx_HAL_Driver\Src\stm32g0xx_hal_tim.c 0x00000000   Number         0  stm32g0xx_hal_tim.o ABSOLUTE
    ..\Drivers\STM32G0xx_HAL_Driver\Src\stm32g0xx_hal_tim_ex.c 0x00000000   Number         0  stm32g0xx_hal_tim_ex.o ABSOLUTE
    ..\Drivers\STM32G0xx_HAL_Driver\Src\stm32g0xx_hal_uart.c 0x00000000   Number         0  stm32g0xx_hal_uart.o ABSOLUTE
    ..\Drivers\STM32G0xx_HAL_Driver\Src\stm32g0xx_hal_uart_ex.c 0x00000000   Number         0  stm32g0xx_hal_uart_ex.o ABSOLUTE
    ALARM_CAT_LOR\\lte_demo.c                0x00000000   Number         0  lte_demo.o ABSOLUTE
    ALARM_CAT_LOR\\to_pass.c                 0x00000000   Number         0  to_pass.o ABSOLUTE
    ALARM_CAT_LOR\fat_core.c                 0x00000000   Number         0  fat_core.o ABSOLUTE
    ALARM_CAT_LOR\lte_demo.c                 0x00000000   Number         0  lte_demo.o ABSOLUTE
    ALARM_CAT_LOR\to_pass.c                  0x00000000   Number         0  to_pass.o ABSOLUTE
    cdrcmple.s                               0x00000000   Number         0  cdrcmple.o ABSOLUTE
    dc.s                                     0x00000000   Number         0  dc.o ABSOLUTE
    handlers.s                               0x00000000   Number         0  handlers.o ABSOLUTE
    init.s                                   0x00000000   Number         0  init.o ABSOLUTE
    startup_stm32g070xx.s                    0x00000000   Number         0  startup_stm32g070xx.o ABSOLUTE
    RESET                                    0x08000000   Section      184  startup_stm32g070xx.o(RESET)
    .ARM.Collect$$$$00000000                 0x080000b8   Section        0  entry.o(.ARM.Collect$$$$00000000)
    .ARM.Collect$$$$00000001                 0x080000b8   Section        4  entry2.o(.ARM.Collect$$$$00000001)
    .ARM.Collect$$$$00000004                 0x080000bc   Section        4  entry5.o(.ARM.Collect$$$$00000004)
    .ARM.Collect$$$$00000008                 0x080000c0   Section        0  entry7b.o(.ARM.Collect$$$$00000008)
    .ARM.Collect$$$$0000000A                 0x080000c0   Section        0  entry8b.o(.ARM.Collect$$$$0000000A)
    .ARM.Collect$$$$0000000B                 0x080000c0   Section        8  entry9a.o(.ARM.Collect$$$$0000000B)
    .ARM.Collect$$$$0000000D                 0x080000c8   Section        0  entry10a.o(.ARM.Collect$$$$0000000D)
    .ARM.Collect$$$$0000000F                 0x080000c8   Section        0  entry11a.o(.ARM.Collect$$$$0000000F)
    .ARM.Collect$$$$00002712                 0x080000c8   Section        4  entry2.o(.ARM.Collect$$$$00002712)
    __lit__00000000                          0x080000c8   Data           4  entry2.o(.ARM.Collect$$$$00002712)
    .text                                    0x080000cc   Section       28  startup_stm32g070xx.o(.text)
    .text                                    0x080000e8   Section        0  uidiv.o(.text)
    .text                                    0x08000114   Section        0  memcpya.o(.text)
    .text                                    0x08000138   Section        0  memseta.o(.text)
    .text                                    0x0800015c   Section        0  strstr.o(.text)
    .text                                    0x08000184   Section        0  strlen.o(.text)
    .text                                    0x08000192   Section        0  atoi.o(.text)
    .text                                    0x080001ac   Section        0  uldiv.o(.text)
    .text                                    0x0800020c   Section        0  strtol.o(.text)
    .text                                    0x0800027c   Section        0  iusefp.o(.text)
    .text                                    0x0800027c   Section        0  dadd.o(.text)
    .text                                    0x080003e0   Section        0  dmul.o(.text)
    .text                                    0x080004b0   Section        0  ddiv.o(.text)
    .text                                    0x080005a0   Section        0  dfixul.o(.text)
    .text                                    0x080005e0   Section       40  cdrcmple.o(.text)
    .text                                    0x08000608   Section       36  init.o(.text)
    .text                                    0x0800062c   Section        0  llshl.o(.text)
    .text                                    0x0800064c   Section        0  llushr.o(.text)
    .text                                    0x0800066e   Section        0  llsshr.o(.text)
    .text                                    0x08000694   Section        0  ctype_o.o(.text)
    .text                                    0x0800069c   Section        0  _strtoul.o(.text)
    .text                                    0x08000742   Section        0  depilogue.o(.text)
    .text                                    0x08000800   Section        0  _chval.o(.text)
    i.Error_Handler                          0x0800081e   Section        0  main.o(i.Error_Handler)
    i.HAL_DMA_Abort                          0x08000824   Section        0  stm32g0xx_hal_dma.o(i.HAL_DMA_Abort)
    i.HAL_DMA_Abort_IT                       0x08000898   Section        0  stm32g0xx_hal_dma.o(i.HAL_DMA_Abort_IT)
    i.HAL_GPIO_Init                          0x08000914   Section        0  stm32g0xx_hal_gpio.o(i.HAL_GPIO_Init)
    i.HAL_GPIO_TogglePin                     0x08000a70   Section        0  stm32g0xx_hal_gpio.o(i.HAL_GPIO_TogglePin)
    i.HAL_GPIO_WritePin                      0x08000a80   Section        0  stm32g0xx_hal_gpio.o(i.HAL_GPIO_WritePin)
    i.HAL_GetTick                            0x08000a8c   Section        0  stm32g0xx_hal.o(i.HAL_GetTick)
    i.HAL_IncTick                            0x08000a98   Section        0  stm32g0xx_hal.o(i.HAL_IncTick)
    i.HAL_Init                               0x08000aa8   Section        0  stm32g0xx_hal.o(i.HAL_Init)
    i.HAL_InitTick                           0x08000ad0   Section        0  stm32g0xx_hal.o(i.HAL_InitTick)
    i.HAL_MspInit                            0x08000b18   Section        0  stm32g0xx_hal_msp.o(i.HAL_MspInit)
    i.HAL_NVIC_EnableIRQ                     0x08000b4c   Section        0  stm32g0xx_hal_cortex.o(i.HAL_NVIC_EnableIRQ)
    i.HAL_NVIC_SetPriority                   0x08000b64   Section        0  stm32g0xx_hal_cortex.o(i.HAL_NVIC_SetPriority)
    i.HAL_PWREx_ControlVoltageScaling        0x08000b6c   Section        0  stm32g0xx_hal_pwr_ex.o(i.HAL_PWREx_ControlVoltageScaling)
    i.HAL_RCCEx_PeriphCLKConfig              0x08000bb8   Section        0  stm32g0xx_hal_rcc_ex.o(i.HAL_RCCEx_PeriphCLKConfig)
    i.HAL_RCC_ClockConfig                    0x08000d18   Section        0  stm32g0xx_hal_rcc.o(i.HAL_RCC_ClockConfig)
    i.HAL_RCC_GetPCLK1Freq                   0x08000e70   Section        0  stm32g0xx_hal_rcc.o(i.HAL_RCC_GetPCLK1Freq)
    i.HAL_RCC_GetSysClockFreq                0x08000e98   Section        0  stm32g0xx_hal_rcc.o(i.HAL_RCC_GetSysClockFreq)
    i.HAL_RCC_OscConfig                      0x08000f24   Section        0  stm32g0xx_hal_rcc.o(i.HAL_RCC_OscConfig)
    i.HAL_SYSCFG_StrobeDBattpinsConfig       0x08001304   Section        0  stm32g0xx_hal.o(i.HAL_SYSCFG_StrobeDBattpinsConfig)
    i.HAL_SYSTICK_Config                     0x08001318   Section        0  stm32g0xx_hal_cortex.o(i.HAL_SYSTICK_Config)
    i.HAL_TIMEx_Break2Callback               0x08001348   Section        0  stm32g0xx_hal_tim_ex.o(i.HAL_TIMEx_Break2Callback)
    i.HAL_TIMEx_BreakCallback                0x0800134a   Section        0  stm32g0xx_hal_tim_ex.o(i.HAL_TIMEx_BreakCallback)
    i.HAL_TIMEx_CommutCallback               0x0800134c   Section        0  stm32g0xx_hal_tim_ex.o(i.HAL_TIMEx_CommutCallback)
    i.HAL_TIMEx_MasterConfigSynchronization  0x08001350   Section        0  stm32g0xx_hal_tim_ex.o(i.HAL_TIMEx_MasterConfigSynchronization)
    i.HAL_TIM_Base_Init                      0x080013bc   Section        0  stm32g0xx_hal_tim.o(i.HAL_TIM_Base_Init)
    i.HAL_TIM_Base_MspInit                   0x08001408   Section        0  tim.o(i.HAL_TIM_Base_MspInit)
    i.HAL_TIM_Base_Start_IT                  0x0800143c   Section        0  stm32g0xx_hal_tim.o(i.HAL_TIM_Base_Start_IT)
    i.HAL_TIM_ConfigClockSource              0x08001498   Section        0  stm32g0xx_hal_tim.o(i.HAL_TIM_ConfigClockSource)
    i.HAL_TIM_IC_CaptureCallback             0x08001570   Section        0  stm32g0xx_hal_tim.o(i.HAL_TIM_IC_CaptureCallback)
    i.HAL_TIM_IRQHandler                     0x08001574   Section        0  stm32g0xx_hal_tim.o(i.HAL_TIM_IRQHandler)
    i.HAL_TIM_OC_DelayElapsedCallback        0x080016f8   Section        0  stm32g0xx_hal_tim.o(i.HAL_TIM_OC_DelayElapsedCallback)
    i.HAL_TIM_PWM_PulseFinishedCallback      0x080016fa   Section        0  stm32g0xx_hal_tim.o(i.HAL_TIM_PWM_PulseFinishedCallback)
    i.HAL_TIM_PeriodElapsedCallback          0x080016fc   Section        0  main.o(i.HAL_TIM_PeriodElapsedCallback)
    i.HAL_TIM_TriggerCallback                0x08001728   Section        0  stm32g0xx_hal_tim.o(i.HAL_TIM_TriggerCallback)
    i.HAL_UARTEx_DisableFifoMode             0x0800172a   Section        0  stm32g0xx_hal_uart_ex.o(i.HAL_UARTEx_DisableFifoMode)
    i.HAL_UARTEx_RxEventCallback             0x08001766   Section        0  stm32g0xx_hal_uart.o(i.HAL_UARTEx_RxEventCallback)
    i.HAL_UARTEx_RxFifoFullCallback          0x08001768   Section        0  stm32g0xx_hal_uart_ex.o(i.HAL_UARTEx_RxFifoFullCallback)
    i.HAL_UARTEx_SetRxFifoThreshold          0x0800176a   Section        0  stm32g0xx_hal_uart_ex.o(i.HAL_UARTEx_SetRxFifoThreshold)
    i.HAL_UARTEx_SetTxFifoThreshold          0x080017b2   Section        0  stm32g0xx_hal_uart_ex.o(i.HAL_UARTEx_SetTxFifoThreshold)
    i.HAL_UARTEx_TxFifoEmptyCallback         0x080017f8   Section        0  stm32g0xx_hal_uart_ex.o(i.HAL_UARTEx_TxFifoEmptyCallback)
    i.HAL_UARTEx_WakeupCallback              0x080017fa   Section        0  stm32g0xx_hal_uart_ex.o(i.HAL_UARTEx_WakeupCallback)
    i.HAL_UART_ErrorCallback                 0x080017fc   Section        0  stm32g0xx_hal_uart.o(i.HAL_UART_ErrorCallback)
    i.HAL_UART_IRQHandler                    0x08001800   Section        0  stm32g0xx_hal_uart.o(i.HAL_UART_IRQHandler)
    i.HAL_UART_Init                          0x08001a64   Section        0  stm32g0xx_hal_uart.o(i.HAL_UART_Init)
    i.HAL_UART_MspInit                       0x08001ad0   Section        0  usart.o(i.HAL_UART_MspInit)
    i.HAL_UART_Receive_IT                    0x08001b88   Section        0  stm32g0xx_hal_uart.o(i.HAL_UART_Receive_IT)
    i.HAL_UART_RxCpltCallback                0x08001bcc   Section        0  main.o(i.HAL_UART_RxCpltCallback)
    i.HAL_UART_Transmit                      0x08001bf8   Section        0  stm32g0xx_hal_uart.o(i.HAL_UART_Transmit)
    i.HAL_UART_TxCpltCallback                0x08001cd0   Section        0  stm32g0xx_hal_uart.o(i.HAL_UART_TxCpltCallback)
    i.HardFault_Handler                      0x08001cd2   Section        0  stm32g0xx_it.o(i.HardFault_Handler)
    i.MX_GPIO_Init                           0x08001cd4   Section        0  gpio.o(i.MX_GPIO_Init)
    i.MX_TIM3_Init                           0x08001d6c   Section        0  tim.o(i.MX_TIM3_Init)
    i.MX_USART1_UART_Init                    0x08001ddc   Section        0  usart.o(i.MX_USART1_UART_Init)
    i.MX_USART2_UART_Init                    0x08001e44   Section        0  usart.o(i.MX_USART2_UART_Init)
    i.NMI_Handler                            0x08001eac   Section        0  stm32g0xx_it.o(i.NMI_Handler)
    i.PendSV_Handler                         0x08001eae   Section        0  stm32g0xx_it.o(i.PendSV_Handler)
    i.SVC_Handler                            0x08001eb0   Section        0  stm32g0xx_it.o(i.SVC_Handler)
    i.SysTick_Handler                        0x08001eb2   Section        0  stm32g0xx_it.o(i.SysTick_Handler)
    i.SystemClock_Config                     0x08001eba   Section        0  main.o(i.SystemClock_Config)
    i.SystemInit                             0x08001f40   Section        0  system_stm32g0xx.o(i.SystemInit)
    i.TIM3_IRQHandler                        0x08001f50   Section        0  stm32g0xx_it.o(i.TIM3_IRQHandler)
    i.TIM_Base_SetConfig                     0x08001f60   Section        0  stm32g0xx_hal_tim.o(i.TIM_Base_SetConfig)
    i.TIM_ETR_SetConfig                      0x08001fe8   Section        0  stm32g0xx_hal_tim.o(i.TIM_ETR_SetConfig)
    i.TIM_ITRx_SetConfig                     0x08002000   Section        0  stm32g0xx_hal_tim.o(i.TIM_ITRx_SetConfig)
    TIM_ITRx_SetConfig                       0x08002001   Thumb Code    16  stm32g0xx_hal_tim.o(i.TIM_ITRx_SetConfig)
    i.TIM_TI1_ConfigInputStage               0x08002014   Section        0  stm32g0xx_hal_tim.o(i.TIM_TI1_ConfigInputStage)
    TIM_TI1_ConfigInputStage                 0x08002015   Thumb Code    34  stm32g0xx_hal_tim.o(i.TIM_TI1_ConfigInputStage)
    i.TIM_TI2_ConfigInputStage               0x08002036   Section        0  stm32g0xx_hal_tim.o(i.TIM_TI2_ConfigInputStage)
    TIM_TI2_ConfigInputStage                 0x08002037   Thumb Code    38  stm32g0xx_hal_tim.o(i.TIM_TI2_ConfigInputStage)
    i.UARTEx_SetNbDataToProcess              0x0800205c   Section        0  stm32g0xx_hal_uart_ex.o(i.UARTEx_SetNbDataToProcess)
    UARTEx_SetNbDataToProcess                0x0800205d   Thumb Code    80  stm32g0xx_hal_uart_ex.o(i.UARTEx_SetNbDataToProcess)
    i.UART_AdvFeatureConfig                  0x080020bc   Section        0  stm32g0xx_hal_uart.o(i.UART_AdvFeatureConfig)
    i.UART_CheckIdleState                    0x08002188   Section        0  stm32g0xx_hal_uart.o(i.UART_CheckIdleState)
    i.UART_DMAAbortOnError                   0x080021ec   Section        0  stm32g0xx_hal_uart.o(i.UART_DMAAbortOnError)
    UART_DMAAbortOnError                     0x080021ed   Thumb Code    20  stm32g0xx_hal_uart.o(i.UART_DMAAbortOnError)
    i.UART_EndRxTransfer                     0x08002200   Section        0  stm32g0xx_hal_uart.o(i.UART_EndRxTransfer)
    UART_EndRxTransfer                       0x08002201   Thumb Code    52  stm32g0xx_hal_uart.o(i.UART_EndRxTransfer)
    i.UART_RxISR_16BIT                       0x08002238   Section        0  stm32g0xx_hal_uart.o(i.UART_RxISR_16BIT)
    UART_RxISR_16BIT                         0x08002239   Thumb Code   122  stm32g0xx_hal_uart.o(i.UART_RxISR_16BIT)
    i.UART_RxISR_16BIT_FIFOEN                0x080022b4   Section        0  stm32g0xx_hal_uart.o(i.UART_RxISR_16BIT_FIFOEN)
    UART_RxISR_16BIT_FIFOEN                  0x080022b5   Thumb Code   308  stm32g0xx_hal_uart.o(i.UART_RxISR_16BIT_FIFOEN)
    i.UART_RxISR_8BIT                        0x080023f0   Section        0  stm32g0xx_hal_uart.o(i.UART_RxISR_8BIT)
    UART_RxISR_8BIT                          0x080023f1   Thumb Code   122  stm32g0xx_hal_uart.o(i.UART_RxISR_8BIT)
    i.UART_RxISR_8BIT_FIFOEN                 0x0800246c   Section        0  stm32g0xx_hal_uart.o(i.UART_RxISR_8BIT_FIFOEN)
    UART_RxISR_8BIT_FIFOEN                   0x0800246d   Thumb Code   308  stm32g0xx_hal_uart.o(i.UART_RxISR_8BIT_FIFOEN)
    i.UART_SetConfig                         0x080025a8   Section        0  stm32g0xx_hal_uart.o(i.UART_SetConfig)
    i.UART_Start_Receive_IT                  0x08002740   Section        0  stm32g0xx_hal_uart.o(i.UART_Start_Receive_IT)
    i.UART_WaitOnFlagUntilTimeout            0x08002820   Section        0  stm32g0xx_hal_uart.o(i.UART_WaitOnFlagUntilTimeout)
    i.USART1_IRQHandler                      0x080028bc   Section        0  stm32g0xx_it.o(i.USART1_IRQHandler)
    i.USART2_IRQHandler                      0x080028cc   Section        0  stm32g0xx_it.o(i.USART2_IRQHandler)
    i.Uart2_SendDATA                         0x080028dc   Section        0  usart.o(i.Uart2_SendDATA)
    i.__0printf                              0x080028fc   Section        0  printfa.o(i.__0printf)
    i.__0sprintf                             0x0800291c   Section        0  printfa.o(i.__0sprintf)
    i.__ARM_clz                              0x08002944   Section        0  depilogue.o(i.__ARM_clz)
    i.__NVIC_SetPriority                     0x08002974   Section        0  stm32g0xx_hal_cortex.o(i.__NVIC_SetPriority)
    __NVIC_SetPriority                       0x08002975   Thumb Code    60  stm32g0xx_hal_cortex.o(i.__NVIC_SetPriority)
    i.__aeabi_errno_addr                     0x080029b8   Section        0  errno.o(i.__aeabi_errno_addr)
    i.__scatterload_copy                     0x080029c0   Section       14  handlers.o(i.__scatterload_copy)
    i.__scatterload_null                     0x080029ce   Section        2  handlers.o(i.__scatterload_null)
    i.__scatterload_zeroinit                 0x080029d0   Section       14  handlers.o(i.__scatterload_zeroinit)
    i._fp_digits                             0x080029e0   Section        0  printfa.o(i._fp_digits)
    _fp_digits                               0x080029e1   Thumb Code   344  printfa.o(i._fp_digits)
    i._printf_core                           0x08002b54   Section        0  printfa.o(i._printf_core)
    _printf_core                             0x08002b55   Thumb Code  1754  printfa.o(i._printf_core)
    i._printf_post_padding                   0x08003240   Section        0  printfa.o(i._printf_post_padding)
    _printf_post_padding                     0x08003241   Thumb Code    32  printfa.o(i._printf_post_padding)
    i._printf_pre_padding                    0x08003260   Section        0  printfa.o(i._printf_pre_padding)
    _printf_pre_padding                      0x08003261   Thumb Code    44  printfa.o(i._printf_pre_padding)
    i._sputc                                 0x0800328c   Section        0  printfa.o(i._sputc)
    _sputc                                   0x0800328d   Thumb Code    10  printfa.o(i._sputc)
    i.fat_cmdres_keyword_matching            0x08003298   Section        0  fat_core.o(i.fat_cmdres_keyword_matching)
    i.fat_send_wait_cmdres_blocking          0x080032dc   Section        0  fat_core.o(i.fat_send_wait_cmdres_blocking)
    i.fat_send_wait_cmdres_nonblocking       0x08003330   Section        0  fat_core.o(i.fat_send_wait_cmdres_nonblocking)
    i.fat_send_wait_cmdres_nonblocking_hex   0x08003388   Section        0  fat_core.o(i.fat_send_wait_cmdres_nonblocking_hex)
    i.fat_tim_proc                           0x080033e4   Section        0  fat_core.o(i.fat_tim_proc)
    i.fat_uart_clean                         0x08003424   Section        0  fat_core.o(i.fat_uart_clean)
    i.fat_uart_recv_proc                     0x08003440   Section        0  fat_core.o(i.fat_uart_recv_proc)
    i.fat_uart_send_buf                      0x08003464   Section        0  fat_core.o(i.fat_uart_send_buf)
    i.fat_uart_send_byte                     0x08003484   Section        0  fat_core.o(i.fat_uart_send_byte)
    i.fat_uart_send_str                      0x08003488   Section        0  fat_core.o(i.fat_uart_send_str)
    i.fputc                                  0x080034a4   Section        0  main.o(i.fputc)
    i.main                                   0x080034c0   Section        0  main.o(i.main)
    i.match_csq                              0x08003530   Section        0  lte_demo.o(i.match_csq)
    i.match_recv_data                        0x08003588   Section        0  lte_demo.o(i.match_recv_data)
    i.match_recv_topic                       0x080035c0   Section        0  lte_demo.o(i.match_recv_topic)
    i.module_MQTT                            0x08003608   Section        0  lte_demo.o(i.module_MQTT)
    i.module_connet_parm_init                0x080036c8   Section        0  lte_demo.o(i.module_connet_parm_init)
    i.module_data                            0x08003864   Section        0  lte_demo.o(i.module_data)
    i.module_flightmode                      0x08003a40   Section        0  lte_demo.o(i.module_flightmode)
    i.module_is_ready                        0x08003b64   Section        0  lte_demo.o(i.module_is_ready)
    i.module_reset                           0x08003d1c   Section        0  lte_demo.o(i.module_reset)
    i.reg_fat_uart_send_byte                 0x08003d6c   Section        0  fat_core.o(i.reg_fat_uart_send_byte)
    i.uart2_send_byte                        0x08003d7c   Section        0  usart.o(i.uart2_send_byte)
    i.wait_timeout                           0x08003d88   Section        0  fat_core.o(i.wait_timeout)
    .constdata                               0x08003db4   Section       24  stm32g0xx_hal_uart.o(.constdata)
    .constdata                               0x08003dcc   Section       64  system_stm32g0xx.o(.constdata)
    .constdata                               0x08003e0c   Section       32  system_stm32g0xx.o(.constdata)
    .constdata                               0x08003e2c   Section      129  ctype_o.o(.constdata)
    .constdata                               0x08003eb0   Section        4  ctype_o.o(.constdata)
    table                                    0x08003eb0   Data           4  ctype_o.o(.constdata)
    .data                                    0x20000000   Section        6  main.o(.data)
    TIMER_1MS                                0x20000000   Data           2  main.o(.data)
    .data                                    0x20000008   Section       20  fat_core.o(.data)
    .data                                    0x2000001c   Section       12  lte_demo.o(.data)
    add_test                                 0x20000020   Data           4  lte_demo.o(.data)
    state                                    0x20000024   Data           4  lte_demo.o(.data)
    .data                                    0x20000028   Section       12  stm32g0xx_hal.o(.data)
    .data                                    0x20000034   Section        4  system_stm32g0xx.o(.data)
    .data                                    0x20000038   Section        4  stdout.o(.data)
    .data                                    0x2000003c   Section        4  errno.o(.data)
    _errno                                   0x2000003c   Data           4  errno.o(.data)
    .bss                                     0x20000040   Section       76  tim.o(.bss)
    .bss                                     0x2000008c   Section      288  usart.o(.bss)
    .bss                                     0x200001ac   Section       50  fat_core.o(.bss)
    .bss                                     0x200001de   Section      299  lte_demo.o(.bss)
    sand_dat_c                               0x2000025e   Data          30  lte_demo.o(.bss)
    STACK                                    0x20000310   Section     1024  startup_stm32g070xx.o(STACK)

    Global Symbols

    Symbol Name                              Value     Ov Type        Size  Object(Section)

    BuildAttributes$$THM_ISAv3M$S$PE$A:L22$X:L11$S22$IEEE1$IW$USESV6$~STKCKD$USESV7$~SHL$OSPACE$ROPI$EBA8$MICROLIB$REQ8$PRES8$EABIv2 0x00000000   Number         0  anon$$obj.o ABSOLUTE
    __ARM_use_no_argv                        0x00000000   Number         0  main.o ABSOLUTE
    _printf_a                                0x00000000   Number         0  stubs.o ABSOLUTE
    _printf_c                                0x00000000   Number         0  stubs.o ABSOLUTE
    _printf_charcount                        0x00000000   Number         0  stubs.o ABSOLUTE
    _printf_d                                0x00000000   Number         0  stubs.o ABSOLUTE
    _printf_e                                0x00000000   Number         0  stubs.o ABSOLUTE
    _printf_f                                0x00000000   Number         0  stubs.o ABSOLUTE
    _printf_flags                            0x00000000   Number         0  stubs.o ABSOLUTE
    _printf_fp_dec                           0x00000000   Number         0  stubs.o ABSOLUTE
    _printf_fp_hex                           0x00000000   Number         0  stubs.o ABSOLUTE
    _printf_g                                0x00000000   Number         0  stubs.o ABSOLUTE
    _printf_i                                0x00000000   Number         0  stubs.o ABSOLUTE
    _printf_int_dec                          0x00000000   Number         0  stubs.o ABSOLUTE
    _printf_l                                0x00000000   Number         0  stubs.o ABSOLUTE
    _printf_lc                               0x00000000   Number         0  stubs.o ABSOLUTE
    _printf_ll                               0x00000000   Number         0  stubs.o ABSOLUTE
    _printf_lld                              0x00000000   Number         0  stubs.o ABSOLUTE
    _printf_lli                              0x00000000   Number         0  stubs.o ABSOLUTE
    _printf_llo                              0x00000000   Number         0  stubs.o ABSOLUTE
    _printf_llu                              0x00000000   Number         0  stubs.o ABSOLUTE
    _printf_llx                              0x00000000   Number         0  stubs.o ABSOLUTE
    _printf_longlong_dec                     0x00000000   Number         0  stubs.o ABSOLUTE
    _printf_longlong_hex                     0x00000000   Number         0  stubs.o ABSOLUTE
    _printf_longlong_oct                     0x00000000   Number         0  stubs.o ABSOLUTE
    _printf_ls                               0x00000000   Number         0  stubs.o ABSOLUTE
    _printf_mbtowc                           0x00000000   Number         0  stubs.o ABSOLUTE
    _printf_n                                0x00000000   Number         0  stubs.o ABSOLUTE
    _printf_o                                0x00000000   Number         0  stubs.o ABSOLUTE
    _printf_p                                0x00000000   Number         0  stubs.o ABSOLUTE
    _printf_percent                          0x00000000   Number         0  stubs.o ABSOLUTE
    _printf_pre_padding                      0x00000000   Number         0  stubs.o ABSOLUTE
    _printf_return_value                     0x00000000   Number         0  stubs.o ABSOLUTE
    _printf_s                                0x00000000   Number         0  stubs.o ABSOLUTE
    _printf_sizespec                         0x00000000   Number         0  stubs.o ABSOLUTE
    _printf_str                              0x00000000   Number         0  stubs.o ABSOLUTE
    _printf_truncate_signed                  0x00000000   Number         0  stubs.o ABSOLUTE
    _printf_truncate_unsigned                0x00000000   Number         0  stubs.o ABSOLUTE
    _printf_u                                0x00000000   Number         0  stubs.o ABSOLUTE
    _printf_wc                               0x00000000   Number         0  stubs.o ABSOLUTE
    _printf_wctomb                           0x00000000   Number         0  stubs.o ABSOLUTE
    _printf_widthprec                        0x00000000   Number         0  stubs.o ABSOLUTE
    _printf_x                                0x00000000   Number         0  stubs.o ABSOLUTE
    __cpp_initialize__aeabi_                  - Undefined Weak Reference
    __cxa_finalize                            - Undefined Weak Reference
    __decompress                              - Undefined Weak Reference
    _clock_init                               - Undefined Weak Reference
    _microlib_exit                            - Undefined Weak Reference
    __Vectors_Size                           0x000000b8   Number         0  startup_stm32g070xx.o ABSOLUTE
    __Vectors                                0x08000000   Data           4  startup_stm32g070xx.o(RESET)
    __Vectors_End                            0x080000b8   Data           0  startup_stm32g070xx.o(RESET)
    __main                                   0x080000b9   Thumb Code     0  entry.o(.ARM.Collect$$$$00000000)
    _main_stk                                0x080000b9   Thumb Code     0  entry2.o(.ARM.Collect$$$$00000001)
    _main_scatterload                        0x080000bd   Thumb Code     0  entry5.o(.ARM.Collect$$$$00000004)
    __main_after_scatterload                 0x080000c1   Thumb Code     0  entry5.o(.ARM.Collect$$$$00000004)
    _main_clock                              0x080000c1   Thumb Code     0  entry7b.o(.ARM.Collect$$$$00000008)
    _main_cpp_init                           0x080000c1   Thumb Code     0  entry8b.o(.ARM.Collect$$$$0000000A)
    _main_init                               0x080000c1   Thumb Code     0  entry9a.o(.ARM.Collect$$$$0000000B)
    __rt_final_cpp                           0x080000c9   Thumb Code     0  entry10a.o(.ARM.Collect$$$$0000000D)
    __rt_final_exit                          0x080000c9   Thumb Code     0  entry11a.o(.ARM.Collect$$$$0000000F)
    Reset_Handler                            0x080000cd   Thumb Code     8  startup_stm32g070xx.o(.text)
    ADC1_IRQHandler                          0x080000df   Thumb Code     0  startup_stm32g070xx.o(.text)
    DMA1_Ch4_7_DMAMUX1_OVR_IRQHandler        0x080000df   Thumb Code     0  startup_stm32g070xx.o(.text)
    DMA1_Channel1_IRQHandler                 0x080000df   Thumb Code     0  startup_stm32g070xx.o(.text)
    DMA1_Channel2_3_IRQHandler               0x080000df   Thumb Code     0  startup_stm32g070xx.o(.text)
    EXTI0_1_IRQHandler                       0x080000df   Thumb Code     0  startup_stm32g070xx.o(.text)
    EXTI2_3_IRQHandler                       0x080000df   Thumb Code     0  startup_stm32g070xx.o(.text)
    EXTI4_15_IRQHandler                      0x080000df   Thumb Code     0  startup_stm32g070xx.o(.text)
    FLASH_IRQHandler                         0x080000df   Thumb Code     0  startup_stm32g070xx.o(.text)
    I2C1_IRQHandler                          0x080000df   Thumb Code     0  startup_stm32g070xx.o(.text)
    I2C2_IRQHandler                          0x080000df   Thumb Code     0  startup_stm32g070xx.o(.text)
    RCC_IRQHandler                           0x080000df   Thumb Code     0  startup_stm32g070xx.o(.text)
    RTC_TAMP_IRQHandler                      0x080000df   Thumb Code     0  startup_stm32g070xx.o(.text)
    SPI1_IRQHandler                          0x080000df   Thumb Code     0  startup_stm32g070xx.o(.text)
    SPI2_IRQHandler                          0x080000df   Thumb Code     0  startup_stm32g070xx.o(.text)
    TIM14_IRQHandler                         0x080000df   Thumb Code     0  startup_stm32g070xx.o(.text)
    TIM15_IRQHandler                         0x080000df   Thumb Code     0  startup_stm32g070xx.o(.text)
    TIM16_IRQHandler                         0x080000df   Thumb Code     0  startup_stm32g070xx.o(.text)
    TIM17_IRQHandler                         0x080000df   Thumb Code     0  startup_stm32g070xx.o(.text)
    TIM1_BRK_UP_TRG_COM_IRQHandler           0x080000df   Thumb Code     0  startup_stm32g070xx.o(.text)
    TIM1_CC_IRQHandler                       0x080000df   Thumb Code     0  startup_stm32g070xx.o(.text)
    TIM6_IRQHandler                          0x080000df   Thumb Code     0  startup_stm32g070xx.o(.text)
    TIM7_IRQHandler                          0x080000df   Thumb Code     0  startup_stm32g070xx.o(.text)
    USART3_4_IRQHandler                      0x080000df   Thumb Code     0  startup_stm32g070xx.o(.text)
    WWDG_IRQHandler                          0x080000df   Thumb Code     0  startup_stm32g070xx.o(.text)
    __aeabi_uidiv                            0x080000e9   Thumb Code     0  uidiv.o(.text)
    __aeabi_uidivmod                         0x080000e9   Thumb Code    44  uidiv.o(.text)
    __aeabi_memcpy                           0x08000115   Thumb Code    36  memcpya.o(.text)
    __aeabi_memcpy4                          0x08000115   Thumb Code     0  memcpya.o(.text)
    __aeabi_memcpy8                          0x08000115   Thumb Code     0  memcpya.o(.text)
    __aeabi_memset                           0x08000139   Thumb Code    14  memseta.o(.text)
    __aeabi_memset4                          0x08000139   Thumb Code     0  memseta.o(.text)
    __aeabi_memset8                          0x08000139   Thumb Code     0  memseta.o(.text)
    __aeabi_memclr                           0x08000147   Thumb Code     4  memseta.o(.text)
    __aeabi_memclr4                          0x08000147   Thumb Code     0  memseta.o(.text)
    __aeabi_memclr8                          0x08000147   Thumb Code     0  memseta.o(.text)
    _memset$wrapper                          0x0800014b   Thumb Code    18  memseta.o(.text)
    strstr                                   0x0800015d   Thumb Code    40  strstr.o(.text)
    strlen                                   0x08000185   Thumb Code    14  strlen.o(.text)
    atoi                                     0x08000193   Thumb Code    26  atoi.o(.text)
    __aeabi_uldivmod                         0x080001ad   Thumb Code    96  uldiv.o(.text)
    strtol                                   0x0800020d   Thumb Code   108  strtol.o(.text)
    __I$use$fp                               0x0800027d   Thumb Code     0  iusefp.o(.text)
    __aeabi_dadd                             0x0800027d   Thumb Code   328  dadd.o(.text)
    __aeabi_dsub                             0x080003c5   Thumb Code    12  dadd.o(.text)
    __aeabi_drsub                            0x080003d1   Thumb Code    12  dadd.o(.text)
    __aeabi_dmul                             0x080003e1   Thumb Code   202  dmul.o(.text)
    __aeabi_ddiv                             0x080004b1   Thumb Code   234  ddiv.o(.text)
    __aeabi_d2ulz                            0x080005a1   Thumb Code    54  dfixul.o(.text)
    __aeabi_cdrcmple                         0x080005e1   Thumb Code    38  cdrcmple.o(.text)
    __scatterload                            0x08000609   Thumb Code    28  init.o(.text)
    __scatterload_rt2                        0x08000609   Thumb Code     0  init.o(.text)
    __aeabi_llsl                             0x0800062d   Thumb Code    32  llshl.o(.text)
    _ll_shift_l                              0x0800062d   Thumb Code     0  llshl.o(.text)
    __aeabi_llsr                             0x0800064d   Thumb Code    34  llushr.o(.text)
    _ll_ushift_r                             0x0800064d   Thumb Code     0  llushr.o(.text)
    __aeabi_lasr                             0x0800066f   Thumb Code    38  llsshr.o(.text)
    _ll_sshift_r                             0x0800066f   Thumb Code     0  llsshr.o(.text)
    __rt_ctype_table                         0x08000695   Thumb Code     4  ctype_o.o(.text)
    _strtoul                                 0x0800069d   Thumb Code   166  _strtoul.o(.text)
    _double_round                            0x08000743   Thumb Code    26  depilogue.o(.text)
    _double_epilogue                         0x0800075d   Thumb Code   164  depilogue.o(.text)
    _chval                                   0x08000801   Thumb Code    30  _chval.o(.text)
    Error_Handler                            0x0800081f   Thumb Code     4  main.o(i.Error_Handler)
    HAL_DMA_Abort                            0x08000825   Thumb Code   112  stm32g0xx_hal_dma.o(i.HAL_DMA_Abort)
    HAL_DMA_Abort_IT                         0x08000899   Thumb Code   118  stm32g0xx_hal_dma.o(i.HAL_DMA_Abort_IT)
    HAL_GPIO_Init                            0x08000915   Thumb Code   330  stm32g0xx_hal_gpio.o(i.HAL_GPIO_Init)
    HAL_GPIO_TogglePin                       0x08000a71   Thumb Code    16  stm32g0xx_hal_gpio.o(i.HAL_GPIO_TogglePin)
    HAL_GPIO_WritePin                        0x08000a81   Thumb Code    12  stm32g0xx_hal_gpio.o(i.HAL_GPIO_WritePin)
    HAL_GetTick                              0x08000a8d   Thumb Code     6  stm32g0xx_hal.o(i.HAL_GetTick)
    HAL_IncTick                              0x08000a99   Thumb Code    12  stm32g0xx_hal.o(i.HAL_IncTick)
    HAL_Init                                 0x08000aa9   Thumb Code    36  stm32g0xx_hal.o(i.HAL_Init)
    HAL_InitTick                             0x08000ad1   Thumb Code    64  stm32g0xx_hal.o(i.HAL_InitTick)
    HAL_MspInit                              0x08000b19   Thumb Code    46  stm32g0xx_hal_msp.o(i.HAL_MspInit)
    HAL_NVIC_EnableIRQ                       0x08000b4d   Thumb Code    18  stm32g0xx_hal_cortex.o(i.HAL_NVIC_EnableIRQ)
    HAL_NVIC_SetPriority                     0x08000b65   Thumb Code     8  stm32g0xx_hal_cortex.o(i.HAL_NVIC_SetPriority)
    HAL_PWREx_ControlVoltageScaling          0x08000b6d   Thumb Code    62  stm32g0xx_hal_pwr_ex.o(i.HAL_PWREx_ControlVoltageScaling)
    HAL_RCCEx_PeriphCLKConfig                0x08000bb9   Thumb Code   338  stm32g0xx_hal_rcc_ex.o(i.HAL_RCCEx_PeriphCLKConfig)
    HAL_RCC_ClockConfig                      0x08000d19   Thumb Code   318  stm32g0xx_hal_rcc.o(i.HAL_RCC_ClockConfig)
    HAL_RCC_GetPCLK1Freq                     0x08000e71   Thumb Code    26  stm32g0xx_hal_rcc.o(i.HAL_RCC_GetPCLK1Freq)
    HAL_RCC_GetSysClockFreq                  0x08000e99   Thumb Code   130  stm32g0xx_hal_rcc.o(i.HAL_RCC_GetSysClockFreq)
    HAL_RCC_OscConfig                        0x08000f25   Thumb Code   954  stm32g0xx_hal_rcc.o(i.HAL_RCC_OscConfig)
    HAL_SYSCFG_StrobeDBattpinsConfig         0x08001305   Thumb Code    16  stm32g0xx_hal.o(i.HAL_SYSCFG_StrobeDBattpinsConfig)
    HAL_SYSTICK_Config                       0x08001319   Thumb Code    38  stm32g0xx_hal_cortex.o(i.HAL_SYSTICK_Config)
    HAL_TIMEx_Break2Callback                 0x08001349   Thumb Code     2  stm32g0xx_hal_tim_ex.o(i.HAL_TIMEx_Break2Callback)
    HAL_TIMEx_BreakCallback                  0x0800134b   Thumb Code     2  stm32g0xx_hal_tim_ex.o(i.HAL_TIMEx_BreakCallback)
    HAL_TIMEx_CommutCallback                 0x0800134d   Thumb Code     2  stm32g0xx_hal_tim_ex.o(i.HAL_TIMEx_CommutCallback)
    HAL_TIMEx_MasterConfigSynchronization    0x08001351   Thumb Code    96  stm32g0xx_hal_tim_ex.o(i.HAL_TIMEx_MasterConfigSynchronization)
    HAL_TIM_Base_Init                        0x080013bd   Thumb Code    76  stm32g0xx_hal_tim.o(i.HAL_TIM_Base_Init)
    HAL_TIM_Base_MspInit                     0x08001409   Thumb Code    44  tim.o(i.HAL_TIM_Base_MspInit)
    HAL_TIM_Base_Start_IT                    0x0800143d   Thumb Code    74  stm32g0xx_hal_tim.o(i.HAL_TIM_Base_Start_IT)
    HAL_TIM_ConfigClockSource                0x08001499   Thumb Code   210  stm32g0xx_hal_tim.o(i.HAL_TIM_ConfigClockSource)
    HAL_TIM_IC_CaptureCallback               0x08001571   Thumb Code     2  stm32g0xx_hal_tim.o(i.HAL_TIM_IC_CaptureCallback)
    HAL_TIM_IRQHandler                       0x08001575   Thumb Code   382  stm32g0xx_hal_tim.o(i.HAL_TIM_IRQHandler)
    HAL_TIM_OC_DelayElapsedCallback          0x080016f9   Thumb Code     2  stm32g0xx_hal_tim.o(i.HAL_TIM_OC_DelayElapsedCallback)
    HAL_TIM_PWM_PulseFinishedCallback        0x080016fb   Thumb Code     2  stm32g0xx_hal_tim.o(i.HAL_TIM_PWM_PulseFinishedCallback)
    HAL_TIM_PeriodElapsedCallback            0x080016fd   Thumb Code    36  main.o(i.HAL_TIM_PeriodElapsedCallback)
    HAL_TIM_TriggerCallback                  0x08001729   Thumb Code     2  stm32g0xx_hal_tim.o(i.HAL_TIM_TriggerCallback)
    HAL_UARTEx_DisableFifoMode               0x0800172b   Thumb Code    60  stm32g0xx_hal_uart_ex.o(i.HAL_UARTEx_DisableFifoMode)
    HAL_UARTEx_RxEventCallback               0x08001767   Thumb Code     2  stm32g0xx_hal_uart.o(i.HAL_UARTEx_RxEventCallback)
    HAL_UARTEx_RxFifoFullCallback            0x08001769   Thumb Code     2  stm32g0xx_hal_uart_ex.o(i.HAL_UARTEx_RxFifoFullCallback)
    HAL_UARTEx_SetRxFifoThreshold            0x0800176b   Thumb Code    72  stm32g0xx_hal_uart_ex.o(i.HAL_UARTEx_SetRxFifoThreshold)
    HAL_UARTEx_SetTxFifoThreshold            0x080017b3   Thumb Code    70  stm32g0xx_hal_uart_ex.o(i.HAL_UARTEx_SetTxFifoThreshold)
    HAL_UARTEx_TxFifoEmptyCallback           0x080017f9   Thumb Code     2  stm32g0xx_hal_uart_ex.o(i.HAL_UARTEx_TxFifoEmptyCallback)
    HAL_UARTEx_WakeupCallback                0x080017fb   Thumb Code     2  stm32g0xx_hal_uart_ex.o(i.HAL_UARTEx_WakeupCallback)
    HAL_UART_ErrorCallback                   0x080017fd   Thumb Code     2  stm32g0xx_hal_uart.o(i.HAL_UART_ErrorCallback)
    HAL_UART_IRQHandler                      0x08001801   Thumb Code   594  stm32g0xx_hal_uart.o(i.HAL_UART_IRQHandler)
    HAL_UART_Init                            0x08001a65   Thumb Code   108  stm32g0xx_hal_uart.o(i.HAL_UART_Init)
    HAL_UART_MspInit                         0x08001ad1   Thumb Code   172  usart.o(i.HAL_UART_MspInit)
    HAL_UART_Receive_IT                      0x08001b89   Thumb Code    68  stm32g0xx_hal_uart.o(i.HAL_UART_Receive_IT)
    HAL_UART_RxCpltCallback                  0x08001bcd   Thumb Code    30  main.o(i.HAL_UART_RxCpltCallback)
    HAL_UART_Transmit                        0x08001bf9   Thumb Code   216  stm32g0xx_hal_uart.o(i.HAL_UART_Transmit)
    HAL_UART_TxCpltCallback                  0x08001cd1   Thumb Code     2  stm32g0xx_hal_uart.o(i.HAL_UART_TxCpltCallback)
    HardFault_Handler                        0x08001cd3   Thumb Code     2  stm32g0xx_it.o(i.HardFault_Handler)
    MX_GPIO_Init                             0x08001cd5   Thumb Code   134  gpio.o(i.MX_GPIO_Init)
    MX_TIM3_Init                             0x08001d6d   Thumb Code    98  tim.o(i.MX_TIM3_Init)
    MX_USART1_UART_Init                      0x08001ddd   Thumb Code    96  usart.o(i.MX_USART1_UART_Init)
    MX_USART2_UART_Init                      0x08001e45   Thumb Code    96  usart.o(i.MX_USART2_UART_Init)
    NMI_Handler                              0x08001ead   Thumb Code     2  stm32g0xx_it.o(i.NMI_Handler)
    PendSV_Handler                           0x08001eaf   Thumb Code     2  stm32g0xx_it.o(i.PendSV_Handler)
    SVC_Handler                              0x08001eb1   Thumb Code     2  stm32g0xx_it.o(i.SVC_Handler)
    SysTick_Handler                          0x08001eb3   Thumb Code     8  stm32g0xx_it.o(i.SysTick_Handler)
    SystemClock_Config                       0x08001ebb   Thumb Code   132  main.o(i.SystemClock_Config)
    SystemInit                               0x08001f41   Thumb Code    10  system_stm32g0xx.o(i.SystemInit)
    TIM3_IRQHandler                          0x08001f51   Thumb Code    10  stm32g0xx_it.o(i.TIM3_IRQHandler)
    TIM_Base_SetConfig                       0x08001f61   Thumb Code   112  stm32g0xx_hal_tim.o(i.TIM_Base_SetConfig)
    TIM_ETR_SetConfig                        0x08001fe9   Thumb Code    22  stm32g0xx_hal_tim.o(i.TIM_ETR_SetConfig)
    UART_AdvFeatureConfig                    0x080020bd   Thumb Code   202  stm32g0xx_hal_uart.o(i.UART_AdvFeatureConfig)
    UART_CheckIdleState                      0x08002189   Thumb Code    94  stm32g0xx_hal_uart.o(i.UART_CheckIdleState)
    UART_SetConfig                           0x080025a9   Thumb Code   366  stm32g0xx_hal_uart.o(i.UART_SetConfig)
    UART_Start_Receive_IT                    0x08002741   Thumb Code   204  stm32g0xx_hal_uart.o(i.UART_Start_Receive_IT)
    UART_WaitOnFlagUntilTimeout              0x08002821   Thumb Code   156  stm32g0xx_hal_uart.o(i.UART_WaitOnFlagUntilTimeout)
    USART1_IRQHandler                        0x080028bd   Thumb Code    10  stm32g0xx_it.o(i.USART1_IRQHandler)
    USART2_IRQHandler                        0x080028cd   Thumb Code    10  stm32g0xx_it.o(i.USART2_IRQHandler)
    Uart2_SendDATA                           0x080028dd   Thumb Code    28  usart.o(i.Uart2_SendDATA)
    __0printf                                0x080028fd   Thumb Code    24  printfa.o(i.__0printf)
    __1printf                                0x080028fd   Thumb Code     0  printfa.o(i.__0printf)
    __2printf                                0x080028fd   Thumb Code     0  printfa.o(i.__0printf)
    __c89printf                              0x080028fd   Thumb Code     0  printfa.o(i.__0printf)
    printf                                   0x080028fd   Thumb Code     0  printfa.o(i.__0printf)
    __0sprintf                               0x0800291d   Thumb Code    36  printfa.o(i.__0sprintf)
    __1sprintf                               0x0800291d   Thumb Code     0  printfa.o(i.__0sprintf)
    __2sprintf                               0x0800291d   Thumb Code     0  printfa.o(i.__0sprintf)
    __c89sprintf                             0x0800291d   Thumb Code     0  printfa.o(i.__0sprintf)
    sprintf                                  0x0800291d   Thumb Code     0  printfa.o(i.__0sprintf)
    __ARM_clz                                0x08002945   Thumb Code    46  depilogue.o(i.__ARM_clz)
    __aeabi_errno_addr                       0x080029b9   Thumb Code     4  errno.o(i.__aeabi_errno_addr)
    __rt_errno_addr                          0x080029b9   Thumb Code     0  errno.o(i.__aeabi_errno_addr)
    __scatterload_copy                       0x080029c1   Thumb Code    14  handlers.o(i.__scatterload_copy)
    __scatterload_null                       0x080029cf   Thumb Code     2  handlers.o(i.__scatterload_null)
    __scatterload_zeroinit                   0x080029d1   Thumb Code    14  handlers.o(i.__scatterload_zeroinit)
    fat_cmdres_keyword_matching              0x08003299   Thumb Code    44  fat_core.o(i.fat_cmdres_keyword_matching)
    fat_send_wait_cmdres_blocking            0x080032dd   Thumb Code    64  fat_core.o(i.fat_send_wait_cmdres_blocking)
    fat_send_wait_cmdres_nonblocking         0x08003331   Thumb Code    66  fat_core.o(i.fat_send_wait_cmdres_nonblocking)
    fat_send_wait_cmdres_nonblocking_hex     0x08003389   Thumb Code    70  fat_core.o(i.fat_send_wait_cmdres_nonblocking_hex)
    fat_tim_proc                             0x080033e5   Thumb Code    60  fat_core.o(i.fat_tim_proc)
    fat_uart_clean                           0x08003425   Thumb Code    20  fat_core.o(i.fat_uart_clean)
    fat_uart_recv_proc                       0x08003441   Thumb Code    26  fat_core.o(i.fat_uart_recv_proc)
    fat_uart_send_buf                        0x08003465   Thumb Code    26  fat_core.o(i.fat_uart_send_buf)
    fat_uart_send_byte                       0x08003485   Thumb Code     2  fat_core.o(i.fat_uart_send_byte)
    fat_uart_send_str                        0x08003489   Thumb Code    22  fat_core.o(i.fat_uart_send_str)
    fputc                                    0x080034a5   Thumb Code    18  main.o(i.fputc)
    main                                     0x080034c1   Thumb Code    86  main.o(i.main)
    match_csq                                0x08003531   Thumb Code    78  lte_demo.o(i.match_csq)
    match_recv_data                          0x08003589   Thumb Code    52  lte_demo.o(i.match_recv_data)
    match_recv_topic                         0x080035c1   Thumb Code    56  lte_demo.o(i.match_recv_topic)
    module_MQTT                              0x08003609   Thumb Code   170  lte_demo.o(i.module_MQTT)
    module_connet_parm_init                  0x080036c9   Thumb Code   216  lte_demo.o(i.module_connet_parm_init)
    module_data                              0x08003865   Thumb Code   318  lte_demo.o(i.module_data)
    module_flightmode                        0x08003a41   Thumb Code   182  lte_demo.o(i.module_flightmode)
    module_is_ready                          0x08003b65   Thumb Code   310  lte_demo.o(i.module_is_ready)
    module_reset                             0x08003d1d   Thumb Code    70  lte_demo.o(i.module_reset)
    reg_fat_uart_send_byte                   0x08003d6d   Thumb Code    10  fat_core.o(i.reg_fat_uart_send_byte)
    uart2_send_byte                          0x08003d7d   Thumb Code    12  usart.o(i.uart2_send_byte)
    wait_timeout                             0x08003d89   Thumb Code    40  fat_core.o(i.wait_timeout)
    UARTPrescTable                           0x08003db4   Data          24  stm32g0xx_hal_uart.o(.constdata)
    AHBPrescTable                            0x08003dcc   Data          64  system_stm32g0xx.o(.constdata)
    APBPrescTable                            0x08003e0c   Data          32  system_stm32g0xx.o(.constdata)
    __ctype_table                            0x08003e2c   Data         129  ctype_o.o(.constdata)
    Region$$Table$$Base                      0x08003eb4   Number         0  anon$$obj.o(Region$$Table)
    Region$$Table$$Limit                     0x08003ed4   Number         0  anon$$obj.o(Region$$Table)
    aRxBuffer1                               0x20000002   Data           2  main.o(.data)
    aRxBuffer2                               0x20000004   Data           2  main.o(.data)
    ucFATUartEnterRecvFlg                    0x20000008   Data           1  fat_core.o(.data)
    ucFatUartRecvFinishFlg                   0x20000009   Data           1  fat_core.o(.data)
    ucTimeOutStartFlg                        0x2000000a   Data           1  fat_core.o(.data)
    ucTimeOutValReachedFlg                   0x2000000b   Data           1  fat_core.o(.data)
    usFatUartRecvCount                       0x2000000c   Data           2  fat_core.o(.data)
    usFatUartRecvIdleTimeCount               0x2000000e   Data           2  fat_core.o(.data)
    usDelayCount                             0x20000010   Data           2  fat_core.o(.data)
    usTimeOutCount                           0x20000012   Data           2  fat_core.o(.data)
    usTimeOutVal                             0x20000014   Data           2  fat_core.o(.data)
    uart_send_byte                           0x20000018   Data           4  fat_core.o(.data)
    ucStateNum                               0x2000001c   Data           1  lte_demo.o(.data)
    ucErrorTimes                             0x2000001d   Data           1  lte_demo.o(.data)
    ucFlightModeTimes                        0x2000001e   Data           1  lte_demo.o(.data)
    uwTickFreq                               0x20000028   Data           1  stm32g0xx_hal.o(.data)
    uwTickPrio                               0x2000002c   Data           4  stm32g0xx_hal.o(.data)
    uwTick                                   0x20000030   Data           4  stm32g0xx_hal.o(.data)
    SystemCoreClock                          0x20000034   Data           4  system_stm32g0xx.o(.data)
    __stdout                                 0x20000038   Data           4  stdout.o(.data)
    htim3                                    0x20000040   Data          76  tim.o(.bss)
    huart1                                   0x2000008c   Data         144  usart.o(.bss)
    huart2                                   0x2000011c   Data         144  usart.o(.bss)
    cFatUartRecvBuf                          0x200001ac   Data          50  fat_core.o(.bss)
    cSocketRecvBuf                           0x200001de   Data         128  lte_demo.o(.bss)
    EC600uinit                               0x2000027c   Data         141  lte_demo.o(.bss)
    __initial_sp                             0x20000710   Data           0  startup_stm32g070xx.o(STACK)



==============================================================================

Memory Map of the image

  Image Entry point : 0x080000b9

  Load Region LR_IROM1 (Base: 0x08000000, Size: 0x00003f14, Max: 0x00020000, ABSOLUTE)

    Execution Region ER_IROM1 (Exec base: 0x08000000, Load base: 0x08000000, Size: 0x00003ed4, Max: 0x00020000, ABSOLUTE)

    Exec Addr    Load Addr    Size         Type   Attr      Idx    E Section Name        Object

    0x08000000   0x08000000   0x000000b8   Data   RO            3    RESET               startup_stm32g070xx.o
    0x080000b8   0x080000b8   0x00000000   Code   RO         3447  * .ARM.Collect$$$$00000000  mc_p.l(entry.o)
    0x080000b8   0x080000b8   0x00000004   Code   RO         3725    .ARM.Collect$$$$00000001  mc_p.l(entry2.o)
    0x080000bc   0x080000bc   0x00000004   Code   RO         3728    .ARM.Collect$$$$00000004  mc_p.l(entry5.o)
    0x080000c0   0x080000c0   0x00000000   Code   RO         3730    .ARM.Collect$$$$00000008  mc_p.l(entry7b.o)
    0x080000c0   0x080000c0   0x00000000   Code   RO         3732    .ARM.Collect$$$$0000000A  mc_p.l(entry8b.o)
    0x080000c0   0x080000c0   0x00000008   Code   RO         3733    .ARM.Collect$$$$0000000B  mc_p.l(entry9a.o)
    0x080000c8   0x080000c8   0x00000000   Code   RO         3735    .ARM.Collect$$$$0000000D  mc_p.l(entry10a.o)
    0x080000c8   0x080000c8   0x00000000   Code   RO         3737    .ARM.Collect$$$$0000000F  mc_p.l(entry11a.o)
    0x080000c8   0x080000c8   0x00000004   Code   RO         3726    .ARM.Collect$$$$00002712  mc_p.l(entry2.o)
    0x080000cc   0x080000cc   0x0000001c   Code   RO            4    .text               startup_stm32g070xx.o
    0x080000e8   0x080000e8   0x0000002c   Code   RO         3450    .text               mc_p.l(uidiv.o)
    0x08000114   0x08000114   0x00000024   Code   RO         3452    .text               mc_p.l(memcpya.o)
    0x08000138   0x08000138   0x00000024   Code   RO         3454    .text               mc_p.l(memseta.o)
    0x0800015c   0x0800015c   0x00000028   Code   RO         3456    .text               mc_p.l(strstr.o)
    0x08000184   0x08000184   0x0000000e   Code   RO         3458    .text               mc_p.l(strlen.o)
    0x08000192   0x08000192   0x0000001a   Code   RO         3723    .text               mc_p.l(atoi.o)
    0x080001ac   0x080001ac   0x00000060   Code   RO         3740    .text               mc_p.l(uldiv.o)
    0x0800020c   0x0800020c   0x00000070   Code   RO         3749    .text               mc_p.l(strtol.o)
    0x0800027c   0x0800027c   0x00000000   Code   RO         3751    .text               mc_p.l(iusefp.o)
    0x0800027c   0x0800027c   0x00000164   Code   RO         3752    .text               mf_p.l(dadd.o)
    0x080003e0   0x080003e0   0x000000d0   Code   RO         3754    .text               mf_p.l(dmul.o)
    0x080004b0   0x080004b0   0x000000f0   Code   RO         3756    .text               mf_p.l(ddiv.o)
    0x080005a0   0x080005a0   0x00000040   Code   RO         3758    .text               mf_p.l(dfixul.o)
    0x080005e0   0x080005e0   0x00000028   Code   RO         3760    .text               mf_p.l(cdrcmple.o)
    0x08000608   0x08000608   0x00000024   Code   RO         3762    .text               mc_p.l(init.o)
    0x0800062c   0x0800062c   0x00000020   Code   RO         3764    .text               mc_p.l(llshl.o)
    0x0800064c   0x0800064c   0x00000022   Code   RO         3766    .text               mc_p.l(llushr.o)
    0x0800066e   0x0800066e   0x00000026   Code   RO         3768    .text               mc_p.l(llsshr.o)
    0x08000694   0x08000694   0x00000008   Code   RO         3770    .text               mc_p.l(ctype_o.o)
    0x0800069c   0x0800069c   0x000000a6   Code   RO         3798    .text               mc_p.l(_strtoul.o)
    0x08000742   0x08000742   0x000000be   Code   RO         3800    .text               mf_p.l(depilogue.o)
    0x08000800   0x08000800   0x0000001e   Code   RO         3804    .text               mc_p.l(_chval.o)
    0x0800081e   0x0800081e   0x00000004   Code   RO           12    i.Error_Handler     main.o
    0x08000822   0x08000822   0x00000002   PAD
    0x08000824   0x08000824   0x00000074   Code   RO         2183    i.HAL_DMA_Abort     stm32g0xx_hal_dma.o
    0x08000898   0x08000898   0x0000007c   Code   RO         2184    i.HAL_DMA_Abort_IT  stm32g0xx_hal_dma.o
    0x08000914   0x08000914   0x0000015c   Code   RO         2116    i.HAL_GPIO_Init     stm32g0xx_hal_gpio.o
    0x08000a70   0x08000a70   0x00000010   Code   RO         2119    i.HAL_GPIO_TogglePin  stm32g0xx_hal_gpio.o
    0x08000a80   0x08000a80   0x0000000c   Code   RO         2120    i.HAL_GPIO_WritePin  stm32g0xx_hal_gpio.o
    0x08000a8c   0x08000a8c   0x0000000c   Code   RO         2645    i.HAL_GetTick       stm32g0xx_hal.o
    0x08000a98   0x08000a98   0x00000010   Code   RO         2651    i.HAL_IncTick       stm32g0xx_hal.o
    0x08000aa8   0x08000aa8   0x00000028   Code   RO         2652    i.HAL_Init          stm32g0xx_hal.o
    0x08000ad0   0x08000ad0   0x00000048   Code   RO         2653    i.HAL_InitTick      stm32g0xx_hal.o
    0x08000b18   0x08000b18   0x00000034   Code   RO          495    i.HAL_MspInit       stm32g0xx_hal_msp.o
    0x08000b4c   0x08000b4c   0x00000018   Code   RO         2529    i.HAL_NVIC_EnableIRQ  stm32g0xx_hal_cortex.o
    0x08000b64   0x08000b64   0x00000008   Code   RO         2533    i.HAL_NVIC_SetPriority  stm32g0xx_hal_cortex.o
    0x08000b6c   0x08000b6c   0x0000004c   Code   RO         2414    i.HAL_PWREx_ControlVoltageScaling  stm32g0xx_hal_pwr_ex.o
    0x08000bb8   0x08000bb8   0x00000160   Code   RO         1882    i.HAL_RCCEx_PeriphCLKConfig  stm32g0xx_hal_rcc_ex.o
    0x08000d18   0x08000d18   0x00000158   Code   RO         1772    i.HAL_RCC_ClockConfig  stm32g0xx_hal_rcc.o
    0x08000e70   0x08000e70   0x00000028   Code   RO         1780    i.HAL_RCC_GetPCLK1Freq  stm32g0xx_hal_rcc.o
    0x08000e98   0x08000e98   0x0000008c   Code   RO         1781    i.HAL_RCC_GetSysClockFreq  stm32g0xx_hal_rcc.o
    0x08000f24   0x08000f24   0x000003e0   Code   RO         1785    i.HAL_RCC_OscConfig  stm32g0xx_hal_rcc.o
    0x08001304   0x08001304   0x00000014   Code   RO         2661    i.HAL_SYSCFG_StrobeDBattpinsConfig  stm32g0xx_hal.o
    0x08001318   0x08001318   0x00000030   Code   RO         2537    i.HAL_SYSTICK_Config  stm32g0xx_hal_cortex.o
    0x08001348   0x08001348   0x00000002   Code   RO         1472    i.HAL_TIMEx_Break2Callback  stm32g0xx_hal_tim_ex.o
    0x0800134a   0x0800134a   0x00000002   Code   RO         1473    i.HAL_TIMEx_BreakCallback  stm32g0xx_hal_tim_ex.o
    0x0800134c   0x0800134c   0x00000002   Code   RO         1474    i.HAL_TIMEx_CommutCallback  stm32g0xx_hal_tim_ex.o
    0x0800134e   0x0800134e   0x00000002   PAD
    0x08001350   0x08001350   0x0000006c   Code   RO         1495    i.HAL_TIMEx_MasterConfigSynchronization  stm32g0xx_hal_tim_ex.o
    0x080013bc   0x080013bc   0x0000004c   Code   RO          760    i.HAL_TIM_Base_Init  stm32g0xx_hal_tim.o
    0x08001408   0x08001408   0x00000034   Code   RO          330    i.HAL_TIM_Base_MspInit  tim.o
    0x0800143c   0x0800143c   0x0000005c   Code   RO          765    i.HAL_TIM_Base_Start_IT  stm32g0xx_hal_tim.o
    0x08001498   0x08001498   0x000000d8   Code   RO          769    i.HAL_TIM_ConfigClockSource  stm32g0xx_hal_tim.o
    0x08001570   0x08001570   0x00000002   Code   RO          794    i.HAL_TIM_IC_CaptureCallback  stm32g0xx_hal_tim.o
    0x08001572   0x08001572   0x00000002   PAD
    0x08001574   0x08001574   0x00000184   Code   RO          808    i.HAL_TIM_IRQHandler  stm32g0xx_hal_tim.o
    0x080016f8   0x080016f8   0x00000002   Code   RO          811    i.HAL_TIM_OC_DelayElapsedCallback  stm32g0xx_hal_tim.o
    0x080016fa   0x080016fa   0x00000002   Code   RO          838    i.HAL_TIM_PWM_PulseFinishedCallback  stm32g0xx_hal_tim.o
    0x080016fc   0x080016fc   0x0000002c   Code   RO           13    i.HAL_TIM_PeriodElapsedCallback  main.o
    0x08001728   0x08001728   0x00000002   Code   RO          851    i.HAL_TIM_TriggerCallback  stm32g0xx_hal_tim.o
    0x0800172a   0x0800172a   0x0000003c   Code   RO         3308    i.HAL_UARTEx_DisableFifoMode  stm32g0xx_hal_uart_ex.o
    0x08001766   0x08001766   0x00000002   Code   RO         2901    i.HAL_UARTEx_RxEventCallback  stm32g0xx_hal_uart.o
    0x08001768   0x08001768   0x00000002   Code   RO         3315    i.HAL_UARTEx_RxFifoFullCallback  stm32g0xx_hal_uart_ex.o
    0x0800176a   0x0800176a   0x00000048   Code   RO         3316    i.HAL_UARTEx_SetRxFifoThreshold  stm32g0xx_hal_uart_ex.o
    0x080017b2   0x080017b2   0x00000046   Code   RO         3317    i.HAL_UARTEx_SetTxFifoThreshold  stm32g0xx_hal_uart_ex.o
    0x080017f8   0x080017f8   0x00000002   Code   RO         3319    i.HAL_UARTEx_TxFifoEmptyCallback  stm32g0xx_hal_uart_ex.o
    0x080017fa   0x080017fa   0x00000002   Code   RO         3320    i.HAL_UARTEx_WakeupCallback  stm32g0xx_hal_uart_ex.o
    0x080017fc   0x080017fc   0x00000002   Code   RO         2917    i.HAL_UART_ErrorCallback  stm32g0xx_hal_uart.o
    0x080017fe   0x080017fe   0x00000002   PAD
    0x08001800   0x08001800   0x00000264   Code   RO         2920    i.HAL_UART_IRQHandler  stm32g0xx_hal_uart.o
    0x08001a64   0x08001a64   0x0000006c   Code   RO         2921    i.HAL_UART_Init     stm32g0xx_hal_uart.o
    0x08001ad0   0x08001ad0   0x000000b8   Code   RO          368    i.HAL_UART_MspInit  usart.o
    0x08001b88   0x08001b88   0x00000044   Code   RO         2926    i.HAL_UART_Receive_IT  stm32g0xx_hal_uart.o
    0x08001bcc   0x08001bcc   0x0000002c   Code   RO           14    i.HAL_UART_RxCpltCallback  main.o
    0x08001bf8   0x08001bf8   0x000000d8   Code   RO         2930    i.HAL_UART_Transmit  stm32g0xx_hal_uart.o
    0x08001cd0   0x08001cd0   0x00000002   Code   RO         2933    i.HAL_UART_TxCpltCallback  stm32g0xx_hal_uart.o
    0x08001cd2   0x08001cd2   0x00000002   Code   RO          429    i.HardFault_Handler  stm32g0xx_it.o
    0x08001cd4   0x08001cd4   0x00000098   Code   RO          206    i.MX_GPIO_Init      gpio.o
    0x08001d6c   0x08001d6c   0x00000070   Code   RO          331    i.MX_TIM3_Init      tim.o
    0x08001ddc   0x08001ddc   0x00000068   Code   RO          369    i.MX_USART1_UART_Init  usart.o
    0x08001e44   0x08001e44   0x00000068   Code   RO          370    i.MX_USART2_UART_Init  usart.o
    0x08001eac   0x08001eac   0x00000002   Code   RO          430    i.NMI_Handler       stm32g0xx_it.o
    0x08001eae   0x08001eae   0x00000002   Code   RO          431    i.PendSV_Handler    stm32g0xx_it.o
    0x08001eb0   0x08001eb0   0x00000002   Code   RO          432    i.SVC_Handler       stm32g0xx_it.o
    0x08001eb2   0x08001eb2   0x00000008   Code   RO          433    i.SysTick_Handler   stm32g0xx_it.o
    0x08001eba   0x08001eba   0x00000084   Code   RO           15    i.SystemClock_Config  main.o
    0x08001f3e   0x08001f3e   0x00000002   PAD
    0x08001f40   0x08001f40   0x00000010   Code   RO         3416    i.SystemInit        system_stm32g0xx.o
    0x08001f50   0x08001f50   0x00000010   Code   RO          434    i.TIM3_IRQHandler   stm32g0xx_it.o
    0x08001f60   0x08001f60   0x00000088   Code   RO          853    i.TIM_Base_SetConfig  stm32g0xx_hal_tim.o
    0x08001fe8   0x08001fe8   0x00000016   Code   RO          864    i.TIM_ETR_SetConfig  stm32g0xx_hal_tim.o
    0x08001ffe   0x08001ffe   0x00000002   PAD
    0x08002000   0x08002000   0x00000014   Code   RO          865    i.TIM_ITRx_SetConfig  stm32g0xx_hal_tim.o
    0x08002014   0x08002014   0x00000022   Code   RO          873    i.TIM_TI1_ConfigInputStage  stm32g0xx_hal_tim.o
    0x08002036   0x08002036   0x00000026   Code   RO          875    i.TIM_TI2_ConfigInputStage  stm32g0xx_hal_tim.o
    0x0800205c   0x0800205c   0x00000060   Code   RO         3321    i.UARTEx_SetNbDataToProcess  stm32g0xx_hal_uart_ex.o
    0x080020bc   0x080020bc   0x000000ca   Code   RO         2935    i.UART_AdvFeatureConfig  stm32g0xx_hal_uart.o
    0x08002186   0x08002186   0x00000002   PAD
    0x08002188   0x08002188   0x00000064   Code   RO         2936    i.UART_CheckIdleState  stm32g0xx_hal_uart.o
    0x080021ec   0x080021ec   0x00000014   Code   RO         2937    i.UART_DMAAbortOnError  stm32g0xx_hal_uart.o
    0x08002200   0x08002200   0x00000038   Code   RO         2947    i.UART_EndRxTransfer  stm32g0xx_hal_uart.o
    0x08002238   0x08002238   0x0000007a   Code   RO         2949    i.UART_RxISR_16BIT  stm32g0xx_hal_uart.o
    0x080022b2   0x080022b2   0x00000002   PAD
    0x080022b4   0x080022b4   0x0000013c   Code   RO         2950    i.UART_RxISR_16BIT_FIFOEN  stm32g0xx_hal_uart.o
    0x080023f0   0x080023f0   0x0000007a   Code   RO         2951    i.UART_RxISR_8BIT   stm32g0xx_hal_uart.o
    0x0800246a   0x0800246a   0x00000002   PAD
    0x0800246c   0x0800246c   0x0000013c   Code   RO         2952    i.UART_RxISR_8BIT_FIFOEN  stm32g0xx_hal_uart.o
    0x080025a8   0x080025a8   0x00000198   Code   RO         2953    i.UART_SetConfig    stm32g0xx_hal_uart.o
    0x08002740   0x08002740   0x000000e0   Code   RO         2955    i.UART_Start_Receive_IT  stm32g0xx_hal_uart.o
    0x08002820   0x08002820   0x0000009c   Code   RO         2960    i.UART_WaitOnFlagUntilTimeout  stm32g0xx_hal_uart.o
    0x080028bc   0x080028bc   0x00000010   Code   RO          435    i.USART1_IRQHandler  stm32g0xx_it.o
    0x080028cc   0x080028cc   0x00000010   Code   RO          436    i.USART2_IRQHandler  stm32g0xx_it.o
    0x080028dc   0x080028dc   0x00000020   Code   RO          372    i.Uart2_SendDATA    usart.o
    0x080028fc   0x080028fc   0x00000020   Code   RO         3695    i.__0printf         mc_p.l(printfa.o)
    0x0800291c   0x0800291c   0x00000028   Code   RO         3697    i.__0sprintf        mc_p.l(printfa.o)
    0x08002944   0x08002944   0x0000002e   Code   RO         3802    i.__ARM_clz         mf_p.l(depilogue.o)
    0x08002972   0x08002972   0x00000002   PAD
    0x08002974   0x08002974   0x00000044   Code   RO         2539    i.__NVIC_SetPriority  stm32g0xx_hal_cortex.o
    0x080029b8   0x080029b8   0x00000008   Code   RO         3742    i.__aeabi_errno_addr  mc_p.l(errno.o)
    0x080029c0   0x080029c0   0x0000000e   Code   RO         3808    i.__scatterload_copy  mc_p.l(handlers.o)
    0x080029ce   0x080029ce   0x00000002   Code   RO         3809    i.__scatterload_null  mc_p.l(handlers.o)
    0x080029d0   0x080029d0   0x0000000e   Code   RO         3810    i.__scatterload_zeroinit  mc_p.l(handlers.o)
    0x080029de   0x080029de   0x00000002   PAD
    0x080029e0   0x080029e0   0x00000174   Code   RO         3702    i._fp_digits        mc_p.l(printfa.o)
    0x08002b54   0x08002b54   0x000006ec   Code   RO         3703    i._printf_core      mc_p.l(printfa.o)
    0x08003240   0x08003240   0x00000020   Code   RO         3704    i._printf_post_padding  mc_p.l(printfa.o)
    0x08003260   0x08003260   0x0000002c   Code   RO         3705    i._printf_pre_padding  mc_p.l(printfa.o)
    0x0800328c   0x0800328c   0x0000000a   Code   RO         3707    i._sputc            mc_p.l(printfa.o)
    0x08003296   0x08003296   0x00000002   PAD
    0x08003298   0x08003298   0x00000044   Code   RO          513    i.fat_cmdres_keyword_matching  fat_core.o
    0x080032dc   0x080032dc   0x00000054   Code   RO          515    i.fat_send_wait_cmdres_blocking  fat_core.o
    0x08003330   0x08003330   0x00000058   Code   RO          516    i.fat_send_wait_cmdres_nonblocking  fat_core.o
    0x08003388   0x08003388   0x0000005c   Code   RO          517    i.fat_send_wait_cmdres_nonblocking_hex  fat_core.o
    0x080033e4   0x080033e4   0x00000040   Code   RO          518    i.fat_tim_proc      fat_core.o
    0x08003424   0x08003424   0x0000001c   Code   RO          519    i.fat_uart_clean    fat_core.o
    0x08003440   0x08003440   0x00000024   Code   RO          520    i.fat_uart_recv_proc  fat_core.o
    0x08003464   0x08003464   0x00000020   Code   RO          521    i.fat_uart_send_buf  fat_core.o
    0x08003484   0x08003484   0x00000002   Code   RO          522    i.fat_uart_send_byte  fat_core.o
    0x08003486   0x08003486   0x00000002   PAD
    0x08003488   0x08003488   0x0000001c   Code   RO          523    i.fat_uart_send_str  fat_core.o
    0x080034a4   0x080034a4   0x0000001c   Code   RO           16    i.fputc             main.o
    0x080034c0   0x080034c0   0x00000070   Code   RO           17    i.main              main.o
    0x08003530   0x08003530   0x00000058   Code   RO          613    i.match_csq         lte_demo.o
    0x08003588   0x08003588   0x00000038   Code   RO          614    i.match_recv_data   lte_demo.o
    0x080035c0   0x080035c0   0x00000048   Code   RO          615    i.match_recv_topic  lte_demo.o
    0x08003608   0x08003608   0x000000c0   Code   RO          616    i.module_MQTT       lte_demo.o
    0x080036c8   0x080036c8   0x0000019c   Code   RO          617    i.module_connet_parm_init  lte_demo.o
    0x08003864   0x08003864   0x000001dc   Code   RO          618    i.module_data       lte_demo.o
    0x08003a40   0x08003a40   0x00000124   Code   RO          619    i.module_flightmode  lte_demo.o
    0x08003b64   0x08003b64   0x000001b8   Code   RO          620    i.module_is_ready   lte_demo.o
    0x08003d1c   0x08003d1c   0x00000050   Code   RO          621    i.module_reset      lte_demo.o
    0x08003d6c   0x08003d6c   0x00000010   Code   RO          524    i.reg_fat_uart_send_byte  fat_core.o
    0x08003d7c   0x08003d7c   0x0000000c   Code   RO          373    i.uart2_send_byte   usart.o
    0x08003d88   0x08003d88   0x0000002c   Code   RO          525    i.wait_timeout      fat_core.o
    0x08003db4   0x08003db4   0x00000018   Data   RO         2961    .constdata          stm32g0xx_hal_uart.o
    0x08003dcc   0x08003dcc   0x00000040   Data   RO         3417    .constdata          system_stm32g0xx.o
    0x08003e0c   0x08003e0c   0x00000020   Data   RO         3418    .constdata          system_stm32g0xx.o
    0x08003e2c   0x08003e2c   0x00000081   Data   RO         3771    .constdata          mc_p.l(ctype_o.o)
    0x08003ead   0x08003ead   0x00000003   PAD
    0x08003eb0   0x08003eb0   0x00000004   Data   RO         3772    .constdata          mc_p.l(ctype_o.o)
    0x08003eb4   0x08003eb4   0x00000020   Data   RO         3806    Region$$Table       anon$$obj.o


    Execution Region RW_IRAM1 (Exec base: 0x20000000, Load base: 0x08003ed4, Size: 0x00000710, Max: 0x00009000, ABSOLUTE)

    Exec Addr    Load Addr    Size         Type   Attr      Idx    E Section Name        Object

    0x20000000   0x08003ed4   0x00000006   Data   RW           19    .data               main.o
    0x20000006   0x08003eda   0x00000002   PAD
    0x20000008   0x08003edc   0x00000014   Data   RW          527    .data               fat_core.o
    0x2000001c   0x08003ef0   0x0000000c   Data   RW          624    .data               lte_demo.o
    0x20000028   0x08003efc   0x0000000c   Data   RW         2664    .data               stm32g0xx_hal.o
    0x20000034   0x08003f08   0x00000004   Data   RW         3419    .data               system_stm32g0xx.o
    0x20000038   0x08003f0c   0x00000004   Data   RW         3739    .data               mc_p.l(stdout.o)
    0x2000003c   0x08003f10   0x00000004   Data   RW         3745    .data               mc_p.l(errno.o)
    0x20000040        -       0x0000004c   Zero   RW          332    .bss                tim.o
    0x2000008c        -       0x00000120   Zero   RW          374    .bss                usart.o
    0x200001ac        -       0x00000032   Zero   RW          526    .bss                fat_core.o
    0x200001de        -       0x0000012b   Zero   RW          622    .bss                lte_demo.o
    0x20000309   0x08003f14   0x00000007   PAD
    0x20000310        -       0x00000400   Zero   RW            1    STACK               startup_stm32g070xx.o


==============================================================================

Image component sizes


      Code (inc. data)   RO Data    RW Data    ZI Data      Debug   Object Name

       582        132          0         20         50       8449   fat_core.o
       152         18          0          0          0     398000   gpio.o
      2108        656          0         12        299       7944   lte_demo.o
       364         58          0          6          0     394863   main.o
        28          8        184          0       1024        636   startup_stm32g070xx.o
       160         26          0         12          0      16440   stm32g0xx_hal.o
       148         24          0          0          0      12193   stm32g0xx_hal_cortex.o
       240         10          0          0          0       1979   stm32g0xx_hal_dma.o
       376         18          0          0          0       2937   stm32g0xx_hal_gpio.o
        52          6          0          0          0        874   stm32g0xx_hal_msp.o
        76         14          0          0          0        762   stm32g0xx_hal_pwr_ex.o
      1516         88          0          0          0      20313   stm32g0xx_hal_rcc.o
       352         14          0          0          0       1676   stm32g0xx_hal_rcc_ex.o
      1030         58          0          0          0       9753   stm32g0xx_hal_tim.o
       114         12          0          0          0       3044   stm32g0xx_hal_tim_ex.o
      3052        106         24          0          0      35426   stm32g0xx_hal_uart.o
       304         16          0          0          0       5374   stm32g0xx_hal_uart_ex.o
        64         18          0          0          0       3657   stm32g0xx_it.o
        16          6         96          4          0       1195   system_stm32g0xx.o
       164         22          0          0         76       1682   tim.o
       436         32          0          0        288       3542   usart.o

    ----------------------------------------------------------------------
     11354       1342        336         56       1744     930739   Object Totals
         0          0         32          0          0          0   (incl. Generated)
        20          0          0          2          7          0   (incl. Padding)

    ----------------------------------------------------------------------

      Code (inc. data)   RO Data    RW Data    ZI Data      Debug   Library Member Name

        30          0          0          0          0         60   _chval.o
       166          0          0          0          0         84   _strtoul.o
        26          0          0          0          0         72   atoi.o
         8          4        133          0          0         60   ctype_o.o
         0          0          0          0          0          0   entry.o
         0          0          0          0          0          0   entry10a.o
         0          0          0          0          0          0   entry11a.o
         8          4          0          0          0          0   entry2.o
         4          0          0          0          0          0   entry5.o
         0          0          0          0          0          0   entry7b.o
         0          0          0          0          0          0   entry8b.o
         8          4          0          0          0          0   entry9a.o
         8          4          0          4          0         60   errno.o
        30          0          0          0          0          0   handlers.o
        36          8          0          0          0         68   init.o
         0          0          0          0          0          0   iusefp.o
        32          0          0          0          0         68   llshl.o
        38          0          0          0          0         68   llsshr.o
        34          0          0          0          0         68   llushr.o
        36          0          0          0          0         60   memcpya.o
        36          0          0          0          0        100   memseta.o
      2302        102          0          0          0        556   printfa.o
         0          0          0          4          0          0   stdout.o
        14          0          0          0          0         60   strlen.o
        40          0          0          0          0         72   strstr.o
       112          4          0          0          0         76   strtol.o
        44          0          0          0          0         72   uidiv.o
        96          0          0          0          0         84   uldiv.o
        40          2          0          0          0         68   cdrcmple.o
       356          4          0          0          0        140   dadd.o
       240          6          0          0          0         84   ddiv.o
       236          0          0          0          0        216   depilogue.o
        64         10          0          0          0         68   dfixul.o
       208          6          0          0          0         88   dmul.o

    ----------------------------------------------------------------------
      4258        158        136          8          0       2352   Library Totals
         6          0          3          0          0          0   (incl. Padding)

    ----------------------------------------------------------------------

      Code (inc. data)   RO Data    RW Data    ZI Data      Debug   Library Name

      3108        130        133          8          0       1688   mc_p.l
      1144         28          0          0          0        664   mf_p.l

    ----------------------------------------------------------------------
      4258        158        136          8          0       2352   Library Totals

    ----------------------------------------------------------------------

==============================================================================


      Code (inc. data)   RO Data    RW Data    ZI Data      Debug   

     15612       1500        472         64       1744     927471   Grand Totals
     15612       1500        472         64       1744     927471   ELF Image Totals
     15612       1500        472         64          0          0   ROM Totals

==============================================================================

    Total RO  Size (Code + RO Data)                16084 (  15.71kB)
    Total RW  Size (RW Data + ZI Data)              1808 (   1.77kB)
    Total ROM Size (Code + RO Data + RW Data)      16148 (  15.77kB)

==============================================================================

