Component: ARM Compiler 5.06 update 6 (build 750) Tool: armlink [4d35ed]

==============================================================================

Section Cross References

    startup_stm32g070xx.o(RESET) refers to startup_stm32g070xx.o(STACK) for __initial_sp
    startup_stm32g070xx.o(RESET) refers to startup_stm32g070xx.o(.text) for Reset_Handler
    startup_stm32g070xx.o(RESET) refers to stm32g0xx_it.o(i.NMI_Handler) for NMI_Handler
    startup_stm32g070xx.o(RESET) refers to stm32g0xx_it.o(i.HardFault_Handler) for HardFault_Handler
    startup_stm32g070xx.o(RESET) refers to stm32g0xx_it.o(i.SVC_Handler) for SVC_Handler
    startup_stm32g070xx.o(RESET) refers to stm32g0xx_it.o(i.PendSV_Handler) for PendSV_Handler
    startup_stm32g070xx.o(RESET) refers to stm32g0xx_it.o(i.SysTick_Handler) for SysTick_Handler
    startup_stm32g070xx.o(RESET) refers to stm32g0xx_it.o(i.DMA1_Channel1_IRQHandler) for DMA1_Channel1_IRQHandler
    startup_stm32g070xx.o(RESET) refers to stm32g0xx_it.o(i.TIM3_IRQHandler) for TIM3_IRQHandler
    startup_stm32g070xx.o(RESET) refers to stm32g0xx_it.o(i.USART1_IRQHandler) for USART1_IRQHandler
    startup_stm32g070xx.o(RESET) refers to stm32g0xx_it.o(i.USART2_IRQHandler) for USART2_IRQHandler
    startup_stm32g070xx.o(RESET) refers to stm32g0xx_it.o(i.USART3_4_IRQHandler) for USART3_4_IRQHandler
    startup_stm32g070xx.o(.text) refers to system_stm32g0xx.o(i.SystemInit) for SystemInit
    startup_stm32g070xx.o(.text) refers to entry.o(.ARM.Collect$$$$00000000) for __main
    main.o(i.HAL_ADC_ConvCpltCallback) refers to main.o(.data) for .data
    main.o(i.SystemClock_Config) refers to memseta.o(.text) for __aeabi_memclr4
    main.o(i.SystemClock_Config) refers to stm32g0xx_hal_pwr_ex.o(i.HAL_PWREx_ControlVoltageScaling) for HAL_PWREx_ControlVoltageScaling
    main.o(i.SystemClock_Config) refers to stm32g0xx_hal_rcc.o(i.HAL_RCC_OscConfig) for HAL_RCC_OscConfig
    main.o(i.SystemClock_Config) refers to stm32g0xx_hal_rcc.o(i.HAL_RCC_ClockConfig) for HAL_RCC_ClockConfig
    main.o(i.SystemClock_Config) refers to stm32g0xx_hal_rcc_ex.o(i.HAL_RCCEx_PeriphCLKConfig) for HAL_RCCEx_PeriphCLKConfig
    main.o(i.fputc) refers to stm32g0xx_hal_uart.o(i.HAL_UART_Transmit) for HAL_UART_Transmit
    main.o(i.fputc) refers to usart.o(.bss) for huart2
    main.o(i.main) refers to stm32g0xx_hal.o(i.HAL_Init) for HAL_Init
    main.o(i.main) refers to main.o(i.SystemClock_Config) for SystemClock_Config
    main.o(i.main) refers to delay.o(i.delay_init) for delay_init
    main.o(i.main) refers to gpio.o(i.MX_GPIO_Init) for MX_GPIO_Init
    main.o(i.main) refers to dma.o(i.MX_DMA_Init) for MX_DMA_Init
    main.o(i.main) refers to adc.o(i.MX_ADC1_Init) for MX_ADC1_Init
    main.o(i.main) refers to usart.o(i.MX_USART1_UART_Init) for MX_USART1_UART_Init
    main.o(i.main) refers to usart.o(i.MX_USART2_UART_Init) for MX_USART2_UART_Init
    main.o(i.main) refers to usart.o(i.MX_USART3_UART_Init) for MX_USART3_UART_Init
    main.o(i.main) refers to usart.o(i.MX_USART4_UART_Init) for MX_USART4_UART_Init
    main.o(i.main) refers to tim.o(i.MX_TIM3_Init) for MX_TIM3_Init
    main.o(i.main) refers to stm32g0xx_hal_gpio.o(i.HAL_GPIO_WritePin) for HAL_GPIO_WritePin
    main.o(i.main) refers to ec600u.o(i.MX_IWDG_Init) for MX_IWDG_Init
    main.o(i.main) refers to stm32g0xx_hal_adc_ex.o(i.HAL_ADCEx_Calibration_Start) for HAL_ADCEx_Calibration_Start
    main.o(i.main) refers to stm32g0xx_hal_adc.o(i.HAL_ADC_Start_DMA) for HAL_ADC_Start_DMA
    main.o(i.main) refers to stm32g0xx_hal_tim.o(i.HAL_TIM_Base_Start_IT) for HAL_TIM_Base_Start_IT
    main.o(i.main) refers to stm32g0xx_hal_uart.o(i.HAL_UART_Receive_IT) for HAL_UART_Receive_IT
    main.o(i.main) refers to stmflash.o(i.Read_all_1) for Read_all_1
    main.o(i.main) refers to ec600u.o(i.Cat_chushihua) for Cat_chushihua
    main.o(i.main) refers to modbus.o(i.Send_control_word) for Send_control_word
    main.o(i.main) refers to dacailcd.o(i.queue_reset) for queue_reset
    main.o(i.main) refers to control.o(i.zhuangtai_chushihua) for zhuangtai_chushihua
    main.o(i.main) refers to ec600u.o(i.IWDG_Feed) for IWDG_Feed
    main.o(i.main) refers to delay.o(i.delay_ms) for delay_ms
    main.o(i.main) refers to ec600u.o(i.cat1_excute) for cat1_excute
    main.o(i.main) refers to stmflash.o(i.sure_write_eepall_1) for sure_write_eepall_1
    main.o(i.main) refers to uidiv.o(.text) for __aeabi_uidivmod
    main.o(i.main) refers to control.o(i.control_wait) for control_wait
    main.o(i.main) refers to stm32g0xx_hal_gpio.o(i.HAL_GPIO_TogglePin) for HAL_GPIO_TogglePin
    main.o(i.main) refers to dacailcd.o(i.SetTextValue) for SetTextValue
    main.o(i.main) refers to dacailcd.o(i.SetTextInt32) for SetTextInt32
    main.o(i.main) refers to dacailcd.o(i.queue_find_cmd) for queue_find_cmd
    main.o(i.main) refers to dacailcd.o(i.ProcessMessage) for ProcessMessage
    main.o(i.main) refers to control.o(i.KongZhi_guozheng1_hand) for KongZhi_guozheng1_hand
[...]
    FLASH_IRQHandler                         0x080000df   Thumb Code     0  startup_stm32g070xx.o(.text)
    I2C1_IRQHandler                          0x080000df   Thumb Code     0  startup_stm32g070xx.o(.text)
    I2C2_IRQHandler                          0x080000df   Thumb Code     0  startup_stm32g070xx.o(.text)
    RCC_IRQHandler                           0x080000df   Thumb Code     0  startup_stm32g070xx.o(.text)
    RTC_TAMP_IRQHandler                      0x080000df   Thumb Code     0  startup_stm32g070xx.o(.text)
    SPI1_IRQHandler                          0x080000df   Thumb Code     0  startup_stm32g070xx.o(.text)
    SPI2_IRQHandler                          0x080000df   Thumb Code     0  startup_stm32g070xx.o(.text)
    TIM14_IRQHandler                         0x080000df   Thumb Code     0  startup_stm32g070xx.o(.text)
    TIM15_IRQHandler                         0x080000df   Thumb Code     0  startup_stm32g070xx.o(.text)
    TIM16_IRQHandler                         0x080000df   Thumb Code     0  startup_stm32g070xx.o(.text)
    TIM17_IRQHandler                         0x080000df   Thumb Code     0  startup_stm32g070xx.o(.text)
    TIM1_BRK_UP_TRG_COM_IRQHandler           0x080000df   Thumb Code     0  startup_stm32g070xx.o(.text)
    TIM1_CC_IRQHandler                       0x080000df   Thumb Code     0  startup_stm32g070xx.o(.text)
    TIM6_IRQHandler                          0x080000df   Thumb Code     0  startup_stm32g070xx.o(.text)
    TIM7_IRQHandler                          0x080000df   Thumb Code     0  startup_stm32g070xx.o(.text)
    WWDG_IRQHandler                          0x080000df   Thumb Code     0  startup_stm32g070xx.o(.text)
    __aeabi_uidiv                            0x080000e9   Thumb Code     0  uidiv.o(.text)
    __aeabi_uidivmod                         0x080000e9   Thumb Code    44  uidiv.o(.text)
    toupper                                  0x08000115   Thumb Code    12  toupper.o(.text)
    __aeabi_memcpy                           0x08000121   Thumb Code    36  memcpya.o(.text)
    __aeabi_memcpy4                          0x08000121   Thumb Code     0  memcpya.o(.text)
    __aeabi_memcpy8                          0x08000121   Thumb Code     0  memcpya.o(.text)
    __aeabi_memset                           0x08000145   Thumb Code    14  memseta.o(.text)
    __aeabi_memset4                          0x08000145   Thumb Code     0  memseta.o(.text)
    __aeabi_memset8                          0x08000145   Thumb Code     0  memseta.o(.text)
    __aeabi_memclr                           0x08000153   Thumb Code     4  memseta.o(.text)
    __aeabi_memclr4                          0x08000153   Thumb Code     0  memseta.o(.text)
    __aeabi_memclr8                          0x08000153   Thumb Code     0  memseta.o(.text)
    _memset$wrapper                          0x08000157   Thumb Code    18  memseta.o(.text)
    strcat                                   0x08000169   Thumb Code    24  strcat.o(.text)
    strstr                                   0x08000181   Thumb Code    40  strstr.o(.text)
    strlen                                   0x080001a9   Thumb Code    14  strlen.o(.text)
    __0sscanf                                0x080001b9   Thumb Code    50  __0sscanf.o(.text)
    _scanf_int                               0x080001f5   Thumb Code   330  _scanf_int.o(.text)
    atoi                                     0x0800033f   Thumb Code    26  atoi.o(.text)
    __aeabi_uldivmod                         0x08000359   Thumb Code    96  uldiv.o(.text)
    _chval                                   0x080003b9   Thumb Code    30  _chval.o(.text)
    __vfscanf_char                           0x080003e5   Thumb Code    24  scanf_char.o(.text)
    _sgetc                                   0x08000405   Thumb Code    32  _sgetc.o(.text)
    _sbackspace                              0x08000425   Thumb Code    36  _sgetc.o(.text)
    strtol                                   0x08000449   Thumb Code   108  strtol.o(.text)
    __scatterload                            0x080004b9   Thumb Code    28  init.o(.text)
    __scatterload_rt2                        0x080004b9   Thumb Code     0  init.o(.text)
    __aeabi_llsl                             0x080004dd   Thumb Code    32  llshl.o(.text)
    _ll_shift_l                              0x080004dd   Thumb Code     0  llshl.o(.text)
    __aeabi_llsr                             0x080004fd   Thumb Code    34  llushr.o(.text)
    _ll_ushift_r                             0x080004fd   Thumb Code     0  llushr.o(.text)
    __rt_ctype_table                         0x08000521   Thumb Code     4  ctype_o.o(.text)
    isspace                                  0x08000529   Thumb Code    18  isspace_o.o(.text)
    __vfscanf                                0x0800053d   Thumb Code   812  _scanf.o(.text)
    _strtoul                                 0x08000875   Thumb Code   166  _strtoul.o(.text)
    __decompress                             0x0800091b   Thumb Code     0  __dczerorl2.o(.text)
    __decompress1                            0x0800091b   Thumb Code    86  __dczerorl2.o(.text)
    ADC_Disable                              0x08000a15   Thumb Code   102  stm32g0xx_hal_adc.o(i.ADC_Disable)
    ADC_Enable                               0x08000a81   Thumb Code   152  stm32g0xx_hal_adc.o(i.ADC_Enable)
    AnimationPlayFrame                       0x08000b29   Thumb Code   144  dacailcd.o(i.AnimationPlayFrame)
    Ask_for                                  0x08000bb9   Thumb Code   134  ec600u.o(i.Ask_for)
    CAT1_Send_Data_Nd                        0x08000c71   Thumb Code    40  ec600u.o(i.CAT1_Send_Data_Nd)
    CAT1_Send_Data_ResNd                     0x08000ca1   Thumb Code    40  ec600u.o(i.CAT1_Send_Data_ResNd)
    CAT1_Send_Data_Str                       0x08000cd1   Thumb Code    40  ec600u.o(i.CAT1_Send_Data_Str)
    CAT1_Send_Data_dif_2                     0x08000d01   Thumb Code   198  ec600u.o(i.CAT1_Send_Data_dif_2)
    CAT_wait_ds                              0x08000dd9   Thumb Code    82  control.o(i.CAT_wait_ds)
    Cat_chushihua                            0x08000e35   Thumb Code    24  ec600u.o(i.Cat_chushihua)
    Clear_Buffer                             0x08000e55   Thumb Code    30  ec600u.o(i.Clear_Buffer)
    Clear_Buffer_D                           0x08000e81   Thumb Code    22  ec600u.o(i.Clear_Buffer_D)
    Control_Word_pack                        0x08000ea1   Thumb Code   364  control.o(i.Control_Word_pack)
    DMA1_Channel1_IRQHandler                 0x08001011   Thumb Code    10  stm32g0xx_it.o(i.DMA1_Channel1_IRQHandler)
    DaCai_Send_Data                          0x080010c1   Thumb Code    14  dacailcd.o(i.DaCai_Send_Data)
    Enquiries_CSG2                           0x080010d5   Thumb Code   182  ec600u.o(i.Enquiries_CSG2)
    Error_Handler                            0x080011b9   Thumb Code     4  main.o(i.Error_Handler)
    FLASH_PageErase                          0x080011d1   Thumb Code    22  stm32g0xx_hal_flash_ex.o(i.FLASH_PageErase)
    FLASH_WaitForLastOperation               0x08001241   Thumb Code    82  stm32g0xx_hal_flash.o(i.FLASH_WaitForLastOperation)
    HAL_ADCEx_Calibration_Start              0x080012a5   Thumb Code   154  stm32g0xx_hal_adc_ex.o(i.HAL_ADCEx_Calibration_Start)
    HAL_ADC_ConfigChannel                    0x08001345   Thumb Code   522  stm32g0xx_hal_adc.o(i.HAL_ADC_ConfigChannel)
    HAL_ADC_ConvCpltCallback                 0x08001569   Thumb Code     8  main.o(i.HAL_ADC_ConvCpltCallback)
    HAL_ADC_ConvHalfCpltCallback             0x08001575   Thumb Code     2  stm32g0xx_hal_adc.o(i.HAL_ADC_ConvHalfCpltCallback)
    HAL_ADC_ErrorCallback                    0x08001577   Thumb Code     2  stm32g0xx_hal_adc.o(i.HAL_ADC_ErrorCallback)
    HAL_ADC_Init                             0x08001579   Thumb Code   552  stm32g0xx_hal_adc.o(i.HAL_ADC_Init)
    HAL_ADC_MspInit                          0x080017c5   Thumb Code   134  adc.o(i.HAL_ADC_MspInit)
    HAL_ADC_Start_DMA                        0x0800185d   Thumb Code   158  stm32g0xx_hal_adc.o(i.HAL_ADC_Start_DMA)
    HAL_DMA_Abort                            0x08001911   Thumb Code   112  stm32g0xx_hal_dma.o(i.HAL_DMA_Abort)
    HAL_DMA_Abort_IT                         0x08001985   Thumb Code   118  stm32g0xx_hal_dma.o(i.HAL_DMA_Abort_IT)
    HAL_DMA_IRQHandler                       0x08001a01   Thumb Code   180  stm32g0xx_hal_dma.o(i.HAL_DMA_IRQHandler)
    HAL_DMA_Init                             0x08001ab9   Thumb Code   156  stm32g0xx_hal_dma.o(i.HAL_DMA_Init)
    HAL_DMA_Start_IT                         0x08001b5d   Thumb Code   136  stm32g0xx_hal_dma.o(i.HAL_DMA_Start_IT)
    HAL_FLASHEx_Erase                        0x08001be9   Thumb Code   126  stm32g0xx_hal_flash_ex.o(i.HAL_FLASHEx_Erase)
    HAL_FLASH_Lock                           0x08001c71   Thumb Code    22  stm32g0xx_hal_flash.o(i.HAL_FLASH_Lock)
    HAL_FLASH_Program                        0x08001c8d   Thumb Code    88  stm32g0xx_hal_flash.o(i.HAL_FLASH_Program)
    HAL_FLASH_Unlock                         0x08001ced   Thumb Code    28  stm32g0xx_hal_flash.o(i.HAL_FLASH_Unlock)
    HAL_GPIO_Init                            0x08001d15   Thumb Code   330  stm32g0xx_hal_gpio.o(i.HAL_GPIO_Init)
    HAL_GPIO_TogglePin                       0x08001e71   Thumb Code    16  stm32g0xx_hal_gpio.o(i.HAL_GPIO_TogglePin)
    HAL_GPIO_WritePin                        0x08001e81   Thumb Code    12  stm32g0xx_hal_gpio.o(i.HAL_GPIO_WritePin)
    HAL_GetTick                              0x08001e8d   Thumb Code     6  stm32g0xx_hal.o(i.HAL_GetTick)
    HAL_IWDG_Init                            0x08001e99   Thumb Code    86  stm32g0xx_hal_iwdg.o(i.HAL_IWDG_Init)
    HAL_IWDG_Refresh                         0x08001efd   Thumb Code    10  stm32g0xx_hal_iwdg.o(i.HAL_IWDG_Refresh)
    HAL_IncTick                              0x08001f0d   Thumb Code    12  stm32g0xx_hal.o(i.HAL_IncTick)
    HAL_Init                                 0x08001f1d   Thumb Code    36  stm32g0xx_hal.o(i.HAL_Init)
    HAL_InitTick                             0x08001f45   Thumb Code    64  stm32g0xx_hal.o(i.HAL_InitTick)
    HAL_MspInit                              0x08001f8d   Thumb Code    46  stm32g0xx_hal_msp.o(i.HAL_MspInit)
    HAL_NVIC_EnableIRQ                       0x08001fc1   Thumb Code    18  stm32g0xx_hal_cortex.o(i.HAL_NVIC_EnableIRQ)
    HAL_NVIC_SetPriority                     0x08001fd9   Thumb Code     8  stm32g0xx_hal_cortex.o(i.HAL_NVIC_SetPriority)
    HAL_PWREx_ControlVoltageScaling          0x08001fe1   Thumb Code    62  stm32g0xx_hal_pwr_ex.o(i.HAL_PWREx_ControlVoltageScaling)
    HAL_RCCEx_PeriphCLKConfig                0x0800202d   Thumb Code   338  stm32g0xx_hal_rcc_ex.o(i.HAL_RCCEx_PeriphCLKConfig)
    HAL_RCC_ClockConfig                      0x0800218d   Thumb Code   318  stm32g0xx_hal_rcc.o(i.HAL_RCC_ClockConfig)
    HAL_RCC_GetPCLK1Freq                     0x080022e5   Thumb Code    26  stm32g0xx_hal_rcc.o(i.HAL_RCC_GetPCLK1Freq)
    HAL_RCC_GetSysClockFreq                  0x0800230d   Thumb Code   130  stm32g0xx_hal_rcc.o(i.HAL_RCC_GetSysClockFreq)
    HAL_RCC_OscConfig                        0x08002399   Thumb Code   954  stm32g0xx_hal_rcc.o(i.HAL_RCC_OscConfig)
    HAL_SYSCFG_StrobeDBattpinsConfig         0x08002779   Thumb Code    16  stm32g0xx_hal.o(i.HAL_SYSCFG_StrobeDBattpinsConfig)
    HAL_SYSTICK_CLKSourceConfig              0x0800278d   Thumb Code    20  stm32g0xx_hal_cortex.o(i.HAL_SYSTICK_CLKSourceConfig)
    HAL_SYSTICK_Config                       0x080027a5   Thumb Code    38  stm32g0xx_hal_cortex.o(i.HAL_SYSTICK_Config)
    HAL_TIMEx_Break2Callback                 0x080027d5   Thumb Code     2  stm32g0xx_hal_tim_ex.o(i.HAL_TIMEx_Break2Callback)
    HAL_TIMEx_BreakCallback                  0x080027d7   Thumb Code     2  stm32g0xx_hal_tim_ex.o(i.HAL_TIMEx_BreakCallback)
    HAL_TIMEx_CommutCallback                 0x080027d9   Thumb Code     2  stm32g0xx_hal_tim_ex.o(i.HAL_TIMEx_CommutCallback)
    HAL_TIMEx_MasterConfigSynchronization    0x080027dd   Thumb Code    96  stm32g0xx_hal_tim_ex.o(i.HAL_TIMEx_MasterConfigSynchronization)
    HAL_TIM_Base_Init                        0x08002849   Thumb Code    76  stm32g0xx_hal_tim.o(i.HAL_TIM_Base_Init)
    HAL_TIM_Base_MspInit                     0x08002895   Thumb Code    44  tim.o(i.HAL_TIM_Base_MspInit)
    HAL_TIM_Base_Start_IT                    0x080028c9   Thumb Code    74  stm32g0xx_hal_tim.o(i.HAL_TIM_Base_Start_IT)
    HAL_TIM_ConfigClockSource                0x08002925   Thumb Code   210  stm32g0xx_hal_tim.o(i.HAL_TIM_ConfigClockSource)
    HAL_TIM_IC_CaptureCallback               0x080029fd   Thumb Code     2  stm32g0xx_hal_tim.o(i.HAL_TIM_IC_CaptureCallback)
    HAL_TIM_IRQHandler                       0x08002a01   Thumb Code   382  stm32g0xx_hal_tim.o(i.HAL_TIM_IRQHandler)
    HAL_TIM_OC_DelayElapsedCallback          0x08002b85   Thumb Code     2  stm32g0xx_hal_tim.o(i.HAL_TIM_OC_DelayElapsedCallback)
    HAL_TIM_PWM_PulseFinishedCallback        0x08002b87   Thumb Code     2  stm32g0xx_hal_tim.o(i.HAL_TIM_PWM_PulseFinishedCallback)
    HAL_TIM_PeriodElapsedCallback            0x08002b89   Thumb Code    60  tim.o(i.HAL_TIM_PeriodElapsedCallback)
    HAL_TIM_TriggerCallback                  0x08002bd5   Thumb Code     2  stm32g0xx_hal_tim.o(i.HAL_TIM_TriggerCallback)
    HAL_UARTEx_DisableFifoMode               0x08002bd7   Thumb Code    60  stm32g0xx_hal_uart_ex.o(i.HAL_UARTEx_DisableFifoMode)
    HAL_UARTEx_RxEventCallback               0x08002c13   Thumb Code     2  stm32g0xx_hal_uart.o(i.HAL_UARTEx_RxEventCallback)
    HAL_UARTEx_RxFifoFullCallback            0x08002c15   Thumb Code     2  stm32g0xx_hal_uart_ex.o(i.HAL_UARTEx_RxFifoFullCallback)
    HAL_UARTEx_SetRxFifoThreshold            0x08002c17   Thumb Code    72  stm32g0xx_hal_uart_ex.o(i.HAL_UARTEx_SetRxFifoThreshold)
    HAL_UARTEx_SetTxFifoThreshold            0x08002c5f   Thumb Code    70  stm32g0xx_hal_uart_ex.o(i.HAL_UARTEx_SetTxFifoThreshold)
    HAL_UARTEx_TxFifoEmptyCallback           0x08002ca5   Thumb Code     2  stm32g0xx_hal_uart_ex.o(i.HAL_UARTEx_TxFifoEmptyCallback)
    HAL_UARTEx_WakeupCallback                0x08002ca7   Thumb Code     2  stm32g0xx_hal_uart_ex.o(i.HAL_UARTEx_WakeupCallback)
    HAL_UART_ErrorCallback                   0x08002ca9   Thumb Code     2  stm32g0xx_hal_uart.o(i.HAL_UART_ErrorCallback)
    HAL_UART_IRQHandler                      0x08002cad   Thumb Code   594  stm32g0xx_hal_uart.o(i.HAL_UART_IRQHandler)
    HAL_UART_Init                            0x08002f11   Thumb Code   108  stm32g0xx_hal_uart.o(i.HAL_UART_Init)
    HAL_UART_MspInit                         0x08002f7d   Thumb Code   292  usart.o(i.HAL_UART_MspInit)
    HAL_UART_Receive_IT                      0x080030bd   Thumb Code    68  stm32g0xx_hal_uart.o(i.HAL_UART_Receive_IT)
    HAL_UART_RxCpltCallback                  0x08003101   Thumb Code    80  modbus.o(i.HAL_UART_RxCpltCallback)
    HAL_UART_TxCpltCallback                  0x0800316d   Thumb Code     2  stm32g0xx_hal_uart.o(i.HAL_UART_TxCpltCallback)
    Hand_KongZhi1                            0x08003171   Thumb Code   172  control.o(i.Hand_KongZhi1)
    Hand_KongZhi2                            0x08003225   Thumb Code   174  control.o(i.Hand_KongZhi2)
    Hand_KongZhi3                            0x080032dd   Thumb Code   174  control.o(i.Hand_KongZhi3)
    HardFault_Handler                        0x08003395   Thumb Code     2  stm32g0xx_it.o(i.HardFault_Handler)
    IWDG_Feed                                0x08003399   Thumb Code    10  ec600u.o(i.IWDG_Feed)
    KongZhi1                                 0x080033a9   Thumb Code   148  control.o(i.KongZhi1)
    KongZhi2                                 0x08003445   Thumb Code   148  control.o(i.KongZhi2)
    KongZhi3                                 0x080034e1   Thumb Code   148  control.o(i.KongZhi3)
    KongZhi_guozheng1_hand                   0x0800357d   Thumb Code   276  control.o(i.KongZhi_guozheng1_hand)
    KongZhi_guozheng2_hand                   0x08003699   Thumb Code   276  control.o(i.KongZhi_guozheng2_hand)
    KongZhi_guozheng3_hand                   0x080037b5   Thumb Code   276  control.o(i.KongZhi_guozheng3_hand)
    KongZhi_guozheng_1                       0x080038d1   Thumb Code  1166  control.o(i.KongZhi_guozheng_1)
    KongZhi_guozheng_2                       0x08003d71   Thumb Code  1140  control.o(i.KongZhi_guozheng_2)
    KongZhi_guozheng_3                       0x080041e9   Thumb Code  1120  control.o(i.KongZhi_guozheng_3)
    LCD_receive                              0x0800464d   Thumb Code    62  uartlcd.o(i.LCD_receive)
    MX_ADC1_Init                             0x080046dd   Thumb Code   196  adc.o(i.MX_ADC1_Init)
    MX_DMA_Init                              0x080047b9   Thumb Code    36  dma.o(i.MX_DMA_Init)
    MX_GPIO_Init                             0x080047e1   Thumb Code   286  gpio.o(i.MX_GPIO_Init)
    MX_IWDG_Init                             0x08004915   Thumb Code    34  ec600u.o(i.MX_IWDG_Init)
    MX_TIM3_Init                             0x08004941   Thumb Code    98  tim.o(i.MX_TIM3_Init)
    MX_USART1_UART_Init                      0x080049b1   Thumb Code    96  usart.o(i.MX_USART1_UART_Init)
    MX_USART2_UART_Init                      0x08004a19   Thumb Code    96  usart.o(i.MX_USART2_UART_Init)
    MX_USART3_UART_Init                      0x08004a81   Thumb Code    50  usart.o(i.MX_USART3_UART_Init)
    MX_USART4_UART_Init                      0x08004abd   Thumb Code    50  usart.o(i.MX_USART4_UART_Init)
    NMI_Handler                              0x08004af9   Thumb Code     2  stm32g0xx_it.o(i.NMI_Handler)
    NotifyButton                             0x08004afd   Thumb Code   736  dacailcd.o(i.NotifyButton)
    NotifyReadRTC                            0x08004e2d   Thumb Code     2  dacailcd.o(i.NotifyReadRTC)
    NotifyText                               0x08004e31   Thumb Code   546  dacailcd.o(i.NotifyText)
    OPEN_CAT1_2                              0x08005099   Thumb Code   672  ec600u.o(i.OPEN_CAT1_2)
    PendSV_Handler                           0x080054ad   Thumb Code     2  stm32g0xx_it.o(i.PendSV_Handler)
    ProcessMessage                           0x080054b1   Thumb Code   124  dacailcd.o(i.ProcessMessage)
    RS4851_Send_Data                         0x08005535   Thumb Code    58  modbus.o(i.RS4851_Send_Data)
    ReadFlash                                0x08005575   Thumb Code    22  stmflash.o(i.ReadFlash)
    Read_RingBuff_cat                        0x0800558b   Thumb Code    56  queue.o(i.Read_RingBuff_cat)
    Read_all_1                               0x080055c5   Thumb Code    40  stmflash.o(i.Read_all_1)
    Read_cat                                 0x080055f9   Thumb Code   274  ec600u.o(i.Read_cat)
    ReadcontrollerInfo                       0x08005731   Thumb Code    30  stmflash.o(i.ReadcontrollerInfo)
    SVC_Handler                              0x08005755   Thumb Code     2  stm32g0xx_it.o(i.SVC_Handler)
    SendStrings                              0x08005757   Thumb Code    26  dacailcd.o(i.SendStrings)
    Send_control_word                        0x08005771   Thumb Code    54  modbus.o(i.Send_control_word)
    SetTextInt32                             0x080057b1   Thumb Code   184  dacailcd.o(i.SetTextInt32)
    SetTextValue                             0x08005869   Thumb Code   118  dacailcd.o(i.SetTextValue)
    StrToHex                                 0x080058df   Thumb Code    74  ec600u.o(i.StrToHex)
    SysTick_Handler                          0x08005929   Thumb Code     8  stm32g0xx_it.o(i.SysTick_Handler)
    SystemClock_Config                       0x08005931   Thumb Code   136  main.o(i.SystemClock_Config)
    SystemInit                               0x080059bd   Thumb Code    10  system_stm32g0xx.o(i.SystemInit)
    TIM3_IRQHandler                          0x080059cd   Thumb Code    10  stm32g0xx_it.o(i.TIM3_IRQHandler)
    TIM_Base_SetConfig                       0x080059dd   Thumb Code   112  stm32g0xx_hal_tim.o(i.TIM_Base_SetConfig)
    TIM_ETR_SetConfig                        0x08005a65   Thumb Code    22  stm32g0xx_hal_tim.o(i.TIM_ETR_SetConfig)
    UART_AdvFeatureConfig                    0x08005b39   Thumb Code   202  stm32g0xx_hal_uart.o(i.UART_AdvFeatureConfig)
    UART_CheckIdleState                      0x08005c05   Thumb Code    94  stm32g0xx_hal_uart.o(i.UART_CheckIdleState)
    UART_SetConfig                           0x08006025   Thumb Code   366  stm32g0xx_hal_uart.o(i.UART_SetConfig)
    UART_Start_Receive_IT                    0x080061bd   Thumb Code   204  stm32g0xx_hal_uart.o(i.UART_Start_Receive_IT)
    UART_WaitOnFlagUntilTimeout              0x0800629d   Thumb Code   156  stm32g0xx_hal_uart.o(i.UART_WaitOnFlagUntilTimeout)
    USART1_IRQHandler                        0x08006339   Thumb Code    10  stm32g0xx_it.o(i.USART1_IRQHandler)
    USART2_IRQHandler                        0x08006349   Thumb Code    10  stm32g0xx_it.o(i.USART2_IRQHandler)
    USART3_4_IRQHandler                      0x08006359   Thumb Code    16  stm32g0xx_it.o(i.USART3_4_IRQHandler)
    USART_Send_Data_1                        0x08006371   Thumb Code    14  modbus.o(i.USART_Send_Data_1)
    Uart2_SendDATA                           0x08006385   Thumb Code    28  ec600u.o(i.Uart2_SendDATA)
    Uart2_SendStr                            0x080063a5   Thumb Code    22  ec600u.o(i.Uart2_SendStr)
    Uart4_SendStr                            0x080063c1   Thumb Code    62  ec600u.o(i.Uart4_SendStr)
    Win_Word_parse_mast                      0x08006409   Thumb Code    46  control.o(i.Win_Word_parse_mast)
    WriteFlash                               0x0800643d   Thumb Code   112  stmflash.o(i.WriteFlash)
    Write_RingBuff_cat                       0x080064b5   Thumb Code    52  queue.o(i.Write_RingBuff_cat)
    WritecontrollerInfo                      0x080064e9   Thumb Code    28  stmflash.o(i.WritecontrollerInfo)
    __0sprintf$8                             0x0800650d   Thumb Code    36  printf8.o(i.__0sprintf$8)
    __1sprintf$8                             0x0800650d   Thumb Code     0  printf8.o(i.__0sprintf$8)
    __2sprintf                               0x0800650d   Thumb Code     0  printf8.o(i.__0sprintf$8)
    __ARM_common_switch8                     0x08006535   Thumb Code    26  control.o(i.__ARM_common_switch8)
    __aeabi_errno_addr                       0x08006595   Thumb Code     4  errno.o(i.__aeabi_errno_addr)
    __rt_errno_addr                          0x08006595   Thumb Code     0  errno.o(i.__aeabi_errno_addr)
    __scatterload_copy                       0x0800659d   Thumb Code    14  handlers.o(i.__scatterload_copy)
    __scatterload_null                       0x080065ab   Thumb Code     2  handlers.o(i.__scatterload_null)
    __scatterload_zeroinit                   0x080065ad   Thumb Code    14  handlers.o(i.__scatterload_zeroinit)
    all_cat_senddata                         0x08006a3d   Thumb Code  1470  ec600u.o(i.all_cat_senddata)
    cat1_excute                              0x08007035   Thumb Code    44  ec600u.o(i.cat1_excute)
    cat1_receive                             0x08007069   Thumb Code    62  ec600u.o(i.cat1_receive)
    cat1_timeadd                             0x080070b5   Thumb Code    28  ec600u.o(i.cat1_timeadd)
    clear_alarm                              0x080070d5   Thumb Code   274  ec600u.o(i.clear_alarm)
    control_wait                             0x08007249   Thumb Code    88  control.o(i.control_wait)
    control_wait_s                           0x080072a9   Thumb Code    78  control.o(i.control_wait_s)
    crc16                                    0x080072fd   Thumb Code    42  modbus.o(i.crc16)
    delay_init                               0x0800732d   Thumb Code    16  delay.o(i.delay_init)
    delay_ms                                 0x08007341   Thumb Code    26  delay.o(i.delay_ms)
    delay_us                                 0x0800735d   Thumb Code    44  delay.o(i.delay_us)
    fat_cmdres_keyword_matching              0x08007391   Thumb Code    18  ec600u.o(i.fat_cmdres_keyword_matching)
    fat_send_Ncmd                            0x080073a9   Thumb Code    64  ec600u.o(i.fat_send_Ncmd)
    fat_send_Ncmd_2                          0x080073ed   Thumb Code    60  ec600u.o(i.fat_send_Ncmd_2)
    fat_send_cmd                             0x0800742d   Thumb Code    56  ec600u.o(i.fat_send_cmd)
    fat_send_wait                            0x08007469   Thumb Code    34  ec600u.o(i.fat_send_wait)
    hand_have_protection_1                   0x08007491   Thumb Code   244  control.o(i.hand_have_protection_1)
    hand_have_protection_2                   0x08007589   Thumb Code   244  control.o(i.hand_have_protection_2)
    hand_have_protection_3                   0x08007681   Thumb Code   244  control.o(i.hand_have_protection_3)
    hand_no_protection                       0x08007779   Thumb Code    20  control.o(i.hand_no_protection)
    main                                     0x0800778d   Thumb Code  1616  main.o(i.main)
    match_csq                                0x08007e11   Thumb Code    60  ec600u.o(i.match_csq)
    match_recv_topic                         0x08007e55   Thumb Code    70  ec600u.o(i.match_recv_topic)
    module_data3                             0x08007ead   Thumb Code   312  ec600u.o(i.module_data3)
    moud_excute1_mast                        0x08008051   Thumb Code    54  modbus.o(i.moud_excute1_mast)
    moud_recave                              0x08008095   Thumb Code    40  modbus.o(i.moud_recave)
    moud_timejia                             0x080080c5   Thumb Code    32  modbus.o(i.moud_timejia)
    myitoa2                                  0x080080e9   Thumb Code    60  ec600u.o(i.myitoa2)
    queue_find_cmd                           0x08008125   Thumb Code    90  dacailcd.o(i.queue_find_cmd)
    queue_pop                                0x08008189   Thumb Code    28  dacailcd.o(i.queue_pop)
    queue_push                               0x080081a9   Thumb Code    30  dacailcd.o(i.queue_push)
    queue_reset                              0x080081d1   Thumb Code    16  dacailcd.o(i.queue_reset)
    queue_size                               0x080081e9   Thumb Code    26  dacailcd.o(i.queue_size)
    send_int8_Data_1                         0x08008209   Thumb Code    12  modbus.o(i.send_int8_Data_1)
    store_bridge                             0x08008215   Thumb Code   464  control.o(i.store_bridge)
    sure_write_eepall_1                      0x080083f1   Thumb Code    92  stmflash.o(i.sure_write_eepall_1)
    valve_hand                               0x0800845d   Thumb Code    82  control.o(i.valve_hand)
    write_eepall_1                           0x080084b5   Thumb Code    34  stmflash.o(i.write_eepall_1)
    zhuangtai_chushihua                      0x080084dd   Thumb Code    18  control.o(i.zhuangtai_chushihua)
    UARTPrescTable                           0x080084f8   Data          24  stm32g0xx_hal_uart.o(.constdata)
    AHBPrescTable                            0x08008510   Data          64  system_stm32g0xx.o(.constdata)
    APBPrescTable                            0x08008550   Data          32  system_stm32g0xx.o(.constdata)
    __ctype_table                            0x08008570   Data         129  ctype_o.o(.constdata)
    Region$$Table$$Base                      0x080085f8   Number         0  anon$$obj.o(Region$$Table)
    Region$$Table$$Limit                     0x08008618   Number         0  anon$$obj.o(Region$$Table)
    ubDmaTransferStatus                      0x20000000   Data           1  main.o(.data)
    TIMER_1MS                                0x2000000a   Data           2  tim.o(.data)
    TIMER_1MS_send                           0x2000000c   Data           2  tim.o(.data)
    TIMER_RUNLED                             0x2000000e   Data           2  tim.o(.data)
    aRxBuffer                                0x20000014   Data           1  modbus.o(.data)
    aRxBuffer1                               0x20000015   Data           1  modbus.o(.data)
    aRxBuffer2                               0x20000016   Data           1  modbus.o(.data)
    modbus_biao                              0x20000017   Data           1  modbus.o(.data)
    modbus_receivec_zero                     0x20000018   Data           1  modbus.o(.data)
    modbus_receive_count                     0x20000019   Data           1  modbus.o(.data)
    auchCRCHi                                0x2000001c   Data         260  modbus.o(.data)
    auchCRCLo                                0x20000120   Data         260  modbus.o(.data)
    crc                                      0x20000224   Data           2  modbus.o(.data)
    open1                                    0x20000226   Data           1  control.o(.data)
    stop1                                    0x20000227   Data           1  control.o(.data)
    cat_open1                                0x20000228   Data           1  control.o(.data)
    cat_stop1                                0x20000229   Data           1  control.o(.data)
    open2                                    0x2000022a   Data           1  control.o(.data)
    stop2                                    0x2000022b   Data           1  control.o(.data)
    cat_open2                                0x2000022c   Data           1  control.o(.data)
    cat_stop2                                0x2000022d   Data           1  control.o(.data)
    open3                                    0x2000022e   Data           1  control.o(.data)
    stop3                                    0x2000022f   Data           1  control.o(.data)
    cat_open3                                0x20000230   Data           1  control.o(.data)
    cat_stop3                                0x20000231   Data           1  control.o(.data)
    valve_open1                              0x20000232   Data           1  control.o(.data)
    valve_stop1                              0x20000233   Data           1  control.o(.data)
    cat_valve_open1                          0x20000234   Data           1  control.o(.data)
    cat_valve_stop1                          0x20000235   Data           1  control.o(.data)
    valve_open2                              0x20000236   Data           1  control.o(.data)
    valve_stop2                              0x20000237   Data           1  control.o(.data)
    cat_valve_open2                          0x20000238   Data           1  control.o(.data)
    cat_valve_stop2                          0x20000239   Data           1  control.o(.data)
    valve_open3                              0x2000023a   Data           1  control.o(.data)
    valve_stop3                              0x2000023b   Data           1  control.o(.data)
    cat_valve_open3                          0x2000023c   Data           1  control.o(.data)
    cat_valve_stop3                          0x2000023d   Data           1  control.o(.data)
    Kai_moto1                                0x2000023e   Data           1  control.o(.data)
    Guan_moto1                               0x2000023f   Data           1  control.o(.data)
    Kai_moto2                                0x20000240   Data           1  control.o(.data)
    Guan_moto2                               0x20000241   Data           1  control.o(.data)
    Kai_moto3                                0x20000242   Data           1  control.o(.data)
    Guan_moto3                               0x20000243   Data           1  control.o(.data)
    Kai_moto4                                0x20000244   Data           1  control.o(.data)
    Guan_moto4                               0x20000245   Data           1  control.o(.data)
    Kai_moto5                                0x20000246   Data           1  control.o(.data)
    Guan_moto5                               0x20000247   Data           1  control.o(.data)
    Kai_moto6                                0x20000248   Data           1  control.o(.data)
    Guan_moto6                               0x20000249   Data           1  control.o(.data)
    A_LEVEL                                  0x2000024a   Data           1  control.o(.data)
    B_LEVEL                                  0x2000024b   Data           1  control.o(.data)
    C_LEVEL                                  0x2000024c   Data           1  control.o(.data)
    CourseNum                                0x2000024d   Data           1  control.o(.data)
    CourseNum2                               0x2000024e   Data           1  control.o(.data)
    CourseNum3                               0x2000024f   Data           1  control.o(.data)
    hand_CourseNum                           0x20000250   Data           1  control.o(.data)
    hand_CourseNum2                          0x20000251   Data           1  control.o(.data)
    hand_CourseNum3                          0x20000252   Data           1  control.o(.data)
    open_Num1                                0x20000253   Data           1  control.o(.data)
    open_Num2                                0x20000254   Data           1  control.o(.data)
    open_Num3                                0x20000255   Data           1  control.o(.data)
    alarm_quex_biao1                         0x20000256   Data           1  control.o(.data)
    alarm_quex_biao2                         0x20000257   Data           1  control.o(.data)
    alarm_quex_biao3                         0x20000258   Data           1  control.o(.data)
    alarm_well_biao1                         0x20000259   Data           1  control.o(.data)
    alarm_well_biao2                         0x2000025a   Data           1  control.o(.data)
    alarm_well_biao3                         0x2000025b   Data           1  control.o(.data)
    alarm_pull_biao                          0x2000025c   Data           1  control.o(.data)
    relay_state1                             0x2000025d   Data           1  control.o(.data)
    relay_state2                             0x2000025e   Data           1  control.o(.data)
    relay_state3                             0x2000025f   Data           1  control.o(.data)
    Brelay_state1                            0x20000260   Data           1  control.o(.data)
    Brelay_state2                            0x20000261   Data           1  control.o(.data)
    Brelay_state3                            0x20000262   Data           1  control.o(.data)
    Crelay_state1                            0x20000263   Data           1  control.o(.data)
    Crelay_state2                            0x20000264   Data           1  control.o(.data)
    Crelay_state3                            0x20000265   Data           1  control.o(.data)
    valve_state1                             0x20000266   Data           1  control.o(.data)
    valve_state2                             0x20000267   Data           1  control.o(.data)
    valve_state3                             0x20000268   Data           1  control.o(.data)
    Bvalve_state1                            0x20000269   Data           1  control.o(.data)
    Bvalve_state2                            0x2000026a   Data           1  control.o(.data)
    Bvalve_state3                            0x2000026b   Data           1  control.o(.data)
    Cvalve_state1                            0x2000026c   Data           1  control.o(.data)
    Cvalve_state2                            0x2000026d   Data           1  control.o(.data)
    Cvalve_state3                            0x2000026e   Data           1  control.o(.data)
    again_startT_biao1                       0x20000272   Data           1  control.o(.data)
    again_startT_biao2                       0x20000273   Data           1  control.o(.data)
    again_startT_biao3                       0x20000274   Data           1  control.o(.data)
    Win_Word_receive                         0x20000276   Data           2  control.o(.data)
    win_control_Word                         0x20000278   Data           2  control.o(.data)
    protection_switch_1                      0x2000027a   Data           2  control.o(.data)
    protection_switch_2                      0x2000027c   Data           2  control.o(.data)
    protection_switch_3                      0x2000027e   Data           2  control.o(.data)
    auto_button_1                            0x20000286   Data           2  control.o(.data)
    auto_button_2                            0x20000288   Data           2  control.o(.data)
    auto_button_3                            0x2000028a   Data           2  control.o(.data)
    biaoding_shuiwei                         0x2000028c   Data           2  control.o(.data)
    shuiwei_xinhao                           0x2000028e   Data           2  control.o(.data)
    lock_biao                                0x20000290   Data           2  control.o(.data)
    ALoadCurrent                             0x20000292   Data           2  control.o(.data)
    BLoadCurrent                             0x20000294   Data           2  control.o(.data)
    CLoadCurrent                             0x20000296   Data           2  control.o(.data)
    A_current                                0x20000298   Data           2  control.o(.data)
    B_current                                0x2000029a   Data           2  control.o(.data)
    C_current                                0x2000029c   Data           2  control.o(.data)
    PresentLevel                             0x2000029e   Data           2  control.o(.data)
    start_N                                  0x200002a0   Data           2  control.o(.data)
    absence_DelayT                           0x200002a2   Data           2  control.o(.data)
    up_waterT                                0x200002a4   Data           2  control.o(.data)
    NOwater_T                                0x200002a6   Data           2  control.o(.data)
    again_startT1                            0x200002a8   Data           2  control.o(.data)
    again_startT1_test                       0x200002aa   Data           2  control.o(.data)
    again_startT2                            0x200002ac   Data           2  control.o(.data)
    again_startT2_test                       0x200002ae   Data           2  control.o(.data)
    again_startT3                            0x200002b0   Data           2  control.o(.data)
    again_startT3_test                       0x200002b2   Data           2  control.o(.data)
    kongzhi_fangshi                          0x200002b4   Data           2  control.o(.data)
    valve_travel_time                        0x200002b6   Data           2  control.o(.data)
    wat_1                                    0x200002b8   Data           8  control.o(.data)
    wat_2                                    0x200002c0   Data           8  control.o(.data)
    wat_3                                    0x200002c8   Data           8  control.o(.data)
    wat_4                                    0x200002d0   Data           8  control.o(.data)
    wat_6                                    0x200002d8   Data           8  control.o(.data)
    wat_7                                    0x200002e0   Data           8  control.o(.data)
    alarm_noelec_biao                        0x200002e8   Data           1  control.o(.data)
    alarm_upelec_biao                        0x200002e9   Data           1  control.o(.data)
    send_str_biao                            0x200002ea   Data           1  control.o(.data)
    CAT1_Send_Data_dif_biao                  0x200002eb   Data           1  control.o(.data)
    send_mem_nember                          0x200002ec   Data           1  control.o(.data)
    PresentLevel_temp                        0x200002ee   Data           2  control.o(.data)
    A_current_biao                           0x200002f0   Data           1  control.o(.data)
    B_current_biao                           0x200002f1   Data           1  control.o(.data)
    C_current_biao                           0x200002f2   Data           1  control.o(.data)
    PresentLevel_biao                        0x200002f3   Data           1  control.o(.data)
    wat_5                                    0x200002f4   Data           8  control.o(.data)
    cwat_1                                   0x200002fc   Data           4  control.o(.data)
    cwat_2                                   0x20000300   Data           4  control.o(.data)
    cwat_3                                   0x20000304   Data           4  control.o(.data)
    cwat_4                                   0x20000308   Data           4  control.o(.data)
    cwat_5                                   0x2000030c   Data           4  control.o(.data)
    cwat_6                                   0x20000310   Data           4  control.o(.data)
    cwat_7                                   0x20000314   Data           4  control.o(.data)
    cwat_8                                   0x20000318   Data           4  control.o(.data)
    cwat_9                                   0x2000031c   Data           4  control.o(.data)
    cwat_10                                  0x20000320   Data           4  control.o(.data)
    cwat_11                                  0x20000324   Data           4  control.o(.data)
    cwat_12                                  0x20000328   Data           4  control.o(.data)
    cwat_13                                  0x2000032c   Data           4  control.o(.data)
    cwat_14                                  0x20000330   Data           4  control.o(.data)
    cwat_15                                  0x20000334   Data           4  control.o(.data)
    cwat_16                                  0x20000338   Data           4  control.o(.data)
    cwat_17                                  0x2000033c   Data           4  control.o(.data)
    cwat_18                                  0x20000340   Data           4  control.o(.data)
    cwat_19                                  0x20000344   Data           4  control.o(.data)
    cwat_21                                  0x20000348   Data           4  control.o(.data)
    cwat_22                                  0x2000034c   Data           4  control.o(.data)
    cwat_23                                  0x20000350   Data           4  control.o(.data)
    cwat_24                                  0x20000354   Data           4  control.o(.data)
    cwat_25                                  0x20000358   Data           4  control.o(.data)
    VolDta1                                  0x2000035c   Data           2  control.o(.data)
    VolDta2                                  0x2000035e   Data           2  control.o(.data)
    VolDta3                                  0x20000360   Data           2  control.o(.data)
    VolDta4                                  0x20000362   Data           2  control.o(.data)
    VolDta0                                  0x20000364   Data           2  control.o(.data)
    Sure_write_timer                         0x20000368   Data           1  stmflash.o(.data)
    Sure_write_biao                          0x2000036a   Data           1  stmflash.o(.data)
    FirstPage                                0x2000036c   Data           4  stmflash.o(.data)
    NbOfPages                                0x20000370   Data           4  stmflash.o(.data)
    Address                                  0x20000374   Data           4  stmflash.o(.data)
    PageError                                0x20000378   Data           4  stmflash.o(.data)
    res_storage_1                            0x2000037c   Data         200  stmflash.o(.data)
    LCD_receive_count                        0x20000444   Data           1  uartlcd.o(.data)
    Lcd_Drass                                0x20000446   Data           2  uartlcd.o(.data)
    Lcd_Data                                 0x20000448   Data           2  uartlcd.o(.data)
    cat1_receive_biao                        0x2000044c   Data           1  ec600u.o(.data)
    ucTimetStartFlg                          0x2000044d   Data           1  ec600u.o(.data)
    ucStateNum                               0x2000044e   Data           1  ec600u.o(.data)
    excue_biao                               0x2000044f   Data           1  ec600u.o(.data)
    send_reg1                                0x20000450   Data           1  ec600u.o(.data)
    send_ok_biao                             0x20000451   Data           1  ec600u.o(.data)
    ucFatUartRecvFinishFlg                   0x20000452   Data           1  ec600u.o(.data)
    allStateNum                              0x20000453   Data           1  ec600u.o(.data)
    temp_allStateNum                         0x20000454   Data           1  ec600u.o(.data)
    CAT_back_biao                            0x20000455   Data           1  ec600u.o(.data)
    feedback_biao                            0x20000456   Data           1  ec600u.o(.data)
    cat1_receive_timer                       0x2000045e   Data           1  ec600u.o(.data)
    cat1_receive_biao_D                      0x2000045f   Data           1  ec600u.o(.data)
    cat1_receive_timer_D                     0x20000460   Data           1  ec600u.o(.data)
    data_number                              0x20000461   Data           1  ec600u.o(.data)
    CAT1_data_dif_num                        0x20000462   Data           1  ec600u.o(.data)
    Data_dif_times                           0x20000463   Data           1  ec600u.o(.data)
    ucErrorTimes                             0x20000464   Data           2  ec600u.o(.data)
    addr_data                                0x20000466   Data           2  ec600u.o(.data)
    ec600u_receive_count                     0x20000468   Data           2  ec600u.o(.data)
    ec600u_receive_count_test                0x2000046a   Data           2  ec600u.o(.data)
    Cat1_data_dif_temp                       0x2000046c   Data           2  ec600u.o(.data)
    usTimeOutCount                           0x20000478   Data           2  ec600u.o(.data)
    CAT_Drass                                0x2000047a   Data           2  ec600u.o(.data)
    CAT_Data                                 0x2000047c   Data           2  ec600u.o(.data)
    CAT_head                                 0x2000047e   Data           2  ec600u.o(.data)
    CAT1_data_res_biao                       0x20000480   Data           2  ec600u.o(.data)
    send_data                                0x20000490   Data           4  ec600u.o(.data)
    cat_feedback                             0x20000494   Data           4  ec600u.o(.data)
    CAT_storage                              0x2000049e   Data         200  ec600u.o(.data)
    current_screen_id                        0x2000056a   Data           2  dacailcd.o(.data)
    cmd_pos                                  0x2000056c   Data           2  dacailcd.o(.data)
    cmd_state                                0x20000570   Data           4  dacailcd.o(.data)
    uwTickFreq                               0x20000574   Data           1  stm32g0xx_hal.o(.data)
    uwTickPrio                               0x20000578   Data           4  stm32g0xx_hal.o(.data)
    uwTick                                   0x2000057c   Data           4  stm32g0xx_hal.o(.data)
    SystemCoreClock                          0x20000580   Data           4  system_stm32g0xx.o(.data)
    aADCxConvertedData                       0x20000588   Data          10  main.o(.bss)
    hadc1                                    0x20000594   Data         100  adc.o(.bss)
    hdma_adc1                                0x200005f8   Data          92  adc.o(.bss)
    htim3                                    0x20000654   Data          76  tim.o(.bss)
    huart1                                   0x200006a0   Data         144  usart.o(.bss)
    huart2                                   0x20000730   Data         144  usart.o(.bss)
    huart3                                   0x200007c0   Data         144  usart.o(.bss)
    huart4                                   0x20000850   Data         144  usart.o(.bss)
    modbus_Receive                           0x200008ea   Data          20  modbus.o(.bss)
    set_leve                                 0x200008fe   Data          32  control.o(.bss)
    set_time                                 0x2000091e   Data          32  control.o(.bss)
    Controller_Storage                       0x20000940   Data         400  stmflash.o(.bss)
    Controller_Storage_2                     0x20000ad0   Data         400  stmflash.o(.bss)
    storage_1                                0x20000c70   Data         200  stmflash.o(.bss)
    storage_2                                0x20000d38   Data         200  stmflash.o(.bss)
    lcd_storage_1                            0x20000e00   Data         200  stmflash.o(.bss)
    LCD_Receive                              0x20000ec8   Data          30  uartlcd.o(.bss)
    ec600_RxBuffer                           0x20001032   Data         100  ec600u.o(.bss)
    ec600_RxBuffer_test                      0x20001096   Data         100  ec600u.o(.bss)
    CATrecvbuf                               0x200010fa   Data         100  ec600u.o(.bss)
    buf                                      0x2000115e   Data         100  ec600u.o(.bss)
    Control_data                             0x200011c2   Data          60  ec600u.o(.bss)
    CtrSend_data                             0x200011fe   Data          60  ec600u.o(.bss)
    TCtrSend_data                            0x2000123a   Data          60  ec600u.o(.bss)
    EC600uinit                               0x20001276   Data          94  ec600u.o(.bss)
    hiwdg                                    0x200012d4   Data          16  ec600u.o(.bss)
    que                                      0x200012e4   Data         132  dacailcd.o(.bss)
    cmd_buffer                               0x20001368   Data          64  dacailcd.o(.bss)
    Cat_fedback_data                         0x200013a8   Data          70  queue.o(.bss)
    pFlash                                   0x200013f0   Data          28  stm32g0xx_hal_flash.o(.bss)
    __initial_sp                             0x20001810   Data           0  startup_stm32g070xx.o(STACK)



==============================================================================

Memory Map of the image

  Image Entry point : 0x080000b9

  Load Region LR_IROM1 (Base: 0x08000000, Size: 0x00008ba0, Max: 0x00020000, ABSOLUTE, COMPRESSED[0x00008770])

    Execution Region ER_IROM1 (Exec base: 0x08000000, Load base: 0x08000000, Size: 0x00008618, Max: 0x00020000, ABSOLUTE)

    Exec Addr    Load Addr    Size         Type   Attr      Idx    E Section Name        Object

    0x08000000   0x08000000   0x000000b8   Data   RO            3    RESET               startup_stm32g070xx.o
    0x080000b8   0x080000b8   0x00000000   Code   RO         4803  * .ARM.Collect$$$$00000000  mc_p.l(entry.o)
    0x080000b8   0x080000b8   0x00000004   Code   RO         5089    .ARM.Collect$$$$00000001  mc_p.l(entry2.o)
    0x080000bc   0x080000bc   0x00000004   Code   RO         5092    .ARM.Collect$$$$00000004  mc_p.l(entry5.o)
    0x080000c0   0x080000c0   0x00000000   Code   RO         5094    .ARM.Collect$$$$00000008  mc_p.l(entry7b.o)
    0x080000c0   0x080000c0   0x00000000   Code   RO         5096    .ARM.Collect$$$$0000000A  mc_p.l(entry8b.o)
    0x080000c0   0x080000c0   0x00000008   Code   RO         5097    .ARM.Collect$$$$0000000B  mc_p.l(entry9a.o)
    0x080000c8   0x080000c8   0x00000000   Code   RO         5099    .ARM.Collect$$$$0000000D  mc_p.l(entry10a.o)
    0x080000c8   0x080000c8   0x00000000   Code   RO         5101    .ARM.Collect$$$$0000000F  mc_p.l(entry11a.o)
    0x080000c8   0x080000c8   0x00000004   Code   RO         5090    .ARM.Collect$$$$00002712  mc_p.l(entry2.o)
    0x080000cc   0x080000cc   0x0000001c   Code   RO            4    .text               startup_stm32g070xx.o
    0x080000e8   0x080000e8   0x0000002c   Code   RO         4806    .text               mc_p.l(uidiv.o)
    0x08000114   0x08000114   0x0000000c   Code   RO         4808    .text               mc_p.l(toupper.o)
    0x08000120   0x08000120   0x00000024   Code   RO         4810    .text               mc_p.l(memcpya.o)
    0x08000144   0x08000144   0x00000024   Code   RO         4812    .text               mc_p.l(memseta.o)
    0x08000168   0x08000168   0x00000018   Code   RO         4814    .text               mc_p.l(strcat.o)
    0x08000180   0x08000180   0x00000028   Code   RO         4816    .text               mc_p.l(strstr.o)
    0x080001a8   0x080001a8   0x0000000e   Code   RO         4818    .text               mc_p.l(strlen.o)
    0x080001b6   0x080001b6   0x00000002   PAD
    0x080001b8   0x080001b8   0x0000003c   Code   RO         5083    .text               mc_p.l(__0sscanf.o)
    0x080001f4   0x080001f4   0x0000014a   Code   RO         5085    .text               mc_p.l(_scanf_int.o)
    0x0800033e   0x0800033e   0x0000001a   Code   RO         5087    .text               mc_p.l(atoi.o)
    0x08000358   0x08000358   0x00000060   Code   RO         5104    .text               mc_p.l(uldiv.o)
    0x080003b8   0x080003b8   0x0000001e   Code   RO         5113    .text               mc_p.l(_chval.o)
    0x080003d6   0x080003d6   0x00000002   PAD
    0x080003d8   0x080003d8   0x0000002c   Code   RO         5115    .text               mc_p.l(scanf_char.o)
    0x08000404   0x08000404   0x00000044   Code   RO         5117    .text               mc_p.l(_sgetc.o)
    0x08000448   0x08000448   0x00000070   Code   RO         5119    .text               mc_p.l(strtol.o)
    0x080004b8   0x080004b8   0x00000024   Code   RO         5132    .text               mc_p.l(init.o)
    0x080004dc   0x080004dc   0x00000020   Code   RO         5134    .text               mc_p.l(llshl.o)
    0x080004fc   0x080004fc   0x00000022   Code   RO         5136    .text               mc_p.l(llushr.o)
    0x0800051e   0x0800051e   0x00000002   PAD
    0x08000520   0x08000520   0x00000008   Code   RO         5142    .text               mc_p.l(ctype_o.o)
    0x08000528   0x08000528   0x00000012   Code   RO         5164    .text               mc_p.l(isspace_o.o)
    0x0800053a   0x0800053a   0x00000002   PAD
    0x0800053c   0x0800053c   0x00000338   Code   RO         5170    .text               mc_p.l(_scanf.o)
    0x08000874   0x08000874   0x000000a6   Code   RO         5172    .text               mc_p.l(_strtoul.o)
    0x0800091a   0x0800091a   0x00000056   Code   RO         5189    .text               mc_p.l(__dczerorl2.o)
    0x08000970   0x08000970   0x00000080   Code   RO         1811    i.ADC_DMAConvCplt   stm32g0xx_hal_adc.o
    0x080009f0   0x080009f0   0x0000001a   Code   RO         1812    i.ADC_DMAError      stm32g0xx_hal_adc.o
    0x08000a0a   0x08000a0a   0x0000000a   Code   RO         1813    i.ADC_DMAHalfConvCplt  stm32g0xx_hal_adc.o
    0x08000a14   0x08000a14   0x0000006c   Code   RO         1814    i.ADC_Disable       stm32g0xx_hal_adc.o
    0x08000a80   0x08000a80   0x000000a8   Code   RO         1815    i.ADC_Enable        stm32g0xx_hal_adc.o
    0x08000b28   0x08000b28   0x00000090   Code   RO         1601    i.AnimationPlayFrame  dacailcd.o
    0x08000bb8   0x08000bb8   0x000000b8   Code   RO         1359    i.Ask_for           ec600u.o
    0x08000c70   0x08000c70   0x00000030   Code   RO         1360    i.CAT1_Send_Data_Nd  ec600u.o
    0x08000ca0   0x08000ca0   0x00000030   Code   RO         1361    i.CAT1_Send_Data_ResNd  ec600u.o
    0x08000cd0   0x08000cd0   0x00000030   Code   RO         1362    i.CAT1_Send_Data_Str  ec600u.o
    0x08000d00   0x08000d00   0x000000d8   Code   RO         1363    i.CAT1_Send_Data_dif_2  ec600u.o
    0x08000dd8   0x08000dd8   0x0000005c   Code   RO          848    i.CAT_wait_ds       control.o
    0x08000e34   0x08000e34   0x00000020   Code   RO         1364    i.Cat_chushihua     ec600u.o
    0x08000e54   0x08000e54   0x0000002c   Code   RO         1366    i.Clear_Buffer      ec600u.o
    0x08000e80   0x08000e80   0x00000020   Code   RO         1367    i.Clear_Buffer_D    ec600u.o
    0x08000ea0   0x08000ea0   0x00000170   Code   RO          849    i.Control_Word_pack  control.o
    0x08001010   0x08001010   0x00000010   Code   RO          559    i.DMA1_Channel1_IRQHandler  stm32g0xx_it.o
    0x08001020   0x08001020   0x00000030   Code   RO         2499    i.DMA_CalcDMAMUXChannelBaseAndMask  stm32g0xx_hal_dma.o
    0x08001050   0x08001050   0x00000028   Code   RO         2500    i.DMA_CalcDMAMUXRequestGenBaseAndMask  stm32g0xx_hal_dma.o
    0x08001078   0x08001078   0x00000048   Code   RO         2501    i.DMA_SetConfig     stm32g0xx_hal_dma.o
    0x080010c0   0x080010c0   0x00000014   Code   RO         1602    i.DaCai_Send_Data   dacailcd.o
    0x080010d4   0x080010d4   0x000000e4   Code   RO         1369    i.Enquiries_CSG2    ec600u.o
    0x080011b8   0x080011b8   0x00000004   Code   RO           12    i.Error_Handler     main.o
    0x080011bc   0x080011bc   0x00000014   Code   RO         2350    i.FLASH_MassErase   stm32g0xx_hal_flash_ex.o
    0x080011d0   0x080011d0   0x00000020   Code   RO         2354    i.FLASH_PageErase   stm32g0xx_hal_flash_ex.o
    0x080011f0   0x080011f0   0x0000001c   Code   RO         2244    i.FLASH_Program_DoubleWord  stm32g0xx_hal_flash.o
    0x0800120c   0x0800120c   0x00000034   Code   RO         2245    i.FLASH_Program_Fast  stm32g0xx_hal_flash.o
    0x08001240   0x08001240   0x00000064   Code   RO         2246    i.FLASH_WaitForLastOperation  stm32g0xx_hal_flash.o
    0x080012a4   0x080012a4   0x000000a0   Code   RO         2024    i.HAL_ADCEx_Calibration_Start  stm32g0xx_hal_adc_ex.o
    0x08001344   0x08001344   0x00000224   Code   RO         1817    i.HAL_ADC_ConfigChannel  stm32g0xx_hal_adc.o
    0x08001568   0x08001568   0x0000000c   Code   RO           13    i.HAL_ADC_ConvCpltCallback  main.o
    0x08001574   0x08001574   0x00000002   Code   RO         1819    i.HAL_ADC_ConvHalfCpltCallback  stm32g0xx_hal_adc.o
    0x08001576   0x08001576   0x00000002   Code   RO         1821    i.HAL_ADC_ErrorCallback  stm32g0xx_hal_adc.o
    0x08001578   0x08001578   0x0000024c   Code   RO         1826    i.HAL_ADC_Init      stm32g0xx_hal_adc.o
    0x080017c4   0x080017c4   0x00000098   Code   RO          380    i.HAL_ADC_MspInit   adc.o
    0x0800185c   0x0800185c   0x000000b4   Code   RO         1833    i.HAL_ADC_Start_DMA  stm32g0xx_hal_adc.o
    0x08001910   0x08001910   0x00000074   Code   RO         2502    i.HAL_DMA_Abort     stm32g0xx_hal_dma.o
    0x08001984   0x08001984   0x0000007c   Code   RO         2503    i.HAL_DMA_Abort_IT  stm32g0xx_hal_dma.o
    0x08001a00   0x08001a00   0x000000b8   Code   RO         2507    i.HAL_DMA_IRQHandler  stm32g0xx_hal_dma.o
    0x08001ab8   0x08001ab8   0x000000a4   Code   RO         2508    i.HAL_DMA_Init      stm32g0xx_hal_dma.o
    0x08001b5c   0x08001b5c   0x0000008c   Code   RO         2512    i.HAL_DMA_Start_IT  stm32g0xx_hal_dma.o
    0x08001be8   0x08001be8   0x00000088   Code   RO         2355    i.HAL_FLASHEx_Erase  stm32g0xx_hal_flash_ex.o
    0x08001c70   0x08001c70   0x0000001c   Code   RO         2250    i.HAL_FLASH_Lock    stm32g0xx_hal_flash.o
    0x08001c8c   0x08001c8c   0x00000060   Code   RO         2255    i.HAL_FLASH_Program  stm32g0xx_hal_flash.o
    0x08001cec   0x08001cec   0x00000028   Code   RO         2257    i.HAL_FLASH_Unlock  stm32g0xx_hal_flash.o
    0x08001d14   0x08001d14   0x0000015c   Code   RO         2435    i.HAL_GPIO_Init     stm32g0xx_hal_gpio.o
    0x08001e70   0x08001e70   0x00000010   Code   RO         2438    i.HAL_GPIO_TogglePin  stm32g0xx_hal_gpio.o
    0x08001e80   0x08001e80   0x0000000c   Code   RO         2439    i.HAL_GPIO_WritePin  stm32g0xx_hal_gpio.o
    0x08001e8c   0x08001e8c   0x0000000c   Code   RO         2964    i.HAL_GetTick       stm32g0xx_hal.o
    0x08001e98   0x08001e98   0x00000064   Code   RO         4745    i.HAL_IWDG_Init     stm32g0xx_hal_iwdg.o
    0x08001efc   0x08001efc   0x00000010   Code   RO         4746    i.HAL_IWDG_Refresh  stm32g0xx_hal_iwdg.o
    0x08001f0c   0x08001f0c   0x00000010   Code   RO         2970    i.HAL_IncTick       stm32g0xx_hal.o
    0x08001f1c   0x08001f1c   0x00000028   Code   RO         2971    i.HAL_Init          stm32g0xx_hal.o
    0x08001f44   0x08001f44   0x00000048   Code   RO         2972    i.HAL_InitTick      stm32g0xx_hal.o
    0x08001f8c   0x08001f8c   0x00000034   Code   RO          637    i.HAL_MspInit       stm32g0xx_hal_msp.o
    0x08001fc0   0x08001fc0   0x00000018   Code   RO         2848    i.HAL_NVIC_EnableIRQ  stm32g0xx_hal_cortex.o
    0x08001fd8   0x08001fd8   0x00000008   Code   RO         2852    i.HAL_NVIC_SetPriority  stm32g0xx_hal_cortex.o
    0x08001fe0   0x08001fe0   0x0000004c   Code   RO         2733    i.HAL_PWREx_ControlVoltageScaling  stm32g0xx_hal_pwr_ex.o
    0x0800202c   0x0800202c   0x00000160   Code   RO         2201    i.HAL_RCCEx_PeriphCLKConfig  stm32g0xx_hal_rcc_ex.o
    0x0800218c   0x0800218c   0x00000158   Code   RO         2091    i.HAL_RCC_ClockConfig  stm32g0xx_hal_rcc.o
    0x080022e4   0x080022e4   0x00000028   Code   RO         2099    i.HAL_RCC_GetPCLK1Freq  stm32g0xx_hal_rcc.o
    0x0800230c   0x0800230c   0x0000008c   Code   RO         2100    i.HAL_RCC_GetSysClockFreq  stm32g0xx_hal_rcc.o
    0x08002398   0x08002398   0x000003e0   Code   RO         2104    i.HAL_RCC_OscConfig  stm32g0xx_hal_rcc.o
    0x08002778   0x08002778   0x00000014   Code   RO         2980    i.HAL_SYSCFG_StrobeDBattpinsConfig  stm32g0xx_hal.o
    0x0800278c   0x0800278c   0x00000018   Code   RO         2854    i.HAL_SYSTICK_CLKSourceConfig  stm32g0xx_hal_cortex.o
    0x080027a4   0x080027a4   0x00000030   Code   RO         2856    i.HAL_SYSTICK_Config  stm32g0xx_hal_cortex.o
    0x080027d4   0x080027d4   0x00000002   Code   RO         3923    i.HAL_TIMEx_Break2Callback  stm32g0xx_hal_tim_ex.o
    0x080027d6   0x080027d6   0x00000002   Code   RO         3924    i.HAL_TIMEx_BreakCallback  stm32g0xx_hal_tim_ex.o
    0x080027d8   0x080027d8   0x00000002   Code   RO         3925    i.HAL_TIMEx_CommutCallback  stm32g0xx_hal_tim_ex.o
    0x080027da   0x080027da   0x00000002   PAD
    0x080027dc   0x080027dc   0x0000006c   Code   RO         3946    i.HAL_TIMEx_MasterConfigSynchronization  stm32g0xx_hal_tim_ex.o
    0x08002848   0x08002848   0x0000004c   Code   RO         3213    i.HAL_TIM_Base_Init  stm32g0xx_hal_tim.o
    0x08002894   0x08002894   0x00000034   Code   RO          441    i.HAL_TIM_Base_MspInit  tim.o
    0x080028c8   0x080028c8   0x0000005c   Code   RO         3218    i.HAL_TIM_Base_Start_IT  stm32g0xx_hal_tim.o
    0x08002924   0x08002924   0x000000d8   Code   RO         3222    i.HAL_TIM_ConfigClockSource  stm32g0xx_hal_tim.o
    0x080029fc   0x080029fc   0x00000002   Code   RO         3247    i.HAL_TIM_IC_CaptureCallback  stm32g0xx_hal_tim.o
    0x080029fe   0x080029fe   0x00000002   PAD
    0x08002a00   0x08002a00   0x00000184   Code   RO         3261    i.HAL_TIM_IRQHandler  stm32g0xx_hal_tim.o
    0x08002b84   0x08002b84   0x00000002   Code   RO         3264    i.HAL_TIM_OC_DelayElapsedCallback  stm32g0xx_hal_tim.o
    0x08002b86   0x08002b86   0x00000002   Code   RO         3291    i.HAL_TIM_PWM_PulseFinishedCallback  stm32g0xx_hal_tim.o
    0x08002b88   0x08002b88   0x0000004c   Code   RO          442    i.HAL_TIM_PeriodElapsedCallback  tim.o
    0x08002bd4   0x08002bd4   0x00000002   Code   RO         3304    i.HAL_TIM_TriggerCallback  stm32g0xx_hal_tim.o
    0x08002bd6   0x08002bd6   0x0000003c   Code   RO         4638    i.HAL_UARTEx_DisableFifoMode  stm32g0xx_hal_uart_ex.o
    0x08002c12   0x08002c12   0x00000002   Code   RO         4231    i.HAL_UARTEx_RxEventCallback  stm32g0xx_hal_uart.o
    0x08002c14   0x08002c14   0x00000002   Code   RO         4645    i.HAL_UARTEx_RxFifoFullCallback  stm32g0xx_hal_uart_ex.o
    0x08002c16   0x08002c16   0x00000048   Code   RO         4646    i.HAL_UARTEx_SetRxFifoThreshold  stm32g0xx_hal_uart_ex.o
    0x08002c5e   0x08002c5e   0x00000046   Code   RO         4647    i.HAL_UARTEx_SetTxFifoThreshold  stm32g0xx_hal_uart_ex.o
    0x08002ca4   0x08002ca4   0x00000002   Code   RO         4649    i.HAL_UARTEx_TxFifoEmptyCallback  stm32g0xx_hal_uart_ex.o
    0x08002ca6   0x08002ca6   0x00000002   Code   RO         4650    i.HAL_UARTEx_WakeupCallback  stm32g0xx_hal_uart_ex.o
    0x08002ca8   0x08002ca8   0x00000002   Code   RO         4247    i.HAL_UART_ErrorCallback  stm32g0xx_hal_uart.o
    0x08002caa   0x08002caa   0x00000002   PAD
    0x08002cac   0x08002cac   0x00000264   Code   RO         4250    i.HAL_UART_IRQHandler  stm32g0xx_hal_uart.o
    0x08002f10   0x08002f10   0x0000006c   Code   RO         4251    i.HAL_UART_Init     stm32g0xx_hal_uart.o
    0x08002f7c   0x08002f7c   0x00000140   Code   RO          504    i.HAL_UART_MspInit  usart.o
    0x080030bc   0x080030bc   0x00000044   Code   RO         4256    i.HAL_UART_Receive_IT  stm32g0xx_hal_uart.o
    0x08003100   0x08003100   0x0000006c   Code   RO          723    i.HAL_UART_RxCpltCallback  modbus.o
    0x0800316c   0x0800316c   0x00000002   Code   RO         4263    i.HAL_UART_TxCpltCallback  stm32g0xx_hal_uart.o
    0x0800316e   0x0800316e   0x00000002   PAD
    0x08003170   0x08003170   0x000000b4   Code   RO          850    i.Hand_KongZhi1     control.o
    0x08003224   0x08003224   0x000000b8   Code   RO          851    i.Hand_KongZhi2     control.o
    0x080032dc   0x080032dc   0x000000b8   Code   RO          852    i.Hand_KongZhi3     control.o
    0x08003394   0x08003394   0x00000002   Code   RO          560    i.HardFault_Handler  stm32g0xx_it.o
    0x08003396   0x08003396   0x00000002   PAD
    0x08003398   0x08003398   0x00000010   Code   RO         1370    i.IWDG_Feed         ec600u.o
    0x080033a8   0x080033a8   0x0000009c   Code   RO          853    i.KongZhi1          control.o
    0x08003444   0x08003444   0x0000009c   Code   RO          854    i.KongZhi2          control.o
    0x080034e0   0x080034e0   0x0000009c   Code   RO          855    i.KongZhi3          control.o
    0x0800357c   0x0800357c   0x0000011c   Code   RO          856    i.KongZhi_guozheng1_hand  control.o
    0x08003698   0x08003698   0x0000011c   Code   RO          857    i.KongZhi_guozheng2_hand  control.o
    0x080037b4   0x080037b4   0x0000011c   Code   RO          858    i.KongZhi_guozheng3_hand  control.o
    0x080038d0   0x080038d0   0x000004a0   Code   RO          859    i.KongZhi_guozheng_1  control.o
    0x08003d70   0x08003d70   0x00000478   Code   RO          860    i.KongZhi_guozheng_2  control.o
    0x080041e8   0x080041e8   0x00000464   Code   RO          861    i.KongZhi_guozheng_3  control.o
    0x0800464c   0x0800464c   0x0000004c   Code   RO         1295    i.LCD_receive       uartlcd.o
    0x08004698   0x08004698   0x00000008   Code   RO         1838    i.LL_ADC_IsEnabled  stm32g0xx_hal_adc.o
    0x080046a0   0x080046a0   0x00000008   Code   RO         1839    i.LL_ADC_REG_IsConversionOngoing  stm32g0xx_hal_adc.o
    0x080046a8   0x080046a8   0x00000010   Code   RO         1840    i.LL_ADC_REG_IsTriggerSourceSWStart  stm32g0xx_hal_adc.o
    0x080046b8   0x080046b8   0x0000000e   Code   RO         1842    i.LL_ADC_SetCommonPathInternalCh  stm32g0xx_hal_adc.o
    0x080046c6   0x080046c6   0x00000016   Code   RO         1843    i.LL_ADC_SetSamplingTimeCommonChannels  stm32g0xx_hal_adc.o
    0x080046dc   0x080046dc   0x000000dc   Code   RO          381    i.MX_ADC1_Init      adc.o
    0x080047b8   0x080047b8   0x00000028   Code   RO          417    i.MX_DMA_Init       dma.o
    0x080047e0   0x080047e0   0x00000134   Code   RO          244    i.MX_GPIO_Init      gpio.o
    0x08004914   0x08004914   0x0000002c   Code   RO         1371    i.MX_IWDG_Init      ec600u.o
    0x08004940   0x08004940   0x00000070   Code   RO          443    i.MX_TIM3_Init      tim.o
    0x080049b0   0x080049b0   0x00000068   Code   RO          505    i.MX_USART1_UART_Init  usart.o
    0x08004a18   0x08004a18   0x00000068   Code   RO          506    i.MX_USART2_UART_Init  usart.o
    0x08004a80   0x08004a80   0x0000003c   Code   RO          507    i.MX_USART3_UART_Init  usart.o
    0x08004abc   0x08004abc   0x0000003c   Code   RO          508    i.MX_USART4_UART_Init  usart.o
    0x08004af8   0x08004af8   0x00000002   Code   RO          561    i.NMI_Handler       stm32g0xx_it.o
    0x08004afa   0x08004afa   0x00000002   PAD
    0x08004afc   0x08004afc   0x00000330   Code   RO         1603    i.NotifyButton      dacailcd.o
    0x08004e2c   0x08004e2c   0x00000002   Code   RO         1608    i.NotifyReadRTC     dacailcd.o
    0x08004e2e   0x08004e2e   0x00000002   PAD
    0x08004e30   0x08004e30   0x00000268   Code   RO         1612    i.NotifyText        dacailcd.o
    0x08005098   0x08005098   0x00000414   Code   RO         1372    i.OPEN_CAT1_2       ec600u.o
    0x080054ac   0x080054ac   0x00000002   Code   RO          562    i.PendSV_Handler    stm32g0xx_it.o
    0x080054ae   0x080054ae   0x00000002   PAD
    0x080054b0   0x080054b0   0x00000084   Code   RO         1616    i.ProcessMessage    dacailcd.o
    0x08005534   0x08005534   0x00000040   Code   RO          724    i.RS4851_Send_Data  modbus.o
    0x08005574   0x08005574   0x00000016   Code   RO         1201    i.ReadFlash         stmflash.o
    0x0800558a   0x0800558a   0x00000038   Code   RO         1767    i.Read_RingBuff_cat  queue.o
    0x080055c2   0x080055c2   0x00000002   PAD
    0x080055c4   0x080055c4   0x00000034   Code   RO         1202    i.Read_all_1        stmflash.o
    0x080055f8   0x080055f8   0x00000138   Code   RO         1373    i.Read_cat          ec600u.o
    0x08005730   0x08005730   0x00000024   Code   RO         1204    i.ReadcontrollerInfo  stmflash.o
    0x08005754   0x08005754   0x00000002   Code   RO          563    i.SVC_Handler       stm32g0xx_it.o
    0x08005756   0x08005756   0x0000001a   Code   RO         1618    i.SendStrings       dacailcd.o
    0x08005770   0x08005770   0x00000040   Code   RO          726    i.Send_control_word  modbus.o
    0x080057b0   0x080057b0   0x000000b8   Code   RO         1619    i.SetTextInt32      dacailcd.o
    0x08005868   0x08005868   0x00000076   Code   RO         1620    i.SetTextValue      dacailcd.o
    0x080058de   0x080058de   0x0000004a   Code   RO         1374    i.StrToHex          ec600u.o
    0x08005928   0x08005928   0x00000008   Code   RO          564    i.SysTick_Handler   stm32g0xx_it.o
    0x08005930   0x08005930   0x0000008c   Code   RO           14    i.SystemClock_Config  main.o
    0x080059bc   0x080059bc   0x00000010   Code   RO         4772    i.SystemInit        system_stm32g0xx.o
    0x080059cc   0x080059cc   0x00000010   Code   RO          565    i.TIM3_IRQHandler   stm32g0xx_it.o
    0x080059dc   0x080059dc   0x00000088   Code   RO         3306    i.TIM_Base_SetConfig  stm32g0xx_hal_tim.o
    0x08005a64   0x08005a64   0x00000016   Code   RO         3317    i.TIM_ETR_SetConfig  stm32g0xx_hal_tim.o
    0x08005a7a   0x08005a7a   0x00000002   PAD
    0x08005a7c   0x08005a7c   0x00000014   Code   RO         3318    i.TIM_ITRx_SetConfig  stm32g0xx_hal_tim.o
    0x08005a90   0x08005a90   0x00000022   Code   RO         3326    i.TIM_TI1_ConfigInputStage  stm32g0xx_hal_tim.o
    0x08005ab2   0x08005ab2   0x00000026   Code   RO         3328    i.TIM_TI2_ConfigInputStage  stm32g0xx_hal_tim.o
    0x08005ad8   0x08005ad8   0x00000060   Code   RO         4651    i.UARTEx_SetNbDataToProcess  stm32g0xx_hal_uart_ex.o
    0x08005b38   0x08005b38   0x000000ca   Code   RO         4265    i.UART_AdvFeatureConfig  stm32g0xx_hal_uart.o
    0x08005c02   0x08005c02   0x00000002   PAD
    0x08005c04   0x08005c04   0x00000064   Code   RO         4266    i.UART_CheckIdleState  stm32g0xx_hal_uart.o
    0x08005c68   0x08005c68   0x00000014   Code   RO         4267    i.UART_DMAAbortOnError  stm32g0xx_hal_uart.o
    0x08005c7c   0x08005c7c   0x00000038   Code   RO         4277    i.UART_EndRxTransfer  stm32g0xx_hal_uart.o
    0x08005cb4   0x08005cb4   0x0000007a   Code   RO         4279    i.UART_RxISR_16BIT  stm32g0xx_hal_uart.o
    0x08005d2e   0x08005d2e   0x00000002   PAD
    0x08005d30   0x08005d30   0x0000013c   Code   RO         4280    i.UART_RxISR_16BIT_FIFOEN  stm32g0xx_hal_uart.o
    0x08005e6c   0x08005e6c   0x0000007a   Code   RO         4281    i.UART_RxISR_8BIT   stm32g0xx_hal_uart.o
    0x08005ee6   0x08005ee6   0x00000002   PAD
    0x08005ee8   0x08005ee8   0x0000013c   Code   RO         4282    i.UART_RxISR_8BIT_FIFOEN  stm32g0xx_hal_uart.o
    0x08006024   0x08006024   0x00000198   Code   RO         4283    i.UART_SetConfig    stm32g0xx_hal_uart.o
    0x080061bc   0x080061bc   0x000000e0   Code   RO         4285    i.UART_Start_Receive_IT  stm32g0xx_hal_uart.o
    0x0800629c   0x0800629c   0x0000009c   Code   RO         4290    i.UART_WaitOnFlagUntilTimeout  stm32g0xx_hal_uart.o
    0x08006338   0x08006338   0x00000010   Code   RO          566    i.USART1_IRQHandler  stm32g0xx_it.o
    0x08006348   0x08006348   0x00000010   Code   RO          567    i.USART2_IRQHandler  stm32g0xx_it.o
    0x08006358   0x08006358   0x00000018   Code   RO          568    i.USART3_4_IRQHandler  stm32g0xx_it.o
    0x08006370   0x08006370   0x00000014   Code   RO          727    i.USART_Send_Data_1  modbus.o
    0x08006384   0x08006384   0x00000020   Code   RO         1377    i.Uart2_SendDATA    ec600u.o
    0x080063a4   0x080063a4   0x0000001c   Code   RO         1378    i.Uart2_SendStr     ec600u.o
    0x080063c0   0x080063c0   0x00000048   Code   RO         1380    i.Uart4_SendStr     ec600u.o
    0x08006408   0x08006408   0x00000034   Code   RO          862    i.Win_Word_parse_mast  control.o
    0x0800643c   0x0800643c   0x00000078   Code   RO         1206    i.WriteFlash        stmflash.o
    0x080064b4   0x080064b4   0x00000034   Code   RO         1770    i.Write_RingBuff_cat  queue.o
    0x080064e8   0x080064e8   0x00000024   Code   RO         1207    i.WritecontrollerInfo  stmflash.o
    0x0800650c   0x0800650c   0x00000028   Code   RO         5031    i.__0sprintf$8      mc_p.l(printf8.o)
    0x08006534   0x08006534   0x0000001a   Code   RO         1051    i.__ARM_common_switch8  control.o
    0x0800654e   0x0800654e   0x00000002   PAD
    0x08006550   0x08006550   0x00000044   Code   RO         2858    i.__NVIC_SetPriority  stm32g0xx_hal_cortex.o
    0x08006594   0x08006594   0x00000008   Code   RO         5106    i.__aeabi_errno_addr  mc_p.l(errno.o)
    0x0800659c   0x0800659c   0x0000000e   Code   RO         5183    i.__scatterload_copy  mc_p.l(handlers.o)
    0x080065aa   0x080065aa   0x00000002   Code   RO         5184    i.__scatterload_null  mc_p.l(handlers.o)
    0x080065ac   0x080065ac   0x0000000e   Code   RO         5185    i.__scatterload_zeroinit  mc_p.l(handlers.o)
    0x080065ba   0x080065ba   0x00000002   PAD
    0x080065bc   0x080065bc   0x00000428   Code   RO         5036    i._printf_core      mc_p.l(printf8.o)
    0x080069e4   0x080069e4   0x00000020   Code   RO         5037    i._printf_post_padding  mc_p.l(printf8.o)
    0x08006a04   0x08006a04   0x0000002c   Code   RO         5038    i._printf_pre_padding  mc_p.l(printf8.o)
    0x08006a30   0x08006a30   0x0000000a   Code   RO         5040    i._sputc            mc_p.l(printf8.o)
    0x08006a3a   0x08006a3a   0x00000002   PAD
    0x08006a3c   0x08006a3c   0x000005f8   Code   RO         1381    i.all_cat_senddata  ec600u.o
    0x08007034   0x08007034   0x00000034   Code   RO         1382    i.cat1_excute       ec600u.o
    0x08007068   0x08007068   0x0000004c   Code   RO         1383    i.cat1_receive      ec600u.o
    0x080070b4   0x080070b4   0x00000020   Code   RO         1384    i.cat1_timeadd      ec600u.o
    0x080070d4   0x080070d4   0x00000174   Code   RO         1385    i.clear_alarm       ec600u.o
    0x08007248   0x08007248   0x00000060   Code   RO          863    i.control_wait      control.o
    0x080072a8   0x080072a8   0x00000054   Code   RO          864    i.control_wait_s    control.o
    0x080072fc   0x080072fc   0x00000030   Code   RO          729    i.crc16             modbus.o
    0x0800732c   0x0800732c   0x00000014   Code   RO          657    i.delay_init        delay.o
    0x08007340   0x08007340   0x0000001a   Code   RO          658    i.delay_ms          delay.o
    0x0800735a   0x0800735a   0x00000002   PAD
    0x0800735c   0x0800735c   0x00000034   Code   RO          659    i.delay_us          delay.o
    0x08007390   0x08007390   0x00000018   Code   RO         1386    i.fat_cmdres_keyword_matching  ec600u.o
    0x080073a8   0x080073a8   0x00000044   Code   RO         1387    i.fat_send_Ncmd     ec600u.o
    0x080073ec   0x080073ec   0x00000040   Code   RO         1388    i.fat_send_Ncmd_2   ec600u.o
    0x0800742c   0x0800742c   0x0000003c   Code   RO         1389    i.fat_send_cmd      ec600u.o
    0x08007468   0x08007468   0x00000028   Code   RO         1391    i.fat_send_wait     ec600u.o
    0x08007490   0x08007490   0x000000f8   Code   RO          865    i.hand_have_protection_1  control.o
    0x08007588   0x08007588   0x000000f8   Code   RO          866    i.hand_have_protection_2  control.o
    0x08007680   0x08007680   0x000000f8   Code   RO          867    i.hand_have_protection_3  control.o
    0x08007778   0x08007778   0x00000014   Code   RO          868    i.hand_no_protection  control.o
    0x0800778c   0x0800778c   0x00000684   Code   RO           16    i.main              main.o
    0x08007e10   0x08007e10   0x00000044   Code   RO         1392    i.match_csq         ec600u.o
    0x08007e54   0x08007e54   0x00000058   Code   RO         1393    i.match_recv_topic  ec600u.o
    0x08007eac   0x08007eac   0x000001a4   Code   RO         1394    i.module_data3      ec600u.o
    0x08008050   0x08008050   0x00000044   Code   RO          731    i.moud_excute1_mast  modbus.o
    0x08008094   0x08008094   0x00000030   Code   RO          733    i.moud_recave       modbus.o
    0x080080c4   0x080080c4   0x00000024   Code   RO          734    i.moud_timejia      modbus.o
    0x080080e8   0x080080e8   0x0000003c   Code   RO         1395    i.myitoa2           ec600u.o
    0x08008124   0x08008124   0x00000064   Code   RO         1622    i.queue_find_cmd    dacailcd.o
    0x08008188   0x08008188   0x00000020   Code   RO         1623    i.queue_pop         dacailcd.o
    0x080081a8   0x080081a8   0x00000028   Code   RO         1624    i.queue_push        dacailcd.o
    0x080081d0   0x080081d0   0x00000018   Code   RO         1625    i.queue_reset       dacailcd.o
    0x080081e8   0x080081e8   0x00000020   Code   RO         1626    i.queue_size        dacailcd.o
    0x08008208   0x08008208   0x0000000c   Code   RO          736    i.send_int8_Data_1  modbus.o
    0x08008214   0x08008214   0x000001dc   Code   RO          869    i.store_bridge      control.o
    0x080083f0   0x080083f0   0x0000006c   Code   RO         1209    i.sure_write_eepall_1  stmflash.o
    0x0800845c   0x0800845c   0x00000058   Code   RO          870    i.valve_hand        control.o
    0x080084b4   0x080084b4   0x00000028   Code   RO         1210    i.write_eepall_1    stmflash.o
    0x080084dc   0x080084dc   0x0000001c   Code   RO          871    i.zhuangtai_chushihua  control.o
    0x080084f8   0x080084f8   0x00000018   Data   RO         4291    .constdata          stm32g0xx_hal_uart.o
    0x08008510   0x08008510   0x00000040   Data   RO         4773    .constdata          system_stm32g0xx.o
    0x08008550   0x08008550   0x00000020   Data   RO         4774    .constdata          system_stm32g0xx.o
    0x08008570   0x08008570   0x00000081   Data   RO         5143    .constdata          mc_p.l(ctype_o.o)
    0x080085f1   0x080085f1   0x00000003   PAD
    0x080085f4   0x080085f4   0x00000004   Data   RO         5144    .constdata          mc_p.l(ctype_o.o)
    0x080085f8   0x080085f8   0x00000020   Data   RO         5181    Region$$Table       anon$$obj.o


    Execution Region RW_IRAM1 (Exec base: 0x20000000, Load base: 0x08008618, Size: 0x00001810, Max: 0x00009000, ABSOLUTE, COMPRESSED[0x00000158])

    Exec Addr    Load Addr    Size         Type   Attr      Idx    E Section Name        Object

    0x20000000   COMPRESSED   0x0000000a   Data   RW           18    .data               main.o
    0x2000000a   COMPRESSED   0x00000006   Data   RW          445    .data               tim.o
    0x20000010   COMPRESSED   0x00000004   Data   RW          660    .data               delay.o
    0x20000014   COMPRESSED   0x00000210   Data   RW          738    .data               modbus.o
    0x20000224   COMPRESSED   0x00000002   Data   RW          740    .data               modbus.o
    0x20000226   COMPRESSED   0x000000c2   Data   RW          873    .data               control.o
    0x200002e8   COMPRESSED   0x00000001   Data   RW          878    .data               control.o
    0x200002e9   COMPRESSED   0x00000001   Data   RW          879    .data               control.o
    0x200002ea   COMPRESSED   0x00000001   Data   RW          880    .data               control.o
    0x200002eb   COMPRESSED   0x00000001   Data   RW          881    .data               control.o
    0x200002ec   COMPRESSED   0x00000001   Data   RW          882    .data               control.o
    0x200002ed   COMPRESSED   0x00000001   PAD
    0x200002ee   COMPRESSED   0x00000002   Data   RW          883    .data               control.o
    0x200002f0   COMPRESSED   0x00000001   Data   RW          884    .data               control.o
    0x200002f1   COMPRESSED   0x00000001   Data   RW          885    .data               control.o
    0x200002f2   COMPRESSED   0x00000001   Data   RW          886    .data               control.o
    0x200002f3   COMPRESSED   0x00000001   Data   RW          887    .data               control.o
    0x200002f4   COMPRESSED   0x00000008   Data   RW          888    .data               control.o
    0x200002fc   COMPRESSED   0x00000004   Data   RW          890    .data               control.o
    0x20000300   COMPRESSED   0x00000004   Data   RW          891    .data               control.o
    0x20000304   COMPRESSED   0x00000004   Data   RW          892    .data               control.o
    0x20000308   COMPRESSED   0x00000004   Data   RW          893    .data               control.o
    0x2000030c   COMPRESSED   0x00000004   Data   RW          894    .data               control.o
    0x20000310   COMPRESSED   0x00000004   Data   RW          895    .data               control.o
    0x20000314   COMPRESSED   0x00000004   Data   RW          896    .data               control.o
    0x20000318   COMPRESSED   0x00000004   Data   RW          897    .data               control.o
    0x2000031c   COMPRESSED   0x00000004   Data   RW          898    .data               control.o
    0x20000320   COMPRESSED   0x00000004   Data   RW          899    .data               control.o
    0x20000324   COMPRESSED   0x00000004   Data   RW          900    .data               control.o
    0x20000328   COMPRESSED   0x00000004   Data   RW          901    .data               control.o
    0x2000032c   COMPRESSED   0x00000004   Data   RW          902    .data               control.o
    0x20000330   COMPRESSED   0x00000004   Data   RW          903    .data               control.o
    0x20000334   COMPRESSED   0x00000004   Data   RW          904    .data               control.o
    0x20000338   COMPRESSED   0x00000004   Data   RW          905    .data               control.o
    0x2000033c   COMPRESSED   0x00000004   Data   RW          906    .data               control.o
    0x20000340   COMPRESSED   0x00000004   Data   RW          907    .data               control.o
    0x20000344   COMPRESSED   0x00000004   Data   RW          908    .data               control.o
    0x20000348   COMPRESSED   0x00000004   Data   RW          910    .data               control.o
    0x2000034c   COMPRESSED   0x00000004   Data   RW          911    .data               control.o
    0x20000350   COMPRESSED   0x00000004   Data   RW          912    .data               control.o
    0x20000354   COMPRESSED   0x00000004   Data   RW          913    .data               control.o
    0x20000358   COMPRESSED   0x00000004   Data   RW          914    .data               control.o
    0x2000035c   COMPRESSED   0x00000002   Data   RW          916    .data               control.o
    0x2000035e   COMPRESSED   0x00000002   Data   RW          917    .data               control.o
    0x20000360   COMPRESSED   0x00000002   Data   RW          918    .data               control.o
    0x20000362   COMPRESSED   0x00000002   Data   RW          919    .data               control.o
    0x20000364   COMPRESSED   0x00000002   Data   RW          920    .data               control.o
    0x20000366   COMPRESSED   0x00000002   PAD
    0x20000368   COMPRESSED   0x00000014   Data   RW         1214    .data               stmflash.o
    0x2000037c   COMPRESSED   0x000000c8   Data   RW         1217    .data               stmflash.o
    0x20000444   COMPRESSED   0x00000006   Data   RW         1301    .data               uartlcd.o
    0x2000044a   COMPRESSED   0x00000002   PAD
    0x2000044c   COMPRESSED   0x0000011a   Data   RW         1398    .data               ec600u.o
    0x20000566   COMPRESSED   0x00000002   PAD
    0x20000568   COMPRESSED   0x0000000c   Data   RW         1628    .data               dacailcd.o
    0x20000574   COMPRESSED   0x0000000c   Data   RW         2983    .data               stm32g0xx_hal.o
    0x20000580   COMPRESSED   0x00000004   Data   RW         4775    .data               system_stm32g0xx.o
    0x20000584   COMPRESSED   0x00000004   Data   RW         5109    .data               mc_p.l(errno.o)
    0x20000588        -       0x0000000a   Zero   RW           17    .bss                main.o
    0x20000592   COMPRESSED   0x00000002   PAD
    0x20000594        -       0x000000c0   Zero   RW          382    .bss                adc.o
    0x20000654        -       0x0000004c   Zero   RW          444    .bss                tim.o
    0x200006a0        -       0x00000240   Zero   RW          509    .bss                usart.o
    0x200008e0        -       0x0000001e   Zero   RW          737    .bss                modbus.o
    0x200008fe        -       0x00000040   Zero   RW          872    .bss                control.o
    0x2000093e   COMPRESSED   0x00000002   PAD
    0x20000940        -       0x00000588   Zero   RW         1212    .bss                stmflash.o
    0x20000ec8        -       0x0000001e   Zero   RW         1300    .bss                uartlcd.o
    0x20000ee6   COMPRESSED   0x00000002   PAD
    0x20000ee8        -       0x000003fc   Zero   RW         1397    .bss                ec600u.o
    0x200012e4        -       0x000000c4   Zero   RW         1627    .bss                dacailcd.o
    0x200013a8        -       0x00000046   Zero   RW         1771    .bss                queue.o
    0x200013ee   COMPRESSED   0x00000002   PAD
    0x200013f0        -       0x0000001c   Zero   RW         2258    .bss                stm32g0xx_hal_flash.o
    0x2000140c   COMPRESSED   0x00000004   PAD
    0x20001410        -       0x00000400   Zero   RW            1    STACK               startup_stm32g070xx.o


==============================================================================

Image component sizes


      Code (inc. data)   RO Data    RW Data    ZI Data      Debug   Object Name

       372         42          0          0        192       1851   adc.o
      7394        364          0        319         64      29420   control.o
      2286        206          0         12        196      15233   dacailcd.o
        98         12          0          4          0       1835   delay.o
        40          4          0          0          0        750   dma.o
      5454       1202          0        282       1020      26522   ec600u.o
       308         22          0          0          0     425741   gpio.o
      1824        276          0         10         10     360329   main.o
       468         82          0        530         30       5987   modbus.o
       108          0          0          0         70       2436   queue.o
        28          8        184          0       1024        628   startup_stm32g070xx.o
       160         26          0         12          0      16336   stm32g0xx_hal.o
      1828        106          0          0          0      44213   stm32g0xx_hal_adc.o
       160          6          0          0          0      33442   stm32g0xx_hal_adc_ex.o
       172         28          0          0          0      12723   stm32g0xx_hal_cortex.o
       888         42          0          0          0       6306   stm32g0xx_hal_dma.o
       344         56          0          0         28      16926   stm32g0xx_hal_flash.o
       188         24          0          0          0       2838   stm32g0xx_hal_flash_ex.o
       376         18          0          0          0       2889   stm32g0xx_hal_gpio.o
       116         20          0          0          0       1763   stm32g0xx_hal_iwdg.o
        52          6          0          0          0        846   stm32g0xx_hal_msp.o
        76         14          0          0          0        746   stm32g0xx_hal_pwr_ex.o
      1516         88          0          0          0      20233   stm32g0xx_hal_rcc.o
       352         14          0          0          0       1652   stm32g0xx_hal_rcc_ex.o
      1030         58          0          0          0       9569   stm32g0xx_hal_tim.o
       114         12          0          0          0       2976   stm32g0xx_hal_tim_ex.o
      2836        106         24          0          0      33786   stm32g0xx_hal_uart.o
       304         16          0          0          0       5270   stm32g0xx_hal_uart_ex.o
       104         32          0          0          0       4510   stm32g0xx_it.o
       414         56          0        220       1416       6835   stmflash.o
        16          6         96          4          0       1159   system_stm32g0xx.o
       240         38          0          6         76       4192   tim.o
        76         14          0          6         30       1444   uartlcd.o
       648         64          0          0        576       3637   usart.o

    ----------------------------------------------------------------------
     30420       3068        336       1412       4744    1105023   Object Totals
         0          0         32          0          0          0   (incl. Generated)
        30          0          0          7         12          0   (incl. Padding)

    ----------------------------------------------------------------------

      Code (inc. data)   RO Data    RW Data    ZI Data      Debug   Library Member Name

        60         10          0          0          0         84   __0sscanf.o
        86          0          0          0          0          0   __dczerorl2.o
        30          0          0          0          0         60   _chval.o
       824         12          0          0          0         84   _scanf.o
       330          0          0          0          0         84   _scanf_int.o
        68          0          0          0          0         76   _sgetc.o
       166          0          0          0          0         84   _strtoul.o
        26          0          0          0          0         72   atoi.o
         8          4        133          0          0         60   ctype_o.o
         0          0          0          0          0          0   entry.o
         0          0          0          0          0          0   entry10a.o
         0          0          0          0          0          0   entry11a.o
         8          4          0          0          0          0   entry2.o
         4          0          0          0          0          0   entry5.o
         0          0          0          0          0          0   entry7b.o
         0          0          0          0          0          0   entry8b.o
         8          4          0          0          0          0   entry9a.o
         8          4          0          4          0         60   errno.o
        30          0          0          0          0          0   handlers.o
        36          8          0          0          0         68   init.o
        18          0          0          0          0         68   isspace_o.o
        32          0          0          0          0         68   llshl.o
        34          0          0          0          0         68   llushr.o
        36          0          0          0          0         60   memcpya.o
        36          0          0          0          0        100   memseta.o
      1190         48          0          0          0        384   printf8.o
        44          8          0          0          0         84   scanf_char.o
        24          0          0          0          0         60   strcat.o
        14          0          0          0          0         60   strlen.o
        40          0          0          0          0         72   strstr.o
       112          4          0          0          0         76   strtol.o
        12          0          0          0          0         60   toupper.o
        44          0          0          0          0         72   uidiv.o
        96          0          0          0          0         84   uldiv.o

    ----------------------------------------------------------------------
      3436        106        136          4          0       2048   Library Totals
        12          0          3          0          0          0   (incl. Padding)

    ----------------------------------------------------------------------

      Code (inc. data)   RO Data    RW Data    ZI Data      Debug   Library Name

      3424        106        133          4          0       2048   mc_p.l

    ----------------------------------------------------------------------
      3436        106        136          4          0       2048   Library Totals

    ----------------------------------------------------------------------

==============================================================================


      Code (inc. data)   RO Data    RW Data    ZI Data      Debug   

     33856       3174        472       1416       4744    1096911   Grand Totals
     33856       3174        472        344       4744    1096911   ELF Image Totals (compressed)
     33856       3174        472        344          0          0   ROM Totals

==============================================================================

    Total RO  Size (Code + RO Data)                34328 (  33.52kB)
    Total RW  Size (RW Data + ZI Data)              6160 (   6.02kB)
    Total ROM Size (Code + RO Data + RW Data)      34672 (  33.86kB)

==============================================================================

